../Core/Src/main.c:92:5:main	1
../Core/Src/main.c:171:6:SystemClock_Config	3
../Core/Src/main.c:211:13:MX_ADC1_Init	6
../Core/Src/main.c:291:13:MX_I2C1_Init	2
../Core/Src/main.c:323:13:MX_DMA_Init	1
../Core/Src/main.c:341:13:MX_GPIO_Init	1
../Core/Src/main.c:364:8:get_note_from_frequency	15
../Core/Src/main.c:382:10:calculate_fft_and_find_frequency	3
../Core/Src/main.c:416:6:HAL_ADC_ConvCpltCallback	2
../Core/Src/main.c:435:6:StartDefaultTask	1
../Core/Src/main.c:470:6:HAL_TIM_PeriodElapsedCallback	2
../Core/Src/main.c:487:6:Error_Handler	1
