../Core/Src/main.c:92:5:main	48	static
../Core/Src/main.c:171:6:SystemClock_Config	88	static
../Core/Src/main.c:211:13:MX_ADC1_Init	56	static
../Core/Src/main.c:291:13:MX_I2C1_Init	8	static
../Core/Src/main.c:323:13:MX_DMA_Init	16	static
../Core/Src/main.c:341:13:MX_GPIO_Init	40	static
../Core/Src/main.c:364:8:get_note_from_frequency	16	static
../Core/Src/main.c:382:10:calculate_fft_and_find_frequency	64	static
../Core/Src/main.c:416:6:HAL_ADC_ConvCpltCallback	24	static,ignoring_inline_asm
../Core/Src/main.c:435:6:StartDefaultTask	24	static
../Core/Src/main.c:470:6:HAL_TIM_PeriodElapsedCallback	16	static
../Core/Src/main.c:487:6:Error_Handler	4	static,ignoring_inline_asm
