../Core/Src/main.c:88:5:main	48	static
../Core/Src/main.c:166:6:SystemClock_Config	88	static
../Core/Src/main.c:206:13:MX_ADC1_Init	56	static
../Core/Src/main.c:286:13:MX_I2C1_Init	8	static
../Core/Src/main.c:318:13:MX_DMA_Init	16	static
../Core/Src/main.c:336:13:MX_GPIO_Init	40	static
../Core/Src/main.c:359:9:get_note_from_frequency	16	static
../Core/Src/main.c:375:12:calculate_fft_and_find_frequency	56	static
../Core/Src/main.c:419:6:StartDefaultTask	48	static
../Core/Src/main.c:463:6:HAL_TIM_PeriodElapsedCallback	16	static
../Core/Src/main.c:480:6:Error_Handler	4	static,ignoring_inline_asm
