../Core/Src/ssd1306.c:60:6:SSD1306_ScrollRight	16	static
../Core/Src/ssd1306.c:73:6:SSD1306_ScrollLeft	16	static
../Core/Src/ssd1306.c:86:6:SSD1306_Scrolldiagright	16	static
../Core/Src/ssd1306.c:102:6:SSD1306_Scrolldiagleft	16	static
../Core/Src/ssd1306.c:118:6:SSD1306_Stopscroll	8	static
../Core/Src/ssd1306.c:125:6:SSD1306_InvertDisplay	16	static
../Core/Src/ssd1306.c:134:6:SSD1306_DrawBitmap	32	static
../Core/Src/ssd1306.c:158:9:SSD1306_PutIntU	40	static
../Core/Src/ssd1306.c:180:9:SSD1306_Init	16	static
../Core/Src/ssd1306.c:246:6:SSD1306_UpdateScreen	16	static
../Core/Src/ssd1306.c:259:6:SSD1306_ToggleInvert	16	static
../Core/Src/ssd1306.c:271:6:SSD1306_Fill	16	static
../Core/Src/ssd1306.c:276:6:SSD1306_DrawPixel	16	static
../Core/Src/ssd1306.c:298:6:SSD1306_GotoXY	16	static
../Core/Src/ssd1306.c:304:6:SSD1306_Putc	32	static
../Core/Src/ssd1306.c:335:6:SSD1306_Puts	24	static
../Core/Src/ssd1306.c:353:6:SSD1306_DrawLine	40	static
../Core/Src/ssd1306.c:437:6:SSD1306_DrawRectangle	32	static
../Core/Src/ssd1306.c:462:6:SSD1306_DrawFilledRectangle	40	static
../Core/Src/ssd1306.c:489:6:SSD1306_DrawTriangle	32	static
../Core/Src/ssd1306.c:497:6:SSD1306_DrawFilledTriangle	64	static
../Core/Src/ssd1306.c:553:6:SSD1306_DrawCircle	40	static
../Core/Src/ssd1306.c:587:6:SSD1306_DrawFilledCircle	48	static
../Core/Src/ssd1306.c:620:6:SSD1306_Clear	8	static
../Core/Src/ssd1306.c:625:6:SSD1306_ON	8	static
../Core/Src/ssd1306.c:630:6:SSD1306_OFF	8	static
../Core/Src/ssd1306.c:646:6:ssd1306_I2C_Init	16	static
../Core/Src/ssd1306.c:658:6:ssd1306_I2C_WriteMulti	296	static
../Core/Src/ssd1306.c:668:6:ssd1306_I2C_Write	32	static
