Archive member included to satisfy reference by file (symbol)

/home/xxx/Escritorio/test_adc_nucleo/Drivers/CMSIS/DSP_libraries/Lib/GCC/libarm_cortexM4lf_math.a(arm_max_f32.o)
                              ./Core/Src/main.o (arm_max_f32)
/home/xxx/Escritorio/test_adc_nucleo/Drivers/CMSIS/DSP_libraries/Lib/GCC/libarm_cortexM4lf_math.a(arm_rfft_fast_init_f32.o)
                              ./Core/Src/main.o (arm_rfft_fast_init_f32)
/home/xxx/Escritorio/test_adc_nucleo/Drivers/CMSIS/DSP_libraries/Lib/GCC/libarm_cortexM4lf_math.a(arm_rfft_fast_f32.o)
                              ./Core/Src/main.o (arm_rfft_fast_f32)
/home/xxx/Escritorio/test_adc_nucleo/Drivers/CMSIS/DSP_libraries/Lib/GCC/libarm_cortexM4lf_math.a(arm_cfft_f32.o)
                              /home/xxx/Escritorio/test_adc_nucleo/Drivers/CMSIS/DSP_libraries/Lib/GCC/libarm_cortexM4lf_math.a(arm_rfft_fast_f32.o) (arm_cfft_f32)
/home/xxx/Escritorio/test_adc_nucleo/Drivers/CMSIS/DSP_libraries/Lib/GCC/libarm_cortexM4lf_math.a(arm_bitreversal2.o)
                              /home/xxx/Escritorio/test_adc_nucleo/Drivers/CMSIS/DSP_libraries/Lib/GCC/libarm_cortexM4lf_math.a(arm_cfft_f32.o) (arm_bitreversal_32)
/home/xxx/Escritorio/test_adc_nucleo/Drivers/CMSIS/DSP_libraries/Lib/GCC/libarm_cortexM4lf_math.a(arm_cmplx_mag_f32.o)
                              ./Core/Src/main.o (arm_cmplx_mag_f32)
/home/xxx/Escritorio/test_adc_nucleo/Drivers/CMSIS/DSP_libraries/Lib/GCC/libarm_cortexM4lf_math.a(arm_common_tables.o)
                              /home/xxx/Escritorio/test_adc_nucleo/Drivers/CMSIS/DSP_libraries/Lib/GCC/libarm_cortexM4lf_math.a(arm_rfft_fast_init_f32.o) (twiddleCoef_rfft_4096)
/home/xxx/Escritorio/test_adc_nucleo/Drivers/CMSIS/DSP_libraries/Lib/GCC/libarm_cortexM4lf_math.a(arm_cfft_radix8_f32.o)
                              /home/xxx/Escritorio/test_adc_nucleo/Drivers/CMSIS/DSP_libraries/Lib/GCC/libarm_cortexM4lf_math.a(arm_cfft_f32.o) (arm_radix8_butterfly_f32)
/opt/st/stm32cubeide_1.13.2/plugins/com.st.stm32cube.ide.mcu.externaltools.gnu-tools-for-stm32.11.3.rel1.linux64_1.1.1.202309131626/tools/bin/../lib/gcc/arm-none-eabi/11.3.1/../../../../arm-none-eabi/lib/thumb/v7e-m+fp/hard/libc_nano.a(libc_a-exit.o)
                              /opt/st/stm32cubeide_1.13.2/plugins/com.st.stm32cube.ide.mcu.externaltools.gnu-tools-for-stm32.11.3.rel1.linux64_1.1.1.202309131626/tools/bin/../lib/gcc/arm-none-eabi/11.3.1/../../../../arm-none-eabi/lib/thumb/v7e-m+fp/hard/crt0.o (exit)
/opt/st/stm32cubeide_1.13.2/plugins/com.st.stm32cube.ide.mcu.externaltools.gnu-tools-for-stm32.11.3.rel1.linux64_1.1.1.202309131626/tools/bin/../lib/gcc/arm-none-eabi/11.3.1/../../../../arm-none-eabi/lib/thumb/v7e-m+fp/hard/libc_nano.a(libc_a-findfp.o)
                              ./Middlewares/Third_Party/FreeRTOS/Source/tasks.o (__sf)
/opt/st/stm32cubeide_1.13.2/plugins/com.st.stm32cube.ide.mcu.externaltools.gnu-tools-for-stm32.11.3.rel1.linux64_1.1.1.202309131626/tools/bin/../lib/gcc/arm-none-eabi/11.3.1/../../../../arm-none-eabi/lib/thumb/v7e-m+fp/hard/libc_nano.a(libc_a-fwalk.o)
                              /opt/st/stm32cubeide_1.13.2/plugins/com.st.stm32cube.ide.mcu.externaltools.gnu-tools-for-stm32.11.3.rel1.linux64_1.1.1.202309131626/tools/bin/../lib/gcc/arm-none-eabi/11.3.1/../../../../arm-none-eabi/lib/thumb/v7e-m+fp/hard/libc_nano.a(libc_a-findfp.o) (_fwalk_sglue)
/opt/st/stm32cubeide_1.13.2/plugins/com.st.stm32cube.ide.mcu.externaltools.gnu-tools-for-stm32.11.3.rel1.linux64_1.1.1.202309131626/tools/bin/../lib/gcc/arm-none-eabi/11.3.1/../../../../arm-none-eabi/lib/thumb/v7e-m+fp/hard/libc_nano.a(libc_a-sprintf.o)
                              ./Core/Src/main.o (sprintf)
/opt/st/stm32cubeide_1.13.2/plugins/com.st.stm32cube.ide.mcu.externaltools.gnu-tools-for-stm32.11.3.rel1.linux64_1.1.1.202309131626/tools/bin/../lib/gcc/arm-none-eabi/11.3.1/../../../../arm-none-eabi/lib/thumb/v7e-m+fp/hard/libc_nano.a(libc_a-stdio.o)
                              /opt/st/stm32cubeide_1.13.2/plugins/com.st.stm32cube.ide.mcu.externaltools.gnu-tools-for-stm32.11.3.rel1.linux64_1.1.1.202309131626/tools/bin/../lib/gcc/arm-none-eabi/11.3.1/../../../../arm-none-eabi/lib/thumb/v7e-m+fp/hard/libc_nano.a(libc_a-findfp.o) (__sread)
/opt/st/stm32cubeide_1.13.2/plugins/com.st.stm32cube.ide.mcu.externaltools.gnu-tools-for-stm32.11.3.rel1.linux64_1.1.1.202309131626/tools/bin/../lib/gcc/arm-none-eabi/11.3.1/../../../../arm-none-eabi/lib/thumb/v7e-m+fp/hard/libc_nano.a(libc_a-memset.o)
                              /opt/st/stm32cubeide_1.13.2/plugins/com.st.stm32cube.ide.mcu.externaltools.gnu-tools-for-stm32.11.3.rel1.linux64_1.1.1.202309131626/tools/bin/../lib/gcc/arm-none-eabi/11.3.1/../../../../arm-none-eabi/lib/thumb/v7e-m+fp/hard/crt0.o (memset)
[...]
Memory Configuration

Name             Origin             Length             Attributes
RAM              0x0000000020000000 0x0000000000018000 xrw
FLASH            0x0000000008000000 0x0000000000080000 xr
*default*        0x0000000000000000 0xffffffffffffffff

Linker script and memory map

LOAD /opt/st/stm32cubeide_1.13.2/plugins/com.st.stm32cube.ide.mcu.externaltools.gnu-tools-for-stm32.11.3.rel1.linux64_1.1.1.202309131626/tools/bin/../lib/gcc/arm-none-eabi/11.3.1/thumb/v7e-m+fp/hard/crti.o
LOAD /opt/st/stm32cubeide_1.13.2/plugins/com.st.stm32cube.ide.mcu.externaltools.gnu-tools-for-stm32.11.3.rel1.linux64_1.1.1.202309131626/tools/bin/../lib/gcc/arm-none-eabi/11.3.1/thumb/v7e-m+fp/hard/crtbegin.o
LOAD /opt/st/stm32cubeide_1.13.2/plugins/com.st.stm32cube.ide.mcu.externaltools.gnu-tools-for-stm32.11.3.rel1.linux64_1.1.1.202309131626/tools/bin/../lib/gcc/arm-none-eabi/11.3.1/../../../../arm-none-eabi/lib/thumb/v7e-m+fp/hard/crt0.o
LOAD ./Core/Src/fonts.o
LOAD ./Core/Src/freertos.o
LOAD ./Core/Src/main.o
LOAD ./Core/Src/ssd1306.o
LOAD ./Core/Src/stm32f4xx_hal_msp.o
LOAD ./Core/Src/stm32f4xx_hal_timebase_tim.o
LOAD ./Core/Src/stm32f4xx_it.o
LOAD ./Core/Src/syscalls.o
LOAD ./Core/Src/sysmem.o
LOAD ./Core/Src/system_stm32f4xx.o
LOAD ./Core/Startup/startup_stm32f401retx.o
LOAD ./Drivers/STM32F4xx_HAL_Driver/Src/stm32f4xx_hal.o
LOAD ./Drivers/STM32F4xx_HAL_Driver/Src/stm32f4xx_hal_adc.o
LOAD ./Drivers/STM32F4xx_HAL_Driver/Src/stm32f4xx_hal_adc_ex.o
LOAD ./Drivers/STM32F4xx_HAL_Driver/Src/stm32f4xx_hal_cortex.o
LOAD ./Drivers/STM32F4xx_HAL_Driver/Src/stm32f4xx_hal_dma.o
LOAD ./Drivers/STM32F4xx_HAL_Driver/Src/stm32f4xx_hal_dma_ex.o
LOAD ./Drivers/STM32F4xx_HAL_Driver/Src/stm32f4xx_hal_exti.o
LOAD ./Drivers/STM32F4xx_HAL_Driver/Src/stm32f4xx_hal_flash.o
LOAD ./Drivers/STM32F4xx_HAL_Driver/Src/stm32f4xx_hal_flash_ex.o
LOAD ./Drivers/STM32F4xx_HAL_Driver/Src/stm32f4xx_hal_flash_ramfunc.o
LOAD ./Drivers/STM32F4xx_HAL_Driver/Src/stm32f4xx_hal_gpio.o
LOAD ./Drivers/STM32F4xx_HAL_Driver/Src/stm32f4xx_hal_i2c.o
LOAD ./Drivers/STM32F4xx_HAL_Driver/Src/stm32f4xx_hal_i2c_ex.o
LOAD ./Drivers/STM32F4xx_HAL_Driver/Src/stm32f4xx_hal_pwr.o
LOAD ./Drivers/STM32F4xx_HAL_Driver/Src/stm32f4xx_hal_pwr_ex.o
LOAD ./Drivers/STM32F4xx_HAL_Driver/Src/stm32f4xx_hal_rcc.o
LOAD ./Drivers/STM32F4xx_HAL_Driver/Src/stm32f4xx_hal_rcc_ex.o
LOAD ./Drivers/STM32F4xx_HAL_Driver/Src/stm32f4xx_hal_tim.o
LOAD ./Drivers/STM32F4xx_HAL_Driver/Src/stm32f4xx_hal_tim_ex.o
LOAD ./Drivers/STM32F4xx_HAL_Driver/Src/stm32f4xx_ll_adc.o
LOAD ./Middlewares/Third_Party/FreeRTOS/Source/CMSIS_RTOS/cmsis_os.o
LOAD ./Middlewares/Third_Party/FreeRTOS/Source/croutine.o
LOAD ./Middlewares/Third_Party/FreeRTOS/Source/event_groups.o
LOAD ./Middlewares/Third_Party/FreeRTOS/Source/list.o
LOAD ./Middlewares/Third_Party/FreeRTOS/Source/queue.o
LOAD ./Middlewares/Third_Party/FreeRTOS/Source/stream_buffer.o
LOAD ./Middlewares/Third_Party/FreeRTOS/Source/tasks.o
LOAD ./Middlewares/Third_Party/FreeRTOS/Source/timers.o
LOAD ./Middlewares/Third_Party/FreeRTOS/Source/portable/GCC/ARM_CM4F/port.o
LOAD ./Middlewares/Third_Party/FreeRTOS/Source/portable/MemMang/heap_4.o
LOAD /home/xxx/Escritorio/test_adc_nucleo/Drivers/CMSIS/DSP_libraries/Lib/GCC/libarm_cortexM4lf_math.a
START GROUP
LOAD /opt/st/stm32cubeide_1.13.2/plugins/com.st.stm32cube.ide.mcu.externaltools.gnu-tools-for-stm32.11.3.rel1.linux64_1.1.1.202309131626/tools/bin/../lib/gcc/arm-none-eabi/11.3.1/../../../../arm-none-eabi/lib/thumb/v7e-m+fp/hard/libc_nano.a
LOAD /opt/st/stm32cubeide_1.13.2/plugins/com.st.stm32cube.ide.mcu.externaltools.gnu-tools-for-stm32.11.3.rel1.linux64_1.1.1.202309131626/tools/bin/../lib/gcc/arm-none-eabi/11.3.1/../../../../arm-none-eabi/lib/thumb/v7e-m+fp/hard/libm.a
END GROUP
START GROUP
LOAD /opt/st/stm32cubeide_1.13.2/plugins/com.st.stm32cube.ide.mcu.externaltools.gnu-tools-for-stm32.11.3.rel1.linux64_1.1.1.202309131626/tools/bin/../lib/gcc/arm-none-eabi/11.3.1/thumb/v7e-m+fp/hard/libgcc.a
LOAD /opt/st/stm32cubeide_1.13.2/plugins/com.st.stm32cube.ide.mcu.externaltools.gnu-tools-for-stm32.11.3.rel1.linux64_1.1.1.202309131626/tools/bin/../lib/gcc/arm-none-eabi/11.3.1/../../../../arm-none-eabi/lib/thumb/v7e-m+fp/hard/libc_nano.a
END GROUP
START GROUP
LOAD /opt/st/stm32cubeide_1.13.2/plugins/com.st.stm32cube.ide.mcu.externaltools.gnu-tools-for-stm32.11.3.rel1.linux64_1.1.1.202309131626/tools/bin/../lib/gcc/arm-none-eabi/11.3.1/thumb/v7e-m+fp/hard/libgcc.a
LOAD /opt/st/stm32cubeide_1.13.2/plugins/com.st.stm32cube.ide.mcu.externaltools.gnu-tools-for-stm32.11.3.rel1.linux64_1.1.1.202309131626/tools/bin/../lib/gcc/arm-none-eabi/11.3.1/../../../../arm-none-eabi/lib/thumb/v7e-m+fp/hard/libc_nano.a
LOAD /opt/st/stm32cubeide_1.13.2/plugins/com.st.stm32cube.ide.mcu.externaltools.gnu-tools-for-stm32.11.3.rel1.linux64_1.1.1.202309131626/tools/bin/../lib/gcc/arm-none-eabi/11.3.1/../../../../arm-none-eabi/lib/thumb/v7e-m+fp/hard/libnosys.a
END GROUP
START GROUP
LOAD /opt/st/stm32cubeide_1.13.2/plugins/com.st.stm32cube.ide.mcu.externaltools.gnu-tools-for-stm32.11.3.rel1.linux64_1.1.1.202309131626/tools/bin/../lib/gcc/arm-none-eabi/11.3.1/thumb/v7e-m+fp/hard/libgcc.a
LOAD /opt/st/stm32cubeide_1.13.2/plugins/com.st.stm32cube.ide.mcu.externaltools.gnu-tools-for-stm32.11.3.rel1.linux64_1.1.1.202309131626/tools/bin/../lib/gcc/arm-none-eabi/11.3.1/../../../../arm-none-eabi/lib/thumb/v7e-m+fp/hard/libc_nano.a
LOAD /opt/st/stm32cubeide_1.13.2/plugins/com.st.stm32cube.ide.mcu.externaltools.gnu-tools-for-stm32.11.3.rel1.linux64_1.1.1.202309131626/tools/bin/../lib/gcc/arm-none-eabi/11.3.1/../../../../arm-none-eabi/lib/thumb/v7e-m+fp/hard/libnosys.a
END GROUP
LOAD /opt/st/stm32cubeide_1.13.2/plugins/com.st.stm32cube.ide.mcu.externaltools.gnu-tools-for-stm32.11.3.rel1.linux64_1.1.1.202309131626/tools/bin/../lib/gcc/arm-none-eabi/11.3.1/thumb/v7e-m+fp/hard/crtend.o
LOAD /opt/st/stm32cubeide_1.13.2/plugins/com.st.stm32cube.ide.mcu.externaltools.gnu-tools-for-stm32.11.3.rel1.linux64_1.1.1.202309131626/tools/bin/../lib/gcc/arm-none-eabi/11.3.1/thumb/v7e-m+fp/hard/crtn.o
                0x0000000020018000                _estack = (ORIGIN (RAM) + LENGTH (RAM))
                0x0000000000000200                _Min_Heap_Size = 0x200
                0x0000000000000400                _Min_Stack_Size = 0x400

.isr_vector     0x0000000008000000      0x194
                0x0000000008000000                . = ALIGN (0x4)
 *(.isr_vector)
 .isr_vector    0x0000000008000000      0x194 ./Core/Startup/startup_stm32f401retx.o
                0x0000000008000000                g_pfnVectors
                0x0000000008000194                . = ALIGN (0x4)

.text           0x00000000080001a0     0x7920
                0x00000000080001a0                . = ALIGN (0x4)
 *(.text)
 .text          0x00000000080001a0       0x40 /opt/st/stm32cubeide_1.13.2/plugins/com.st.stm32cube.ide.mcu.externaltools.gnu-tools-for-stm32.11.3.rel1.linux64_1.1.1.202309131626/tools/bin/../lib/gcc/arm-none-eabi/11.3.1/thumb/v7e-m+fp/hard/crtbegin.o
 .text          0x00000000080001e0       0xa0 /opt/st/stm32cubeide_1.13.2/plugins/com.st.stm32cube.ide.mcu.externaltools.gnu-tools-for-stm32.11.3.rel1.linux64_1.1.1.202309131626/tools/bin/../lib/gcc/arm-none-eabi/11.3.1/../../../../arm-none-eabi/lib/thumb/v7e-m+fp/hard/libc_nano.a(libc_a-memchr.o)
                0x00000000080001e0                memchr
 .text          0x0000000008000280       0x30 /opt/st/stm32cubeide_1.13.2/plugins/com.st.stm32cube.ide.mcu.externaltools.gnu-tools-for-stm32.11.3.rel1.linux64_1.1.1.202309131626/tools/bin/../lib/gcc/arm-none-eabi/11.3.1/thumb/v7e-m+fp/hard/libgcc.a(_aeabi_uldivmod.o)
                0x0000000008000280                __aeabi_uldivmod
 .text          0x00000000080002b0      0x2c8 /opt/st/stm32cubeide_1.13.2/plugins/com.st.stm32cube.ide.mcu.externaltools.gnu-tools-for-stm32.11.3.rel1.linux64_1.1.1.202309131626/tools/bin/../lib/gcc/arm-none-eabi/11.3.1/thumb/v7e-m+fp/hard/libgcc.a(_udivmoddi4.o)
                0x00000000080002b0                __udivmoddi4
 .text          0x0000000008000578        0x4 /opt/st/stm32cubeide_1.13.2/plugins/com.st.stm32cube.ide.mcu.externaltools.gnu-tools-for-stm32.11.3.rel1.linux64_1.1.1.202309131626/tools/bin/../lib/gcc/arm-none-eabi/11.3.1/thumb/v7e-m+fp/hard/libgcc.a(_dvmd_tls.o)
                0x0000000008000578                __aeabi_ldiv0
                0x0000000008000578                __aeabi_idiv0
 *(.text*)
 .text.vApplicationGetIdleTaskMemory
                0x000000000800057c       0x34 ./Core/Src/freertos.o
                0x000000000800057c                vApplicationGetIdleTaskMemory
 .text.main     0x00000000080005b0       0x50 ./Core/Src/main.o
                0x00000000080005b0                main
 .text.SystemClock_Config
                0x0000000008000600       0xc0 ./Core/Src/main.o
                0x0000000008000600                SystemClock_Config
 .text.MX_ADC1_Init
                0x00000000080006c0      0x120 ./Core/Src/main.o
 .text.MX_I2C1_Init
                0x00000000080007e0       0x5c ./Core/Src/main.o
 .text.MX_DMA_Init
                0x000000000800083c       0x40 ./Core/Src/main.o
 .text.MX_GPIO_Init
                0x000000000800087c       0x84 ./Core/Src/main.o
 .text.get_note_from_frequency
                0x0000000008000900       0xd0 ./Core/Src/main.o
                0x0000000008000900                get_note_from_frequency
 .text.calculate_fft_and_find_frequency
                0x00000000080009d0       0xa4 ./Core/Src/main.o
                0x00000000080009d0                calculate_fft_and_find_frequency
 .text.StartDefaultTask
                0x0000000008000a74       0x98 ./Core/Src/main.o
                0x0000000008000a74                StartDefaultTask
 .text.HAL_TIM_PeriodElapsedCallback
                0x0000000008000b0c       0x24 ./Core/Src/main.o
                0x0000000008000b0c                HAL_TIM_PeriodElapsedCallback
 .text.Error_Handler
                0x0000000008000b30        0xa ./Core/Src/main.o
                0x0000000008000b30                Error_Handler
 *fill*         0x0000000008000b3a        0x2 
 .text.SSD1306_Init
                0x0000000008000b3c      0x188 ./Core/Src/ssd1306.o
                0x0000000008000b3c                SSD1306_Init
 .text.SSD1306_UpdateScreen
                0x0000000008000cc4       0x5c ./Core/Src/ssd1306.o
                0x0000000008000cc4                SSD1306_UpdateScreen
 .text.SSD1306_Fill
                0x0000000008000d20       0x30 ./Core/Src/ssd1306.o
                0x0000000008000d20                SSD1306_Fill
 .text.SSD1306_DrawPixel
                0x0000000008000d50       0xc0 ./Core/Src/ssd1306.o
                0x0000000008000d50                SSD1306_DrawPixel
 .text.SSD1306_GotoXY
                0x0000000008000e10       0x2c ./Core/Src/ssd1306.o
                0x0000000008000e10                SSD1306_GotoXY
 .text.SSD1306_Putc
                0x0000000008000e3c      0x100 ./Core/Src/ssd1306.o
                0x0000000008000e3c                SSD1306_Putc
 .text.SSD1306_Puts
                0x0000000008000f3c       0x4a ./Core/Src/ssd1306.o
                0x0000000008000f3c                SSD1306_Puts
 *fill*         0x0000000008000f86        0x2 
 .text.ssd1306_I2C_Init
                0x0000000008000f88       0x2c ./Core/Src/ssd1306.o
                0x0000000008000f88                ssd1306_I2C_Init
 .text.ssd1306_I2C_WriteMulti
                0x0000000008000fb4       0xcc ./Core/Src/ssd1306.o
                0x0000000008000fb4                ssd1306_I2C_WriteMulti
 .text.ssd1306_I2C_Write
                0x0000000008001080       0x3c ./Core/Src/ssd1306.o
                0x0000000008001080                ssd1306_I2C_Write
 .text.HAL_MspInit
                0x00000000080010bc       0x58 ./Core/Src/stm32f4xx_hal_msp.o
                0x00000000080010bc                HAL_MspInit
 .text.HAL_ADC_MspInit
                0x0000000008001114      0x100 ./Core/Src/stm32f4xx_hal_msp.o
                0x0000000008001114                HAL_ADC_MspInit
 .text.HAL_I2C_MspInit
                0x0000000008001214       0x90 ./Core/Src/stm32f4xx_hal_msp.o
                0x0000000008001214                HAL_I2C_MspInit
 .text.HAL_InitTick
                0x00000000080012a4       0xb0 ./Core/Src/stm32f4xx_hal_timebase_tim.o
                0x00000000080012a4                HAL_InitTick
 .text.NMI_Handler
                0x0000000008001354        0x6 ./Core/Src/stm32f4xx_it.o
                0x0000000008001354                NMI_Handler
 .text.HardFault_Handler
                0x000000000800135a        0x6 ./Core/Src/stm32f4xx_it.o
                0x000000000800135a                HardFault_Handler
 .text.MemManage_Handler
                0x0000000008001360        0x6 ./Core/Src/stm32f4xx_it.o
                0x0000000008001360                MemManage_Handler
 .text.BusFault_Handler
                0x0000000008001366        0x6 ./Core/Src/stm32f4xx_it.o
                0x0000000008001366                BusFault_Handler
 .text.UsageFault_Handler
                0x000000000800136c        0x6 ./Core/Src/stm32f4xx_it.o
                0x000000000800136c                UsageFault_Handler
 .text.DebugMon_Handler
                0x0000000008001372        0xe ./Core/Src/stm32f4xx_it.o
                0x0000000008001372                DebugMon_Handler
 .text.ADC_IRQHandler
                0x0000000008001380       0x14 ./Core/Src/stm32f4xx_it.o
                0x0000000008001380                ADC_IRQHandler
 .text.TIM1_UP_TIM10_IRQHandler
                0x0000000008001394       0x14 ./Core/Src/stm32f4xx_it.o
                0x0000000008001394                TIM1_UP_TIM10_IRQHandler
 .text.DMA2_Stream0_IRQHandler
                0x00000000080013a8       0x14 ./Core/Src/stm32f4xx_it.o
                0x00000000080013a8                DMA2_Stream0_IRQHandler
 .text._sbrk    0x00000000080013bc       0x6c ./Core/Src/sysmem.o
                0x00000000080013bc                _sbrk
 .text.SystemInit
                0x0000000008001428       0x24 ./Core/Src/system_stm32f4xx.o
                0x0000000008001428                SystemInit
 .text.Reset_Handler
                0x000000000800144c       0x50 ./Core/Startup/startup_stm32f401retx.o
                0x000000000800144c                Reset_Handler
 .text.Default_Handler
                0x000000000800149c        0x2 ./Core/Startup/startup_stm32f401retx.o
                0x000000000800149c                RTC_Alarm_IRQHandler
                0x000000000800149c                EXTI2_IRQHandler
                0x000000000800149c                SPI4_IRQHandler
                0x000000000800149c                TIM1_CC_IRQHandler
                0x000000000800149c                DMA2_Stream5_IRQHandler
                0x000000000800149c                DMA1_Stream5_IRQHandler
                0x000000000800149c                PVD_IRQHandler
                0x000000000800149c                SDIO_IRQHandler
                0x000000000800149c                TAMP_STAMP_IRQHandler
                0x000000000800149c                EXTI3_IRQHandler
                0x000000000800149c                I2C3_ER_IRQHandler
                0x000000000800149c                EXTI0_IRQHandler
                0x000000000800149c                I2C2_EV_IRQHandler
                0x000000000800149c                DMA1_Stream2_IRQHandler
                0x000000000800149c                FPU_IRQHandler
                0x000000000800149c                DMA2_Stream2_IRQHandler
                0x000000000800149c                SPI1_IRQHandler
                0x000000000800149c                TIM1_BRK_TIM9_IRQHandler
                0x000000000800149c                DMA2_Stream3_IRQHandler
                0x000000000800149c                USART6_IRQHandler
                0x000000000800149c                TIM4_IRQHandler
                0x000000000800149c                I2C1_EV_IRQHandler
                0x000000000800149c                DMA1_Stream6_IRQHandler
                0x000000000800149c                DMA1_Stream1_IRQHandler
                0x000000000800149c                TIM3_IRQHandler
                0x000000000800149c                RCC_IRQHandler
                0x000000000800149c                Default_Handler
                0x000000000800149c                EXTI15_10_IRQHandler
                0x000000000800149c                DMA1_Stream7_IRQHandler
                0x000000000800149c                TIM5_IRQHandler
                0x000000000800149c                DMA2_Stream7_IRQHandler
                0x000000000800149c                I2C3_EV_IRQHandler
                0x000000000800149c                EXTI9_5_IRQHandler
                0x000000000800149c                RTC_WKUP_IRQHandler
                0x000000000800149c                SPI2_IRQHandler
                0x000000000800149c                DMA1_Stream0_IRQHandler
                0x000000000800149c                EXTI4_IRQHandler
                0x000000000800149c                WWDG_IRQHandler
                0x000000000800149c                TIM2_IRQHandler
                0x000000000800149c                OTG_FS_WKUP_IRQHandler
                0x000000000800149c                TIM1_TRG_COM_TIM11_IRQHandler
                0x000000000800149c                EXTI1_IRQHandler
                0x000000000800149c                USART2_IRQHandler
                0x000000000800149c                I2C2_ER_IRQHandler
                0x000000000800149c                DMA2_Stream1_IRQHandler
                0x000000000800149c                FLASH_IRQHandler
                0x000000000800149c                DMA2_Stream4_IRQHandler
                0x000000000800149c                USART1_IRQHandler
                0x000000000800149c                OTG_FS_IRQHandler
                0x000000000800149c                SPI3_IRQHandler
                0x000000000800149c                DMA1_Stream4_IRQHandler
                0x000000000800149c                I2C1_ER_IRQHandler
                0x000000000800149c                DMA2_Stream6_IRQHandler
                0x000000000800149c                DMA1_Stream3_IRQHandler
 *fill*         0x000000000800149e        0x2 
 .text.HAL_Init
                0x00000000080014a0       0x44 ./Drivers/STM32F4xx_HAL_Driver/Src/stm32f4xx_hal.o
                0x00000000080014a0                HAL_Init
 .text.HAL_IncTick
                0x00000000080014e4       0x28 ./Drivers/STM32F4xx_HAL_Driver/Src/stm32f4xx_hal.o
                0x00000000080014e4                HAL_IncTick
 .text.HAL_GetTick
                0x000000000800150c       0x18 ./Drivers/STM32F4xx_HAL_Driver/Src/stm32f4xx_hal.o
                0x000000000800150c                HAL_GetTick
 .text.HAL_ADC_Init
                0x0000000008001524       0x86 ./Drivers/STM32F4xx_HAL_Driver/Src/stm32f4xx_hal_adc.o
                0x0000000008001524                HAL_ADC_Init
 .text.HAL_ADC_IRQHandler
                0x00000000080015aa      0x282 ./Drivers/STM32F4xx_HAL_Driver/Src/stm32f4xx_hal_adc.o
                0x00000000080015aa                HAL_ADC_IRQHandler
 .text.HAL_ADC_Start_DMA
                0x000000000800182c      0x1e0 ./Drivers/STM32F4xx_HAL_Driver/Src/stm32f4xx_hal_adc.o
                0x000000000800182c                HAL_ADC_Start_DMA
 .text.HAL_ADC_ConvCpltCallback
                0x0000000008001a0c       0x14 ./Drivers/STM32F4xx_HAL_Driver/Src/stm32f4xx_hal_adc.o
                0x0000000008001a0c                HAL_ADC_ConvCpltCallback
 .text.HAL_ADC_ConvHalfCpltCallback
                0x0000000008001a20       0x14 ./Drivers/STM32F4xx_HAL_Driver/Src/stm32f4xx_hal_adc.o
                0x0000000008001a20                HAL_ADC_ConvHalfCpltCallback
 .text.HAL_ADC_LevelOutOfWindowCallback
                0x0000000008001a34       0x14 ./Drivers/STM32F4xx_HAL_Driver/Src/stm32f4xx_hal_adc.o
                0x0000000008001a34                HAL_ADC_LevelOutOfWindowCallback
 .text.HAL_ADC_ErrorCallback
                0x0000000008001a48       0x14 ./Drivers/STM32F4xx_HAL_Driver/Src/stm32f4xx_hal_adc.o
                0x0000000008001a48                HAL_ADC_ErrorCallback
 .text.HAL_ADC_ConfigChannel
                0x0000000008001a5c      0x244 ./Drivers/STM32F4xx_HAL_Driver/Src/stm32f4xx_hal_adc.o
                0x0000000008001a5c                HAL_ADC_ConfigChannel
 .text.ADC_Init
                0x0000000008001ca0      0x1f8 ./Drivers/STM32F4xx_HAL_Driver/Src/stm32f4xx_hal_adc.o
 .text.ADC_DMAConvCplt
                0x0000000008001e98       0xba ./Drivers/STM32F4xx_HAL_Driver/Src/stm32f4xx_hal_adc.o
 .text.ADC_DMAHalfConvCplt
                0x0000000008001f52       0x1c ./Drivers/STM32F4xx_HAL_Driver/Src/stm32f4xx_hal_adc.o
 .text.ADC_DMAError
                0x0000000008001f6e       0x2e ./Drivers/STM32F4xx_HAL_Driver/Src/stm32f4xx_hal_adc.o
 .text.HAL_ADCEx_InjectedConvCpltCallback
                0x0000000008001f9c       0x14 ./Drivers/STM32F4xx_HAL_Driver/Src/stm32f4xx_hal_adc_ex.o
                0x0000000008001f9c                HAL_ADCEx_InjectedConvCpltCallback
 .text.HAL_ADCEx_InjectedConfigChannel
                0x0000000008001fb0      0x32c ./Drivers/STM32F4xx_HAL_Driver/Src/stm32f4xx_hal_adc_ex.o
                0x0000000008001fb0                HAL_ADCEx_InjectedConfigChannel
 .text.__NVIC_SetPriorityGrouping
                0x00000000080022dc       0x48 ./Drivers/STM32F4xx_HAL_Driver/Src/stm32f4xx_hal_cortex.o
 .text.__NVIC_GetPriorityGrouping
                0x0000000008002324       0x1c ./Drivers/STM32F4xx_HAL_Driver/Src/stm32f4xx_hal_cortex.o
 .text.__NVIC_EnableIRQ
                0x0000000008002340       0x3c ./Drivers/STM32F4xx_HAL_Driver/Src/stm32f4xx_hal_cortex.o
 .text.__NVIC_SetPriority
                0x000000000800237c       0x54 ./Drivers/STM32F4xx_HAL_Driver/Src/stm32f4xx_hal_cortex.o
 .text.NVIC_EncodePriority
                0x00000000080023d0       0x66 ./Drivers/STM32F4xx_HAL_Driver/Src/stm32f4xx_hal_cortex.o
 .text.HAL_NVIC_SetPriorityGrouping
                0x0000000008002436       0x16 ./Drivers/STM32F4xx_HAL_Driver/Src/stm32f4xx_hal_cortex.o
                0x0000000008002436                HAL_NVIC_SetPriorityGrouping
 .text.HAL_NVIC_SetPriority
                0x000000000800244c       0x38 ./Drivers/STM32F4xx_HAL_Driver/Src/stm32f4xx_hal_cortex.o
                0x000000000800244c                HAL_NVIC_SetPriority
 .text.HAL_NVIC_EnableIRQ
                0x0000000008002484       0x1c ./Drivers/STM32F4xx_HAL_Driver/Src/stm32f4xx_hal_cortex.o
                0x0000000008002484                HAL_NVIC_EnableIRQ
 .text.HAL_DMA_Init
                0x00000000080024a0      0x15c ./Drivers/STM32F4xx_HAL_Driver/Src/stm32f4xx_hal_dma.o
                0x00000000080024a0                HAL_DMA_Init
 .text.HAL_DMA_Start_IT
                0x00000000080025fc       0xb0 ./Drivers/STM32F4xx_HAL_Driver/Src/stm32f4xx_hal_dma.o
                0x00000000080025fc                HAL_DMA_Start_IT
 .text.HAL_DMA_IRQHandler
                0x00000000080026ac      0x314 ./Drivers/STM32F4xx_HAL_Driver/Src/stm32f4xx_hal_dma.o
                0x00000000080026ac                HAL_DMA_IRQHandler
 .text.DMA_SetConfig
                0x00000000080029c0       0x5c ./Drivers/STM32F4xx_HAL_Driver/Src/stm32f4xx_hal_dma.o
 .text.DMA_CalcBaseAndBitshift
                0x0000000008002a1c       0x6c ./Drivers/STM32F4xx_HAL_Driver/Src/stm32f4xx_hal_dma.o
 .text.DMA_CheckFifoParam
                0x0000000008002a88       0xf8 ./Drivers/STM32F4xx_HAL_Driver/Src/stm32f4xx_hal_dma.o
 .text.HAL_GPIO_Init
                0x0000000008002b80      0x308 ./Drivers/STM32F4xx_HAL_Driver/Src/stm32f4xx_hal_gpio.o
                0x0000000008002b80                HAL_GPIO_Init
 .text.HAL_GPIO_WritePin
                0x0000000008002e88       0x32 ./Drivers/STM32F4xx_HAL_Driver/Src/stm32f4xx_hal_gpio.o
                0x0000000008002e88                HAL_GPIO_WritePin
 *fill*         0x0000000008002eba        0x2 
 .text.HAL_I2C_Init
                0x0000000008002ebc      0x288 ./Drivers/STM32F4xx_HAL_Driver/Src/stm32f4xx_hal_i2c.o
                0x0000000008002ebc                HAL_I2C_Init
 .text.HAL_I2C_Master_Transmit
                0x0000000008003144      0x1fc ./Drivers/STM32F4xx_HAL_Driver/Src/stm32f4xx_hal_i2c.o
                0x0000000008003144                HAL_I2C_Master_Transmit
 .text.HAL_I2C_IsDeviceReady
                0x0000000008003340      0x25c ./Drivers/STM32F4xx_HAL_Driver/Src/stm32f4xx_hal_i2c.o
                0x0000000008003340                HAL_I2C_IsDeviceReady
 .text.I2C_MasterRequestWrite
                0x000000000800359c      0x104 ./Drivers/STM32F4xx_HAL_Driver/Src/stm32f4xx_hal_i2c.o
 .text.I2C_WaitOnFlagUntilTimeout
                0x00000000080036a0       0xae ./Drivers/STM32F4xx_HAL_Driver/Src/stm32f4xx_hal_i2c.o
 .text.I2C_WaitOnMasterAddressFlagUntilTimeout
                0x000000000800374e       0xfe ./Drivers/STM32F4xx_HAL_Driver/Src/stm32f4xx_hal_i2c.o
 .text.I2C_WaitOnTXEFlagUntilTimeout
                0x000000000800384c       0x82 ./Drivers/STM32F4xx_HAL_Driver/Src/stm32f4xx_hal_i2c.o
 .text.I2C_WaitOnBTFFlagUntilTimeout
                0x00000000080038ce       0x82 ./Drivers/STM32F4xx_HAL_Driver/Src/stm32f4xx_hal_i2c.o
 .text.I2C_IsAcknowledgeFailed
                0x0000000008003950       0x5e ./Drivers/STM32F4xx_HAL_Driver/Src/stm32f4xx_hal_i2c.o
 *fill*         0x00000000080039ae        0x2 
 .text.HAL_RCC_OscConfig
                0x00000000080039b0      0x4f0 ./Drivers/STM32F4xx_HAL_Driver/Src/stm32f4xx_hal_rcc.o
                0x00000000080039b0                HAL_RCC_OscConfig
 .text.HAL_RCC_ClockConfig
                0x0000000008003ea0      0x1cc ./Drivers/STM32F4xx_HAL_Driver/Src/stm32f4xx_hal_rcc.o
                0x0000000008003ea0                HAL_RCC_ClockConfig
 .text.HAL_RCC_GetSysClockFreq
                0x000000000800406c      0x18c ./Drivers/STM32F4xx_HAL_Driver/Src/stm32f4xx_hal_rcc.o
                0x000000000800406c                HAL_RCC_GetSysClockFreq
 .text.HAL_RCC_GetHCLKFreq
                0x00000000080041f8       0x18 ./Drivers/STM32F4xx_HAL_Driver/Src/stm32f4xx_hal_rcc.o
                0x00000000080041f8                HAL_RCC_GetHCLKFreq
 .text.HAL_RCC_GetPCLK1Freq
                0x0000000008004210       0x28 ./Drivers/STM32F4xx_HAL_Driver/Src/stm32f4xx_hal_rcc.o
                0x0000000008004210                HAL_RCC_GetPCLK1Freq
 .text.HAL_RCC_GetPCLK2Freq
                0x0000000008004238       0x28 ./Drivers/STM32F4xx_HAL_Driver/Src/stm32f4xx_hal_rcc.o
                0x0000000008004238                HAL_RCC_GetPCLK2Freq
 .text.HAL_RCC_GetClockConfig
                0x0000000008004260       0x64 ./Drivers/STM32F4xx_HAL_Driver/Src/stm32f4xx_hal_rcc.o
                0x0000000008004260                HAL_RCC_GetClockConfig
 .text.HAL_TIM_Base_Init
                0x00000000080042c4       0x9e ./Drivers/STM32F4xx_HAL_Driver/Src/stm32f4xx_hal_tim.o
                0x00000000080042c4                HAL_TIM_Base_Init
 .text.HAL_TIM_Base_MspInit
                0x0000000008004362       0x14 ./Drivers/STM32F4xx_HAL_Driver/Src/stm32f4xx_hal_tim.o
                0x0000000008004362                HAL_TIM_Base_MspInit
 *fill*         0x0000000008004376        0x2 
 .text.HAL_TIM_Base_Start_IT
                0x0000000008004378       0xc4 ./Drivers/STM32F4xx_HAL_Driver/Src/stm32f4xx_hal_tim.o
                0x0000000008004378                HAL_TIM_Base_Start_IT
 .text.HAL_TIM_IRQHandler
                0x000000000800443c      0x210 ./Drivers/STM32F4xx_HAL_Driver/Src/stm32f4xx_hal_tim.o
                0x000000000800443c                HAL_TIM_IRQHandler
 .text.HAL_TIM_OC_DelayElapsedCallback
                0x000000000800464c       0x14 ./Drivers/STM32F4xx_HAL_Driver/Src/stm32f4xx_hal_tim.o
                0x000000000800464c                HAL_TIM_OC_DelayElapsedCallback
 .text.HAL_TIM_IC_CaptureCallback
                0x0000000008004660       0x14 ./Drivers/STM32F4xx_HAL_Driver/Src/stm32f4xx_hal_tim.o
                0x0000000008004660                HAL_TIM_IC_CaptureCallback
 .text.HAL_TIM_PWM_PulseFinishedCallback
                0x0000000008004674       0x14 ./Drivers/STM32F4xx_HAL_Driver/Src/stm32f4xx_hal_tim.o
                0x0000000008004674                HAL_TIM_PWM_PulseFinishedCallback
 .text.HAL_TIM_TriggerCallback
                0x0000000008004688       0x14 ./Drivers/STM32F4xx_HAL_Driver/Src/stm32f4xx_hal_tim.o
                0x0000000008004688                HAL_TIM_TriggerCallback
 .text.TIM_Base_SetConfig
                0x000000000800469c      0x100 ./Drivers/STM32F4xx_HAL_Driver/Src/stm32f4xx_hal_tim.o
                0x000000000800469c                TIM_Base_SetConfig
 .text.HAL_TIMEx_CommutCallback
                0x000000000800479c       0x14 ./Drivers/STM32F4xx_HAL_Driver/Src/stm32f4xx_hal_tim_ex.o
                0x000000000800479c                HAL_TIMEx_CommutCallback
 .text.HAL_TIMEx_BreakCallback
                0x00000000080047b0       0x14 ./Drivers/STM32F4xx_HAL_Driver/Src/stm32f4xx_hal_tim_ex.o
                0x00000000080047b0                HAL_TIMEx_BreakCallback
 .text.makeFreeRtosPriority
                0x00000000080047c4       0x30 ./Middlewares/Third_Party/FreeRTOS/Source/CMSIS_RTOS/cmsis_os.o
 .text.osKernelStart
                0x00000000080047f4        0xe ./Middlewares/Third_Party/FreeRTOS/Source/CMSIS_RTOS/cmsis_os.o
                0x00000000080047f4                osKernelStart
 .text.osThreadCreate
                0x0000000008004802       0x98 ./Middlewares/Third_Party/FreeRTOS/Source/CMSIS_RTOS/cmsis_os.o
                0x0000000008004802                osThreadCreate
 .text.osDelay  0x000000000800489a       0x28 ./Middlewares/Third_Party/FreeRTOS/Source/CMSIS_RTOS/cmsis_os.o
                0x000000000800489a                osDelay
 .text.vListInitialise
                0x00000000080048c2       0x40 ./Middlewares/Third_Party/FreeRTOS/Source/list.o
                0x00000000080048c2                vListInitialise
 .text.vListInitialiseItem
                0x0000000008004902       0x1a ./Middlewares/Third_Party/FreeRTOS/Source/list.o
                0x0000000008004902                vListInitialiseItem
 .text.vListInsertEnd
                0x000000000800491c       0x48 ./Middlewares/Third_Party/FreeRTOS/Source/list.o
                0x000000000800491c                vListInsertEnd
 .text.vListInsert
                0x0000000008004964       0x72 ./Middlewares/Third_Party/FreeRTOS/Source/list.o
                0x0000000008004964                vListInsert
 .text.uxListRemove
                0x00000000080049d6       0x54 ./Middlewares/Third_Party/FreeRTOS/Source/list.o
                0x00000000080049d6                uxListRemove
 .text.xTaskCreateStatic
                0x0000000008004a2a       0xba ./Middlewares/Third_Party/FreeRTOS/Source/tasks.o
                0x0000000008004a2a                xTaskCreateStatic
 .text.xTaskCreate
                0x0000000008004ae4       0x8a ./Middlewares/Third_Party/FreeRTOS/Source/tasks.o
                0x0000000008004ae4                xTaskCreate
 *fill*         0x0000000008004b6e        0x2 
 .text.prvInitialiseNewTask
                0x0000000008004b70      0x13c ./Middlewares/Third_Party/FreeRTOS/Source/tasks.o
 .text.prvAddNewTaskToReadyList
                0x0000000008004cac       0xd4 ./Middlewares/Third_Party/FreeRTOS/Source/tasks.o
 .text.vTaskDelay
                0x0000000008004d80       0x68 ./Middlewares/Third_Party/FreeRTOS/Source/tasks.o
                0x0000000008004d80                vTaskDelay
 .text.vTaskStartScheduler
                0x0000000008004de8       0xd4 ./Middlewares/Third_Party/FreeRTOS/Source/tasks.o
                0x0000000008004de8                vTaskStartScheduler
 .text.vTaskSuspendAll
                0x0000000008004ebc       0x1c ./Middlewares/Third_Party/FreeRTOS/Source/tasks.o
                0x0000000008004ebc                vTaskSuspendAll
 .text.xTaskResumeAll
                0x0000000008004ed8      0x138 ./Middlewares/Third_Party/FreeRTOS/Source/tasks.o
                0x0000000008004ed8                xTaskResumeAll
 .text.xTaskIncrementTick
                0x0000000008005010      0x170 ./Middlewares/Third_Party/FreeRTOS/Source/tasks.o
                0x0000000008005010                xTaskIncrementTick
 .text.vTaskSwitchContext
                0x0000000008005180       0xc4 ./Middlewares/Third_Party/FreeRTOS/Source/tasks.o
                0x0000000008005180                vTaskSwitchContext
 .text.prvIdleTask
                0x0000000008005244       0x30 ./Middlewares/Third_Party/FreeRTOS/Source/tasks.o
 .text.prvInitialiseTaskLists
                0x0000000008005274       0x80 ./Middlewares/Third_Party/FreeRTOS/Source/tasks.o
 .text.prvCheckTasksWaitingTermination
                0x00000000080052f4       0x5c ./Middlewares/Third_Party/FreeRTOS/Source/tasks.o
 .text.prvDeleteTCB
                0x0000000008005350       0x68 ./Middlewares/Third_Party/FreeRTOS/Source/tasks.o
 .text.prvResetNextTaskUnblockTime
                0x00000000080053b8       0x40 ./Middlewares/Third_Party/FreeRTOS/Source/tasks.o
 .text.prvAddCurrentTaskToDelayedList
                0x00000000080053f8       0xcc ./Middlewares/Third_Party/FreeRTOS/Source/tasks.o
 .text.pxPortInitialiseStack
                0x00000000080054c4       0x68 ./Middlewares/Third_Party/FreeRTOS/Source/portable/GCC/ARM_CM4F/port.o
                0x00000000080054c4                pxPortInitialiseStack
 .text.prvTaskExitError
                0x000000000800552c       0x58 ./Middlewares/Third_Party/FreeRTOS/Source/portable/GCC/ARM_CM4F/port.o
 *fill*         0x0000000008005584        0xc 
 .text.SVC_Handler
                0x0000000008005590       0x28 ./Middlewares/Third_Party/FreeRTOS/Source/portable/GCC/ARM_CM4F/port.o
                0x0000000008005590                SVC_Handler
 .text.prvPortStartFirstTask
                0x00000000080055b8       0x28 ./Middlewares/Third_Party/FreeRTOS/Source/portable/GCC/ARM_CM4F/port.o
 .text.xPortStartScheduler
                0x00000000080055e0      0x144 ./Middlewares/Third_Party/FreeRTOS/Source/portable/GCC/ARM_CM4F/port.o
                0x00000000080055e0                xPortStartScheduler
 .text.vPortEnterCritical
                0x0000000008005724       0x60 ./Middlewares/Third_Party/FreeRTOS/Source/portable/GCC/ARM_CM4F/port.o
                0x0000000008005724                vPortEnterCritical
 .text.vPortExitCritical
                0x0000000008005784       0x54 ./Middlewares/Third_Party/FreeRTOS/Source/portable/GCC/ARM_CM4F/port.o
                0x0000000008005784                vPortExitCritical
 *fill*         0x00000000080057d8        0x8 
 .text.PendSV_Handler
                0x00000000080057e0       0x68 ./Middlewares/Third_Party/FreeRTOS/Source/portable/GCC/ARM_CM4F/port.o
                0x00000000080057e0                PendSV_Handler
 .text.SysTick_Handler
                0x0000000008005848       0x44 ./Middlewares/Third_Party/FreeRTOS/Source/portable/GCC/ARM_CM4F/port.o
                0x0000000008005848                SysTick_Handler
 .text.vPortSetupTimerInterrupt
                0x000000000800588c       0x48 ./Middlewares/Third_Party/FreeRTOS/Source/portable/GCC/ARM_CM4F/port.o
                0x000000000800588c                vPortSetupTimerInterrupt
 .text.vPortEnableVFP
                0x00000000080058d4       0x14 ./Middlewares/Third_Party/FreeRTOS/Source/portable/GCC/ARM_CM4F/port.o
 .text.pvPortMalloc
                0x00000000080058e8      0x198 ./Middlewares/Third_Party/FreeRTOS/Source/portable/MemMang/heap_4.o
                0x00000000080058e8                pvPortMalloc
 .text.vPortFree
                0x0000000008005a80       0xc4 ./Middlewares/Third_Party/FreeRTOS/Source/portable/MemMang/heap_4.o
                0x0000000008005a80                vPortFree
 .text.prvHeapInit
                0x0000000008005b44       0xc4 ./Middlewares/Third_Party/FreeRTOS/Source/portable/MemMang/heap_4.o
 .text.prvInsertBlockIntoFreeList
                0x0000000008005c08       0xb4 ./Middlewares/Third_Party/FreeRTOS/Source/portable/MemMang/heap_4.o
 .text.arm_max_f32
                0x0000000008005cbc       0xd8 /home/xxx/Escritorio/test_adc_nucleo/Drivers/CMSIS/DSP_libraries/Lib/GCC/libarm_cortexM4lf_math.a(arm_max_f32.o)
                0x0000000008005cbc                arm_max_f32
 .text.arm_rfft_32_fast_init_f32
                0x0000000008005d94       0x34 /home/xxx/Escritorio/test_adc_nucleo/Drivers/CMSIS/DSP_libraries/Lib/GCC/libarm_cortexM4lf_math.a(arm_rfft_fast_init_f32.o)
                0x0000000008005d94                arm_rfft_32_fast_init_f32
 .text.arm_rfft_64_fast_init_f32
                0x0000000008005dc8       0x34 /home/xxx/Escritorio/test_adc_nucleo/Drivers/CMSIS/DSP_libraries/Lib/GCC/libarm_cortexM4lf_math.a(arm_rfft_fast_init_f32.o)
                0x0000000008005dc8                arm_rfft_64_fast_init_f32
 .text.arm_rfft_256_fast_init_f32
                0x0000000008005dfc       0x38 /home/xxx/Escritorio/test_adc_nucleo/Drivers/CMSIS/DSP_libraries/Lib/GCC/libarm_cortexM4lf_math.a(arm_rfft_fast_init_f32.o)
                0x0000000008005dfc                arm_rfft_256_fast_init_f32
 .text.arm_rfft_512_fast_init_f32
                0x0000000008005e34       0x3c /home/xxx/Escritorio/test_adc_nucleo/Drivers/CMSIS/DSP_libraries/Lib/GCC/libarm_cortexM4lf_math.a(arm_rfft_fast_init_f32.o)
                0x0000000008005e34                arm_rfft_512_fast_init_f32
 .text.arm_rfft_1024_fast_init_f32
                0x0000000008005e70       0x3c /home/xxx/Escritorio/test_adc_nucleo/Drivers/CMSIS/DSP_libraries/Lib/GCC/libarm_cortexM4lf_math.a(arm_rfft_fast_init_f32.o)
                0x0000000008005e70                arm_rfft_1024_fast_init_f32
 .text.arm_rfft_2048_fast_init_f32
                0x0000000008005eac       0x3c /home/xxx/Escritorio/test_adc_nucleo/Drivers/CMSIS/DSP_libraries/Lib/GCC/libarm_cortexM4lf_math.a(arm_rfft_fast_init_f32.o)
                0x0000000008005eac                arm_rfft_2048_fast_init_f32
 .text.arm_rfft_4096_fast_init_f32
                0x0000000008005ee8       0x3c /home/xxx/Escritorio/test_adc_nucleo/Drivers/CMSIS/DSP_libraries/Lib/GCC/libarm_cortexM4lf_math.a(arm_rfft_fast_init_f32.o)
                0x0000000008005ee8                arm_rfft_4096_fast_init_f32
 .text.arm_rfft_fast_init_f32
                0x0000000008005f24       0x68 /home/xxx/Escritorio/test_adc_nucleo/Drivers/CMSIS/DSP_libraries/Lib/GCC/libarm_cortexM4lf_math.a(arm_rfft_fast_init_f32.o)
                0x0000000008005f24                arm_rfft_fast_init_f32
 .text.stage_rfft_f32
                0x0000000008005f8c       0xb4 /home/xxx/Escritorio/test_adc_nucleo/Drivers/CMSIS/DSP_libraries/Lib/GCC/libarm_cortexM4lf_math.a(arm_rfft_fast_f32.o)
                0x0000000008005f8c                stage_rfft_f32
 .text.merge_rfft_f32
                0x0000000008006040       0xac /home/xxx/Escritorio/test_adc_nucleo/Drivers/CMSIS/DSP_libraries/Lib/GCC/libarm_cortexM4lf_math.a(arm_rfft_fast_f32.o)
                0x0000000008006040                merge_rfft_f32
 .text.arm_rfft_fast_f32
                0x00000000080060ec       0x40 /home/xxx/Escritorio/test_adc_nucleo/Drivers/CMSIS/DSP_libraries/Lib/GCC/libarm_cortexM4lf_math.a(arm_rfft_fast_f32.o)
                0x00000000080060ec                arm_rfft_fast_f32
 .text.arm_cfft_radix8by2_f32
                0x000000000800612c      0x1a0 /home/xxx/Escritorio/test_adc_nucleo/Drivers/CMSIS/DSP_libraries/Lib/GCC/libarm_cortexM4lf_math.a(arm_cfft_f32.o)
                0x000000000800612c                arm_cfft_radix8by2_f32
 .text.arm_cfft_radix8by4_f32
                0x00000000080062cc      0x4ac /home/xxx/Escritorio/test_adc_nucleo/Drivers/CMSIS/DSP_libraries/Lib/GCC/libarm_cortexM4lf_math.a(arm_cfft_f32.o)
                0x00000000080062cc                arm_cfft_radix8by4_f32
 .text.arm_cfft_f32
                0x0000000008006778       0xf0 /home/xxx/Escritorio/test_adc_nucleo/Drivers/CMSIS/DSP_libraries/Lib/GCC/libarm_cortexM4lf_math.a(arm_cfft_f32.o)
                0x0000000008006778                arm_cfft_f32
 .text.arm_bitreversal_32
                0x0000000008006868       0x40 /home/xxx/Escritorio/test_adc_nucleo/Drivers/CMSIS/DSP_libraries/Lib/GCC/libarm_cortexM4lf_math.a(arm_bitreversal2.o)
                0x0000000008006868                arm_bitreversal_32
 .text.arm_cmplx_mag_f32
                0x00000000080068a8      0x248 /home/xxx/Escritorio/test_adc_nucleo/Drivers/CMSIS/DSP_libraries/Lib/GCC/libarm_cortexM4lf_math.a(arm_cmplx_mag_f32.o)
                0x00000000080068a8                arm_cmplx_mag_f32
 .text.arm_radix8_butterfly_f32
                0x0000000008006af0      0x580 /home/xxx/Escritorio/test_adc_nucleo/Drivers/CMSIS/DSP_libraries/Lib/GCC/libarm_cortexM4lf_math.a(arm_cfft_radix8_f32.o)
                0x0000000008006af0                arm_radix8_butterfly_f32
 .text.sprintf  0x0000000008007070       0x40 /opt/st/stm32cubeide_1.13.2/plugins/com.st.stm32cube.ide.mcu.externaltools.gnu-tools-for-stm32.11.3.rel1.linux64_1.1.1.202309131626/tools/bin/../lib/gcc/arm-none-eabi/11.3.1/../../../../arm-none-eabi/lib/thumb/v7e-m+fp/hard/libc_nano.a(libc_a-sprintf.o)
                0x0000000008007070                sprintf
                0x0000000008007070                siprintf
 .text.memset   0x00000000080070b0       0x10 /opt/st/stm32cubeide_1.13.2/plugins/com.st.stm32cube.ide.mcu.externaltools.gnu-tools-for-stm32.11.3.rel1.linux64_1.1.1.202309131626/tools/bin/../lib/gcc/arm-none-eabi/11.3.1/../../../../arm-none-eabi/lib/thumb/v7e-m+fp/hard/libc_nano.a(libc_a-memset.o)
                0x00000000080070b0                memset
 .text._reclaim_reent
                0x00000000080070c0       0xac /opt/st/stm32cubeide_1.13.2/plugins/com.st.stm32cube.ide.mcu.externaltools.gnu-tools-for-stm32.11.3.rel1.linux64_1.1.1.202309131626/tools/bin/../lib/gcc/arm-none-eabi/11.3.1/../../../../arm-none-eabi/lib/thumb/v7e-m+fp/hard/libc_nano.a(libc_a-reent.o)
                0x00000000080070c0                _reclaim_reent
 .text.__errno  0x000000000800716c        0xc /opt/st/stm32cubeide_1.13.2/plugins/com.st.stm32cube.ide.mcu.externaltools.gnu-tools-for-stm32.11.3.rel1.linux64_1.1.1.202309131626/tools/bin/../lib/gcc/arm-none-eabi/11.3.1/../../../../arm-none-eabi/lib/thumb/v7e-m+fp/hard/libc_nano.a(libc_a-errno.o)
                0x000000000800716c                __errno
 .text.__libc_init_array
                0x0000000008007178       0x48 /opt/st/stm32cubeide_1.13.2/plugins/com.st.stm32cube.ide.mcu.externaltools.gnu-tools-for-stm32.11.3.rel1.linux64_1.1.1.202309131626/tools/bin/../lib/gcc/arm-none-eabi/11.3.1/../../../../arm-none-eabi/lib/thumb/v7e-m+fp/hard/libc_nano.a(libc_a-init.o)
                0x0000000008007178                __libc_init_array
 .text.__retarget_lock_acquire_recursive
                0x00000000080071c0        0x2 /opt/st/stm32cubeide_1.13.2/plugins/com.st.stm32cube.ide.mcu.externaltools.gnu-tools-for-stm32.11.3.rel1.linux64_1.1.1.202309131626/tools/bin/../lib/gcc/arm-none-eabi/11.3.1/../../../../arm-none-eabi/lib/thumb/v7e-m+fp/hard/libc_nano.a(libc_a-lock.o)
                0x00000000080071c0                __retarget_lock_acquire_recursive
 .text.__retarget_lock_release_recursive
                0x00000000080071c2        0x2 /opt/st/stm32cubeide_1.13.2/plugins/com.st.stm32cube.ide.mcu.externaltools.gnu-tools-for-stm32.11.3.rel1.linux64_1.1.1.202309131626/tools/bin/../lib/gcc/arm-none-eabi/11.3.1/../../../../arm-none-eabi/lib/thumb/v7e-m+fp/hard/libc_nano.a(libc_a-lock.o)
                0x00000000080071c2                __retarget_lock_release_recursive
 .text.memcpy   0x00000000080071c4       0x1c /opt/st/stm32cubeide_1.13.2/plugins/com.st.stm32cube.ide.mcu.externaltools.gnu-tools-for-stm32.11.3.rel1.linux64_1.1.1.202309131626/tools/bin/../lib/gcc/arm-none-eabi/11.3.1/../../../../arm-none-eabi/lib/thumb/v7e-m+fp/hard/libc_nano.a(libc_a-memcpy-stub.o)
                0x00000000080071c4                memcpy
 .text._free_r  0x00000000080071e0       0x98 /opt/st/stm32cubeide_1.13.2/plugins/com.st.stm32cube.ide.mcu.externaltools.gnu-tools-for-stm32.11.3.rel1.linux64_1.1.1.202309131626/tools/bin/../lib/gcc/arm-none-eabi/11.3.1/../../../../arm-none-eabi/lib/thumb/v7e-m+fp/hard/libc_nano.a(libc_a-freer.o)
                0x00000000080071e0                _free_r
 .text.sbrk_aligned
                0x0000000008007278       0x40 /opt/st/stm32cubeide_1.13.2/plugins/com.st.stm32cube.ide.mcu.externaltools.gnu-tools-for-stm32.11.3.rel1.linux64_1.1.1.202309131626/tools/bin/../lib/gcc/arm-none-eabi/11.3.1/../../../../arm-none-eabi/lib/thumb/v7e-m+fp/hard/libc_nano.a(libc_a-mallocr.o)
 .text._malloc_r
                0x00000000080072b8      0x100 /opt/st/stm32cubeide_1.13.2/plugins/com.st.stm32cube.ide.mcu.externaltools.gnu-tools-for-stm32.11.3.rel1.linux64_1.1.1.202309131626/tools/bin/../lib/gcc/arm-none-eabi/11.3.1/../../../../arm-none-eabi/lib/thumb/v7e-m+fp/hard/libc_nano.a(libc_a-mallocr.o)
                0x00000000080072b8                _malloc_r
 .text.__malloc_lock
                0x00000000080073b8        0xc /opt/st/stm32cubeide_1.13.2/plugins/com.st.stm32cube.ide.mcu.externaltools.gnu-tools-for-stm32.11.3.rel1.linux64_1.1.1.202309131626/tools/bin/../lib/gcc/arm-none-eabi/11.3.1/../../../../arm-none-eabi/lib/thumb/v7e-m+fp/hard/libc_nano.a(libc_a-mlock.o)
                0x00000000080073b8                __malloc_lock
 .text.__malloc_unlock
                0x00000000080073c4        0xc /opt/st/stm32cubeide_1.13.2/plugins/com.st.stm32cube.ide.mcu.externaltools.gnu-tools-for-stm32.11.3.rel1.linux64_1.1.1.202309131626/tools/bin/../lib/gcc/arm-none-eabi/11.3.1/../../../../arm-none-eabi/lib/thumb/v7e-m+fp/hard/libc_nano.a(libc_a-mlock.o)
                0x00000000080073c4                __malloc_unlock
 .text.__ssputs_r
                0x00000000080073d0       0xb4 /opt/st/stm32cubeide_1.13.2/plugins/com.st.stm32cube.ide.mcu.externaltools.gnu-tools-for-stm32.11.3.rel1.linux64_1.1.1.202309131626/tools/bin/../lib/gcc/arm-none-eabi/11.3.1/../../../../arm-none-eabi/lib/thumb/v7e-m+fp/hard/libc_nano.a(libc_a-nano-svfprintf.o)
                0x00000000080073d0                __ssputs_r
 .text._svfprintf_r
                0x0000000008007484      0x1fc /opt/st/stm32cubeide_1.13.2/plugins/com.st.stm32cube.ide.mcu.externaltools.gnu-tools-for-stm32.11.3.rel1.linux64_1.1.1.202309131626/tools/bin/../lib/gcc/arm-none-eabi/11.3.1/../../../../arm-none-eabi/lib/thumb/v7e-m+fp/hard/libc_nano.a(libc_a-nano-svfprintf.o)
                0x0000000008007484                _svfprintf_r
                0x0000000008007484                _svfiprintf_r
 .text._printf_common
                0x0000000008007680       0xda /opt/st/stm32cubeide_1.13.2/plugins/com.st.stm32cube.ide.mcu.externaltools.gnu-tools-for-stm32.11.3.rel1.linux64_1.1.1.202309131626/tools/bin/../lib/gcc/arm-none-eabi/11.3.1/../../../../arm-none-eabi/lib/thumb/v7e-m+fp/hard/libc_nano.a(libc_a-nano-vfprintf_i.o)
                0x0000000008007680                _printf_common
 *fill*         0x000000000800775a        0x2 
 .text._printf_i
                0x000000000800775c      0x244 /opt/st/stm32cubeide_1.13.2/plugins/com.st.stm32cube.ide.mcu.externaltools.gnu-tools-for-stm32.11.3.rel1.linux64_1.1.1.202309131626/tools/bin/../lib/gcc/arm-none-eabi/11.3.1/../../../../arm-none-eabi/lib/thumb/v7e-m+fp/hard/libc_nano.a(libc_a-nano-vfprintf_i.o)
                0x000000000800775c                _printf_i
 .text.memmove  0x00000000080079a0       0x34 /opt/st/stm32cubeide_1.13.2/plugins/com.st.stm32cube.ide.mcu.externaltools.gnu-tools-for-stm32.11.3.rel1.linux64_1.1.1.202309131626/tools/bin/../lib/gcc/arm-none-eabi/11.3.1/../../../../arm-none-eabi/lib/thumb/v7e-m+fp/hard/libc_nano.a(libc_a-memmove.o)
                0x00000000080079a0                memmove
 .text._sbrk_r  0x00000000080079d4       0x20 /opt/st/stm32cubeide_1.13.2/plugins/com.st.stm32cube.ide.mcu.externaltools.gnu-tools-for-stm32.11.3.rel1.linux64_1.1.1.202309131626/tools/bin/../lib/gcc/arm-none-eabi/11.3.1/../../../../arm-none-eabi/lib/thumb/v7e-m+fp/hard/libc_nano.a(libc_a-sbrkr.o)
                0x00000000080079d4                _sbrk_r
 .text._realloc_r
                0x00000000080079f4       0x5e /opt/st/stm32cubeide_1.13.2/plugins/com.st.stm32cube.ide.mcu.externaltools.gnu-tools-for-stm32.11.3.rel1.linux64_1.1.1.202309131626/tools/bin/../lib/gcc/arm-none-eabi/11.3.1/../../../../arm-none-eabi/lib/thumb/v7e-m+fp/hard/libc_nano.a(libc_a-reallocr.o)
                0x00000000080079f4                _realloc_r
 .text._malloc_usable_size_r
                0x0000000008007a52       0x10 /opt/st/stm32cubeide_1.13.2/plugins/com.st.stm32cube.ide.mcu.externaltools.gnu-tools-for-stm32.11.3.rel1.linux64_1.1.1.202309131626/tools/bin/../lib/gcc/arm-none-eabi/11.3.1/../../../../arm-none-eabi/lib/thumb/v7e-m+fp/hard/libc_nano.a(libc_a-msizer.o)
                0x0000000008007a52                _malloc_usable_size_r
 *fill*         0x0000000008007a62        0x2 
 .text.sqrtf    0x0000000008007a64       0x3c /opt/st/stm32cubeide_1.13.2/plugins/com.st.stm32cube.ide.mcu.externaltools.gnu-tools-for-stm32.11.3.rel1.linux64_1.1.1.202309131626/tools/bin/../lib/gcc/arm-none-eabi/11.3.1/../../../../arm-none-eabi/lib/thumb/v7e-m+fp/hard/libm.a(libm_a-wf_sqrt.o)
                0x0000000008007a64                sqrtf
 .text.__ieee754_sqrtf
                0x0000000008007aa0        0x6 /opt/st/stm32cubeide_1.13.2/plugins/com.st.stm32cube.ide.mcu.externaltools.gnu-tools-for-stm32.11.3.rel1.linux64_1.1.1.202309131626/tools/bin/../lib/gcc/arm-none-eabi/11.3.1/../../../../arm-none-eabi/lib/thumb/v7e-m+fp/hard/libm.a(libm_a-ef_sqrt.o)
                0x0000000008007aa0                __ieee754_sqrtf
 *(.glue_7)
 .glue_7        0x0000000008007aa6        0x0 linker stubs
 *(.glue_7t)
 .glue_7t       0x0000000008007aa6        0x0 linker stubs
 *(.eh_frame)
 *fill*         0x0000000008007aa6        0x2 
 .eh_frame      0x0000000008007aa8        0x0 /opt/st/stm32cubeide_1.13.2/plugins/com.st.stm32cube.ide.mcu.externaltools.gnu-tools-for-stm32.11.3.rel1.linux64_1.1.1.202309131626/tools/bin/../lib/gcc/arm-none-eabi/11.3.1/thumb/v7e-m+fp/hard/crtbegin.o
 *(.init)
 .init          0x0000000008007aa8        0x4 /opt/st/stm32cubeide_1.13.2/plugins/com.st.stm32cube.ide.mcu.externaltools.gnu-tools-for-stm32.11.3.rel1.linux64_1.1.1.202309131626/tools/bin/../lib/gcc/arm-none-eabi/11.3.1/thumb/v7e-m+fp/hard/crti.o
                0x0000000008007aa8                _init
 .init          0x0000000008007aac        0x8 /opt/st/stm32cubeide_1.13.2/plugins/com.st.stm32cube.ide.mcu.externaltools.gnu-tools-for-stm32.11.3.rel1.linux64_1.1.1.202309131626/tools/bin/../lib/gcc/arm-none-eabi/11.3.1/thumb/v7e-m+fp/hard/crtn.o
 *(.fini)
 .fini          0x0000000008007ab4        0x4 /opt/st/stm32cubeide_1.13.2/plugins/com.st.stm32cube.ide.mcu.externaltools.gnu-tools-for-stm32.11.3.rel1.linux64_1.1.1.202309131626/tools/bin/../lib/gcc/arm-none-eabi/11.3.1/thumb/v7e-m+fp/hard/crti.o
                0x0000000008007ab4                _fini
 .fini          0x0000000008007ab8        0x8 /opt/st/stm32cubeide_1.13.2/plugins/com.st.stm32cube.ide.mcu.externaltools.gnu-tools-for-stm32.11.3.rel1.linux64_1.1.1.202309131626/tools/bin/../lib/gcc/arm-none-eabi/11.3.1/thumb/v7e-m+fp/hard/crtn.o
                0x0000000008007ac0                . = ALIGN (0x4)
                0x0000000008007ac0                _etext = .

.vfp11_veneer   0x0000000008007ac0        0x0
 .vfp11_veneer  0x0000000008007ac0        0x0 linker stubs

.v4_bx          0x0000000008007ac0        0x0
 .v4_bx         0x0000000008007ac0        0x0 linker stubs

.iplt           0x0000000008007ac0        0x0
 .iplt          0x0000000008007ac0        0x0 /opt/st/stm32cubeide_1.13.2/plugins/com.st.stm32cube.ide.mcu.externaltools.gnu-tools-for-stm32.11.3.rel1.linux64_1.1.1.202309131626/tools/bin/../lib/gcc/arm-none-eabi/11.3.1/thumb/v7e-m+fp/hard/crtbegin.o

.rodata         0x0000000008007ac0    0x13e10
                0x0000000008007ac0                . = ALIGN (0x4)
 *(.rodata)
 .rodata        0x0000000008007ac0       0x6d ./Core/Src/main.o
 *fill*         0x0000000008007b2d        0x3 
 .rodata        0x0000000008007b30        0x5 ./Middlewares/Third_Party/FreeRTOS/Source/tasks.o
 *(.rodata*)
 *fill*         0x0000000008007b35        0x3 
 .rodata.Font11x18
                0x0000000008007b38      0xd5c ./Core/Src/fonts.o
                0x0000000008007b38                Font11x18
 .rodata.AHBPrescTable
                0x0000000008008894       0x10 ./Core/Src/system_stm32f4xx.o
                0x0000000008008894                AHBPrescTable
 .rodata.APBPrescTable
                0x00000000080088a4        0x8 ./Core/Src/system_stm32f4xx.o
                0x00000000080088a4                APBPrescTable
 .rodata.flagBitshiftOffset.0
                0x00000000080088ac        0x8 ./Drivers/STM32F4xx_HAL_Driver/Src/stm32f4xx_hal_dma.o
 .rodata.armBitRevIndexTable1024
                0x00000000080088b4      0xe10 /home/xxx/Escritorio/test_adc_nucleo/Drivers/CMSIS/DSP_libraries/Lib/GCC/libarm_cortexM4lf_math.a(arm_common_tables.o)
                0x00000000080088b4                armBitRevIndexTable1024
 .rodata.armBitRevIndexTable128
                0x00000000080096c4      0x1a0 /home/xxx/Escritorio/test_adc_nucleo/Drivers/CMSIS/DSP_libraries/Lib/GCC/libarm_cortexM4lf_math.a(arm_common_tables.o)
                0x00000000080096c4                armBitRevIndexTable128
 .rodata.armBitRevIndexTable16
                0x0000000008009864       0x28 /home/xxx/Escritorio/test_adc_nucleo/Drivers/CMSIS/DSP_libraries/Lib/GCC/libarm_cortexM4lf_math.a(arm_common_tables.o)
                0x0000000008009864                armBitRevIndexTable16
 .rodata.armBitRevIndexTable2048
                0x000000000800988c     0x1dc0 /home/xxx/Escritorio/test_adc_nucleo/Drivers/CMSIS/DSP_libraries/Lib/GCC/libarm_cortexM4lf_math.a(arm_common_tables.o)
                0x000000000800988c                armBitRevIndexTable2048
 .rodata.armBitRevIndexTable256
                0x000000000800b64c      0x370 /home/xxx/Escritorio/test_adc_nucleo/Drivers/CMSIS/DSP_libraries/Lib/GCC/libarm_cortexM4lf_math.a(arm_common_tables.o)
                0x000000000800b64c                armBitRevIndexTable256
 .rodata.armBitRevIndexTable32
                0x000000000800b9bc       0x60 /home/xxx/Escritorio/test_adc_nucleo/Drivers/CMSIS/DSP_libraries/Lib/GCC/libarm_cortexM4lf_math.a(arm_common_tables.o)
                0x000000000800b9bc                armBitRevIndexTable32
 .rodata.armBitRevIndexTable512
                0x000000000800ba1c      0x380 /home/xxx/Escritorio/test_adc_nucleo/Drivers/CMSIS/DSP_libraries/Lib/GCC/libarm_cortexM4lf_math.a(arm_common_tables.o)
                0x000000000800ba1c                armBitRevIndexTable512
 .rodata.twiddleCoef_1024
                0x000000000800bd9c     0x2000 /home/xxx/Escritorio/test_adc_nucleo/Drivers/CMSIS/DSP_libraries/Lib/GCC/libarm_cortexM4lf_math.a(arm_common_tables.o)
                0x000000000800bd9c                twiddleCoef_1024
 .rodata.twiddleCoef_128
                0x000000000800dd9c      0x400 /home/xxx/Escritorio/test_adc_nucleo/Drivers/CMSIS/DSP_libraries/Lib/GCC/libarm_cortexM4lf_math.a(arm_common_tables.o)
                0x000000000800dd9c                twiddleCoef_128
 .rodata.twiddleCoef_16
                0x000000000800e19c       0x80 /home/xxx/Escritorio/test_adc_nucleo/Drivers/CMSIS/DSP_libraries/Lib/GCC/libarm_cortexM4lf_math.a(arm_common_tables.o)
                0x000000000800e19c                twiddleCoef_16
 .rodata.twiddleCoef_2048
                0x000000000800e21c     0x4000 /home/xxx/Escritorio/test_adc_nucleo/Drivers/CMSIS/DSP_libraries/Lib/GCC/libarm_cortexM4lf_math.a(arm_common_tables.o)
                0x000000000800e21c                twiddleCoef_2048
 .rodata.twiddleCoef_256
                0x000000000801221c      0x800 /home/xxx/Escritorio/test_adc_nucleo/Drivers/CMSIS/DSP_libraries/Lib/GCC/libarm_cortexM4lf_math.a(arm_common_tables.o)
                0x000000000801221c                twiddleCoef_256
 .rodata.twiddleCoef_32
                0x0000000008012a1c      0x100 /home/xxx/Escritorio/test_adc_nucleo/Drivers/CMSIS/DSP_libraries/Lib/GCC/libarm_cortexM4lf_math.a(arm_common_tables.o)
                0x0000000008012a1c                twiddleCoef_32
 .rodata.twiddleCoef_512
                0x0000000008012b1c     0x1000 /home/xxx/Escritorio/test_adc_nucleo/Drivers/CMSIS/DSP_libraries/Lib/GCC/libarm_cortexM4lf_math.a(arm_common_tables.o)
                0x0000000008012b1c                twiddleCoef_512
 .rodata.twiddleCoef_rfft_1024
                0x0000000008013b1c     0x1000 /home/xxx/Escritorio/test_adc_nucleo/Drivers/CMSIS/DSP_libraries/Lib/GCC/libarm_cortexM4lf_math.a(arm_common_tables.o)
                0x0000000008013b1c                twiddleCoef_rfft_1024
 .rodata.twiddleCoef_rfft_2048
                0x0000000008014b1c     0x2000 /home/xxx/Escritorio/test_adc_nucleo/Drivers/CMSIS/DSP_libraries/Lib/GCC/libarm_cortexM4lf_math.a(arm_common_tables.o)
                0x0000000008014b1c                twiddleCoef_rfft_2048
 .rodata.twiddleCoef_rfft_256
                0x0000000008016b1c      0x400 /home/xxx/Escritorio/test_adc_nucleo/Drivers/CMSIS/DSP_libraries/Lib/GCC/libarm_cortexM4lf_math.a(arm_common_tables.o)
                0x0000000008016b1c                twiddleCoef_rfft_256
 .rodata.twiddleCoef_rfft_32
                0x0000000008016f1c       0x80 /home/xxx/Escritorio/test_adc_nucleo/Drivers/CMSIS/DSP_libraries/Lib/GCC/libarm_cortexM4lf_math.a(arm_common_tables.o)
                0x0000000008016f1c                twiddleCoef_rfft_32
 .rodata.twiddleCoef_rfft_4096
                0x0000000008016f9c     0x4000 /home/xxx/Escritorio/test_adc_nucleo/Drivers/CMSIS/DSP_libraries/Lib/GCC/libarm_cortexM4lf_math.a(arm_common_tables.o)
                0x0000000008016f9c                twiddleCoef_rfft_4096
 .rodata.twiddleCoef_rfft_512
                0x000000000801af9c      0x800 /home/xxx/Escritorio/test_adc_nucleo/Drivers/CMSIS/DSP_libraries/Lib/GCC/libarm_cortexM4lf_math.a(arm_common_tables.o)
                0x000000000801af9c                twiddleCoef_rfft_512
 .rodata.twiddleCoef_rfft_64
                0x000000000801b79c      0x100 /home/xxx/Escritorio/test_adc_nucleo/Drivers/CMSIS/DSP_libraries/Lib/GCC/libarm_cortexM4lf_math.a(arm_common_tables.o)
                0x000000000801b79c                twiddleCoef_rfft_64
 .rodata._svfprintf_r.str1.1
                0x000000000801b89c       0x11 /opt/st/stm32cubeide_1.13.2/plugins/com.st.stm32cube.ide.mcu.externaltools.gnu-tools-for-stm32.11.3.rel1.linux64_1.1.1.202309131626/tools/bin/../lib/gcc/arm-none-eabi/11.3.1/../../../../arm-none-eabi/lib/thumb/v7e-m+fp/hard/libc_nano.a(libc_a-nano-svfprintf.o)
 .rodata._printf_i.str1.1
                0x000000000801b8ad       0x22 /opt/st/stm32cubeide_1.13.2/plugins/com.st.stm32cube.ide.mcu.externaltools.gnu-tools-for-stm32.11.3.rel1.linux64_1.1.1.202309131626/tools/bin/../lib/gcc/arm-none-eabi/11.3.1/../../../../arm-none-eabi/lib/thumb/v7e-m+fp/hard/libc_nano.a(libc_a-nano-vfprintf_i.o)
                0x000000000801b8d0                . = ALIGN (0x4)
 *fill*         0x000000000801b8cf        0x1 

.ARM.extab      0x000000000801b8d0        0x0
                0x000000000801b8d0                . = ALIGN (0x4)
 *(.ARM.extab* .gnu.linkonce.armextab.*)
                0x000000000801b8d0                . = ALIGN (0x4)

.ARM            0x000000000801b8d0        0x8
                0x000000000801b8d0                . = ALIGN (0x4)
                0x000000000801b8d0                __exidx_start = .
 *(.ARM.exidx*)
 .ARM.exidx     0x000000000801b8d0        0x8 /opt/st/stm32cubeide_1.13.2/plugins/com.st.stm32cube.ide.mcu.externaltools.gnu-tools-for-stm32.11.3.rel1.linux64_1.1.1.202309131626/tools/bin/../lib/gcc/arm-none-eabi/11.3.1/thumb/v7e-m+fp/hard/libgcc.a(_udivmoddi4.o)
                0x000000000801b8d8                __exidx_end = .
                0x000000000801b8d8                . = ALIGN (0x4)

.rel.dyn        0x000000000801b8d8        0x0
 .rel.iplt      0x000000000801b8d8        0x0 /opt/st/stm32cubeide_1.13.2/plugins/com.st.stm32cube.ide.mcu.externaltools.gnu-tools-for-stm32.11.3.rel1.linux64_1.1.1.202309131626/tools/bin/../lib/gcc/arm-none-eabi/11.3.1/thumb/v7e-m+fp/hard/crtbegin.o

.preinit_array  0x000000000801b8d8        0x0
                0x000000000801b8d8                . = ALIGN (0x4)
                0x000000000801b8d8                PROVIDE (__preinit_array_start = .)
 *(.preinit_array*)
                0x000000000801b8d8                PROVIDE (__preinit_array_end = .)
                0x000000000801b8d8                . = ALIGN (0x4)

.init_array     0x000000000801b8d8        0x4
                0x000000000801b8d8                . = ALIGN (0x4)
                0x000000000801b8d8                PROVIDE (__init_array_start = .)
 *(SORT_BY_NAME(.init_array.*))
 *(.init_array*)
 .init_array    0x000000000801b8d8        0x4 /opt/st/stm32cubeide_1.13.2/plugins/com.st.stm32cube.ide.mcu.externaltools.gnu-tools-for-stm32.11.3.rel1.linux64_1.1.1.202309131626/tools/bin/../lib/gcc/arm-none-eabi/11.3.1/thumb/v7e-m+fp/hard/crtbegin.o
                0x000000000801b8dc                PROVIDE (__init_array_end = .)
                0x000000000801b8dc                . = ALIGN (0x4)

.fini_array     0x000000000801b8dc        0x4
                0x000000000801b8dc                . = ALIGN (0x4)
                [!provide]                        PROVIDE (__fini_array_start = .)
 *(SORT_BY_NAME(.fini_array.*))
 *(.fini_array*)
 .fini_array    0x000000000801b8dc        0x4 /opt/st/stm32cubeide_1.13.2/plugins/com.st.stm32cube.ide.mcu.externaltools.gnu-tools-for-stm32.11.3.rel1.linux64_1.1.1.202309131626/tools/bin/../lib/gcc/arm-none-eabi/11.3.1/thumb/v7e-m+fp/hard/crtbegin.o
                [!provide]                        PROVIDE (__fini_array_end = .)
                0x000000000801b8e0                . = ALIGN (0x4)
                0x000000000801b8e0                _sidata = LOADADDR (.data)

.data           0x0000000020000000     0x2068 load address 0x000000000801b8e0
                0x0000000020000000                . = ALIGN (0x4)
                0x0000000020000000                _sdata = .
 *(.data)
 *(.data*)
 .data.Font_11x18
                0x0000000020000000        0x8 ./Core/Src/fonts.o
                0x0000000020000000                Font_11x18
 .data.buffer   0x0000000020000008     0x2000 ./Core/Src/main.o
                0x0000000020000008                buffer
 .data.SystemCoreClock
                0x0000000020002008        0x4 ./Core/Src/system_stm32f4xx.o
                0x0000000020002008                SystemCoreClock
 .data.uwTickPrio
                0x000000002000200c        0x4 ./Drivers/STM32F4xx_HAL_Driver/Src/stm32f4xx_hal.o
                0x000000002000200c                uwTickPrio
 .data.uwTickFreq
                0x0000000020002010        0x1 ./Drivers/STM32F4xx_HAL_Driver/Src/stm32f4xx_hal.o
                0x0000000020002010                uwTickFreq
 *fill*         0x0000000020002011        0x3 
 .data.uxCriticalNesting
                0x0000000020002014        0x4 ./Middlewares/Third_Party/FreeRTOS/Source/portable/GCC/ARM_CM4F/port.o
 .data._impure_data
                0x0000000020002018       0x4c /opt/st/stm32cubeide_1.13.2/plugins/com.st.stm32cube.ide.mcu.externaltools.gnu-tools-for-stm32.11.3.rel1.linux64_1.1.1.202309131626/tools/bin/../lib/gcc/arm-none-eabi/11.3.1/../../../../arm-none-eabi/lib/thumb/v7e-m+fp/hard/libc_nano.a(libc_a-impure.o)
                0x0000000020002018                _impure_data
 .data._impure_ptr
                0x0000000020002064        0x4 /opt/st/stm32cubeide_1.13.2/plugins/com.st.stm32cube.ide.mcu.externaltools.gnu-tools-for-stm32.11.3.rel1.linux64_1.1.1.202309131626/tools/bin/../lib/gcc/arm-none-eabi/11.3.1/../../../../arm-none-eabi/lib/thumb/v7e-m+fp/hard/libc_nano.a(libc_a-impure.o)
                0x0000000020002064                _impure_ptr
 *(.RamFunc)
 *(.RamFunc*)
                0x0000000020002068                . = ALIGN (0x4)
                0x0000000020002068                _edata = .

.igot.plt       0x0000000020002068        0x0 load address 0x000000000801d948
 .igot.plt      0x0000000020002068        0x0 /opt/st/stm32cubeide_1.13.2/plugins/com.st.stm32cube.ide.mcu.externaltools.gnu-tools-for-stm32.11.3.rel1.linux64_1.1.1.202309131626/tools/bin/../lib/gcc/arm-none-eabi/11.3.1/thumb/v7e-m+fp/hard/crtbegin.o
                0x0000000020002068                . = ALIGN (0x4)

.bss            0x0000000020002068     0xc6b0 load address 0x000000000801d948
                0x0000000020002068                _sbss = .
                0x0000000020002068                __bss_start__ = _sbss
 *(.bss)
 .bss           0x0000000020002068       0x1c /opt/st/stm32cubeide_1.13.2/plugins/com.st.stm32cube.ide.mcu.externaltools.gnu-tools-for-stm32.11.3.rel1.linux64_1.1.1.202309131626/tools/bin/../lib/gcc/arm-none-eabi/11.3.1/thumb/v7e-m+fp/hard/crtbegin.o
 *(.bss*)
 .bss.xIdleTaskTCBBuffer
                0x0000000020002084       0xa0 ./Core/Src/freertos.o
 .bss.xIdleStack
                0x0000000020002124      0x200 ./Core/Src/freertos.o
 .bss.hadc1     0x0000000020002324       0x48 ./Core/Src/main.o
                0x0000000020002324                hadc1
 .bss.hdma_adc1
                0x000000002000236c       0x60 ./Core/Src/main.o
                0x000000002000236c                hdma_adc1
 .bss.hi2c1     0x00000000200023cc       0x54 ./Core/Src/main.o
                0x00000000200023cc                hi2c1
 .bss.defaultTaskHandle
                0x0000000020002420        0x4 ./Core/Src/main.o
                0x0000000020002420                defaultTaskHandle
 .bss.input_signal
                0x0000000020002424     0x4000 ./Core/Src/main.o
                0x0000000020002424                input_signal
 .bss.fft_output
                0x0000000020006424     0x4000 ./Core/Src/main.o
                0x0000000020006424                fft_output
 .bss.SSD1306_Buffer
                0x000000002000a424      0x400 ./Core/Src/ssd1306.o
 .bss.SSD1306   0x000000002000a824        0x6 ./Core/Src/ssd1306.o
 *fill*         0x000000002000a82a        0x2 
 .bss.htim1     0x000000002000a82c       0x48 ./Core/Src/stm32f4xx_hal_timebase_tim.o
                0x000000002000a82c                htim1
 .bss.__sbrk_heap_end
                0x000000002000a874        0x4 ./Core/Src/sysmem.o
 .bss.uwTick    0x000000002000a878        0x4 ./Drivers/STM32F4xx_HAL_Driver/Src/stm32f4xx_hal.o
                0x000000002000a878                uwTick
 .bss.pxCurrentTCB
                0x000000002000a87c        0x4 ./Middlewares/Third_Party/FreeRTOS/Source/tasks.o
                0x000000002000a87c                pxCurrentTCB
 .bss.pxReadyTasksLists
                0x000000002000a880       0x8c ./Middlewares/Third_Party/FreeRTOS/Source/tasks.o
 .bss.xDelayedTaskList1
                0x000000002000a90c       0x14 ./Middlewares/Third_Party/FreeRTOS/Source/tasks.o
 .bss.xDelayedTaskList2
                0x000000002000a920       0x14 ./Middlewares/Third_Party/FreeRTOS/Source/tasks.o
 .bss.pxDelayedTaskList
                0x000000002000a934        0x4 ./Middlewares/Third_Party/FreeRTOS/Source/tasks.o
 .bss.pxOverflowDelayedTaskList
                0x000000002000a938        0x4 ./Middlewares/Third_Party/FreeRTOS/Source/tasks.o
 .bss.xPendingReadyList
                0x000000002000a93c       0x14 ./Middlewares/Third_Party/FreeRTOS/Source/tasks.o
 .bss.xTasksWaitingTermination
                0x000000002000a950       0x14 ./Middlewares/Third_Party/FreeRTOS/Source/tasks.o
 .bss.uxDeletedTasksWaitingCleanUp
                0x000000002000a964        0x4 ./Middlewares/Third_Party/FreeRTOS/Source/tasks.o
 .bss.xSuspendedTaskList
                0x000000002000a968       0x14 ./Middlewares/Third_Party/FreeRTOS/Source/tasks.o
 .bss.uxCurrentNumberOfTasks
                0x000000002000a97c        0x4 ./Middlewares/Third_Party/FreeRTOS/Source/tasks.o
 .bss.xTickCount
                0x000000002000a980        0x4 ./Middlewares/Third_Party/FreeRTOS/Source/tasks.o
 .bss.uxTopReadyPriority
                0x000000002000a984        0x4 ./Middlewares/Third_Party/FreeRTOS/Source/tasks.o
 .bss.xSchedulerRunning
                0x000000002000a988        0x4 ./Middlewares/Third_Party/FreeRTOS/Source/tasks.o
 .bss.xPendedTicks
                0x000000002000a98c        0x4 ./Middlewares/Third_Party/FreeRTOS/Source/tasks.o
 .bss.xYieldPending
                0x000000002000a990        0x4 ./Middlewares/Third_Party/FreeRTOS/Source/tasks.o
 .bss.xNumOfOverflows
                0x000000002000a994        0x4 ./Middlewares/Third_Party/FreeRTOS/Source/tasks.o
 .bss.uxTaskNumber
                0x000000002000a998        0x4 ./Middlewares/Third_Party/FreeRTOS/Source/tasks.o
 .bss.xNextTaskUnblockTime
                0x000000002000a99c        0x4 ./Middlewares/Third_Party/FreeRTOS/Source/tasks.o
 .bss.xIdleTaskHandle
                0x000000002000a9a0        0x4 ./Middlewares/Third_Party/FreeRTOS/Source/tasks.o
 .bss.uxSchedulerSuspended
                0x000000002000a9a4        0x4 ./Middlewares/Third_Party/FreeRTOS/Source/tasks.o
 .bss.ucMaxSysCallPriority
                0x000000002000a9a8        0x1 ./Middlewares/Third_Party/FreeRTOS/Source/portable/GCC/ARM_CM4F/port.o
 *fill*         0x000000002000a9a9        0x3 
 .bss.ulMaxPRIGROUPValue
                0x000000002000a9ac        0x4 ./Middlewares/Third_Party/FreeRTOS/Source/portable/GCC/ARM_CM4F/port.o
 .bss.ucHeap    0x000000002000a9b0     0x3c00 ./Middlewares/Third_Party/FreeRTOS/Source/portable/MemMang/heap_4.o
 .bss.xStart    0x000000002000e5b0        0x8 ./Middlewares/Third_Party/FreeRTOS/Source/portable/MemMang/heap_4.o
 .bss.pxEnd     0x000000002000e5b8        0x4 ./Middlewares/Third_Party/FreeRTOS/Source/portable/MemMang/heap_4.o
 .bss.xFreeBytesRemaining
                0x000000002000e5bc        0x4 ./Middlewares/Third_Party/FreeRTOS/Source/portable/MemMang/heap_4.o
 .bss.xMinimumEverFreeBytesRemaining
                0x000000002000e5c0        0x4 ./Middlewares/Third_Party/FreeRTOS/Source/portable/MemMang/heap_4.o
 .bss.xNumberOfSuccessfulAllocations
                0x000000002000e5c4        0x4 ./Middlewares/Third_Party/FreeRTOS/Source/portable/MemMang/heap_4.o
 .bss.xNumberOfSuccessfulFrees
                0x000000002000e5c8        0x4 ./Middlewares/Third_Party/FreeRTOS/Source/portable/MemMang/heap_4.o
 .bss.xBlockAllocatedBit
                0x000000002000e5cc        0x4 ./Middlewares/Third_Party/FreeRTOS/Source/portable/MemMang/heap_4.o
 .bss.__sf      0x000000002000e5d0      0x138 /opt/st/stm32cubeide_1.13.2/plugins/com.st.stm32cube.ide.mcu.externaltools.gnu-tools-for-stm32.11.3.rel1.linux64_1.1.1.202309131626/tools/bin/../lib/gcc/arm-none-eabi/11.3.1/../../../../arm-none-eabi/lib/thumb/v7e-m+fp/hard/libc_nano.a(libc_a-findfp.o)
                0x000000002000e5d0                __sf
 .bss.errno     0x000000002000e708        0x4 /opt/st/stm32cubeide_1.13.2/plugins/com.st.stm32cube.ide.mcu.externaltools.gnu-tools-for-stm32.11.3.rel1.linux64_1.1.1.202309131626/tools/bin/../lib/gcc/arm-none-eabi/11.3.1/../../../../arm-none-eabi/lib/thumb/v7e-m+fp/hard/libc_nano.a(libc_a-reent.o)
                0x000000002000e708                errno
 .bss.__lock___malloc_recursive_mutex
                0x000000002000e70c        0x1 /opt/st/stm32cubeide_1.13.2/plugins/com.st.stm32cube.ide.mcu.externaltools.gnu-tools-for-stm32.11.3.rel1.linux64_1.1.1.202309131626/tools/bin/../lib/gcc/arm-none-eabi/11.3.1/../../../../arm-none-eabi/lib/thumb/v7e-m+fp/hard/libc_nano.a(libc_a-lock.o)
                0x000000002000e70c                __lock___malloc_recursive_mutex
 *fill*         0x000000002000e70d        0x3 
 .bss.__malloc_free_list
                0x000000002000e710        0x4 /opt/st/stm32cubeide_1.13.2/plugins/com.st.stm32cube.ide.mcu.externaltools.gnu-tools-for-stm32.11.3.rel1.linux64_1.1.1.202309131626/tools/bin/../lib/gcc/arm-none-eabi/11.3.1/../../../../arm-none-eabi/lib/thumb/v7e-m+fp/hard/libc_nano.a(libc_a-mallocr.o)
                0x000000002000e710                __malloc_free_list
 .bss.__malloc_sbrk_start
                0x000000002000e714        0x4 /opt/st/stm32cubeide_1.13.2/plugins/com.st.stm32cube.ide.mcu.externaltools.gnu-tools-for-stm32.11.3.rel1.linux64_1.1.1.202309131626/tools/bin/../lib/gcc/arm-none-eabi/11.3.1/../../../../arm-none-eabi/lib/thumb/v7e-m+fp/hard/libc_nano.a(libc_a-mallocr.o)
                0x000000002000e714                __malloc_sbrk_start
 *(COMMON)
                0x000000002000e718                . = ALIGN (0x4)
                0x000000002000e718                _ebss = .
                0x000000002000e718                __bss_end__ = _ebss

._user_heap_stack
                0x000000002000e718      0x600 load address 0x000000000801d948
                0x000000002000e718                . = ALIGN (0x8)
                [!provide]                        PROVIDE (end = .)
                0x000000002000e718                PROVIDE (_end = .)
                0x000000002000e918                . = (. + _Min_Heap_Size)
 *fill*         0x000000002000e718      0x200 
                0x000000002000ed18                . = (. + _Min_Stack_Size)
 *fill*         0x000000002000e918      0x400 
                0x000000002000ed18                . = ALIGN (0x8)

/DISCARD/
 libc.a(*)
 libm.a(*)
 libgcc.a(*)

.ARM.attributes
                0x0000000000000000       0x30
 *(.ARM.attributes)
 .ARM.attributes
                0x0000000000000000       0x1e /opt/st/stm32cubeide_1.13.2/plugins/com.st.stm32cube.ide.mcu.externaltools.gnu-tools-for-stm32.11.3.rel1.linux64_1.1.1.202309131626/tools/bin/../lib/gcc/arm-none-eabi/11.3.1/thumb/v7e-m+fp/hard/crti.o
 .ARM.attributes
                0x000000000000001e       0x34 /opt/st/stm32cubeide_1.13.2/plugins/com.st.stm32cube.ide.mcu.externaltools.gnu-tools-for-stm32.11.3.rel1.linux64_1.1.1.202309131626/tools/bin/../lib/gcc/arm-none-eabi/11.3.1/thumb/v7e-m+fp/hard/crtbegin.o
 .ARM.attributes
                0x0000000000000052       0x34 ./Core/Src/fonts.o
 .ARM.attributes
                0x0000000000000086       0x34 ./Core/Src/freertos.o
 .ARM.attributes
                0x00000000000000ba       0x34 ./Core/Src/main.o
 .ARM.attributes
                0x00000000000000ee       0x34 ./Core/Src/ssd1306.o
 .ARM.attributes
                0x0000000000000122       0x34 ./Core/Src/stm32f4xx_hal_msp.o
 .ARM.attributes
                0x0000000000000156       0x34 ./Core/Src/stm32f4xx_hal_timebase_tim.o
 .ARM.attributes
                0x000000000000018a       0x34 ./Core/Src/stm32f4xx_it.o
 .ARM.attributes
                0x00000000000001be       0x34 ./Core/Src/sysmem.o
 .ARM.attributes
                0x00000000000001f2       0x34 ./Core/Src/system_stm32f4xx.o
 .ARM.attributes
                0x0000000000000226       0x21 ./Core/Startup/startup_stm32f401retx.o
 .ARM.attributes
                0x0000000000000247       0x34 ./Drivers/STM32F4xx_HAL_Driver/Src/stm32f4xx_hal.o
 .ARM.attributes
                0x000000000000027b       0x34 ./Drivers/STM32F4xx_HAL_Driver/Src/stm32f4xx_hal_adc.o
 .ARM.attributes
                0x00000000000002af       0x34 ./Drivers/STM32F4xx_HAL_Driver/Src/stm32f4xx_hal_adc_ex.o
 .ARM.attributes
                0x00000000000002e3       0x34 ./Drivers/STM32F4xx_HAL_Driver/Src/stm32f4xx_hal_cortex.o
 .ARM.attributes
                0x0000000000000317       0x34 ./Drivers/STM32F4xx_HAL_Driver/Src/stm32f4xx_hal_dma.o
 .ARM.attributes
                0x000000000000034b       0x34 ./Drivers/STM32F4xx_HAL_Driver/Src/stm32f4xx_hal_gpio.o
 .ARM.attributes
                0x000000000000037f       0x34 ./Drivers/STM32F4xx_HAL_Driver/Src/stm32f4xx_hal_i2c.o
 .ARM.attributes
                0x00000000000003b3       0x34 ./Drivers/STM32F4xx_HAL_Driver/Src/stm32f4xx_hal_rcc.o
 .ARM.attributes
                0x00000000000003e7       0x34 ./Drivers/STM32F4xx_HAL_Driver/Src/stm32f4xx_hal_tim.o
 .ARM.attributes
                0x000000000000041b       0x34 ./Drivers/STM32F4xx_HAL_Driver/Src/stm32f4xx_hal_tim_ex.o
 .ARM.attributes
                0x000000000000044f       0x34 ./Middlewares/Third_Party/FreeRTOS/Source/CMSIS_RTOS/cmsis_os.o
 .ARM.attributes
                0x0000000000000483       0x34 ./Middlewares/Third_Party/FreeRTOS/Source/list.o
 .ARM.attributes
                0x00000000000004b7       0x34 ./Middlewares/Third_Party/FreeRTOS/Source/tasks.o
 .ARM.attributes
                0x00000000000004eb       0x34 ./Middlewares/Third_Party/FreeRTOS/Source/portable/GCC/ARM_CM4F/port.o
 .ARM.attributes
                0x000000000000051f       0x34 ./Middlewares/Third_Party/FreeRTOS/Source/portable/MemMang/heap_4.o
 .ARM.attributes
                0x0000000000000553       0x34 /home/xxx/Escritorio/test_adc_nucleo/Drivers/CMSIS/DSP_libraries/Lib/GCC/libarm_cortexM4lf_math.a(arm_max_f32.o)
 .ARM.attributes
                0x0000000000000587       0x34 /home/xxx/Escritorio/test_adc_nucleo/Drivers/CMSIS/DSP_libraries/Lib/GCC/libarm_cortexM4lf_math.a(arm_rfft_fast_init_f32.o)
 .ARM.attributes
                0x00000000000005bb       0x34 /home/xxx/Escritorio/test_adc_nucleo/Drivers/CMSIS/DSP_libraries/Lib/GCC/libarm_cortexM4lf_math.a(arm_rfft_fast_f32.o)
 .ARM.attributes
                0x00000000000005ef       0x34 /home/xxx/Escritorio/test_adc_nucleo/Drivers/CMSIS/DSP_libraries/Lib/GCC/libarm_cortexM4lf_math.a(arm_cfft_f32.o)
 .ARM.attributes
                0x0000000000000623       0x34 /home/xxx/Escritorio/test_adc_nucleo/Drivers/CMSIS/DSP_libraries/Lib/GCC/libarm_cortexM4lf_math.a(arm_bitreversal2.o)
 .ARM.attributes
                0x0000000000000657       0x34 /home/xxx/Escritorio/test_adc_nucleo/Drivers/CMSIS/DSP_libraries/Lib/GCC/libarm_cortexM4lf_math.a(arm_cmplx_mag_f32.o)
 .ARM.attributes
                0x000000000000068b       0x39 /home/xxx/Escritorio/test_adc_nucleo/Drivers/CMSIS/DSP_libraries/Lib/GCC/libarm_cortexM4lf_math.a(arm_common_tables.o)
 .ARM.attributes
                0x00000000000006c4       0x34 /home/xxx/Escritorio/test_adc_nucleo/Drivers/CMSIS/DSP_libraries/Lib/GCC/libarm_cortexM4lf_math.a(arm_cfft_radix8_f32.o)
 .ARM.attributes
                0x00000000000006f8       0x34 /opt/st/stm32cubeide_1.13.2/plugins/com.st.stm32cube.ide.mcu.externaltools.gnu-tools-for-stm32.11.3.rel1.linux64_1.1.1.202309131626/tools/bin/../lib/gcc/arm-none-eabi/11.3.1/../../../../arm-none-eabi/lib/thumb/v7e-m+fp/hard/libc_nano.a(libc_a-findfp.o)
 .ARM.attributes
                0x000000000000072c       0x34 /opt/st/stm32cubeide_1.13.2/plugins/com.st.stm32cube.ide.mcu.externaltools.gnu-tools-for-stm32.11.3.rel1.linux64_1.1.1.202309131626/tools/bin/../lib/gcc/arm-none-eabi/11.3.1/../../../../arm-none-eabi/lib/thumb/v7e-m+fp/hard/libc_nano.a(libc_a-sprintf.o)
 .ARM.attributes
                0x0000000000000760       0x34 /opt/st/stm32cubeide_1.13.2/plugins/com.st.stm32cube.ide.mcu.externaltools.gnu-tools-for-stm32.11.3.rel1.linux64_1.1.1.202309131626/tools/bin/../lib/gcc/arm-none-eabi/11.3.1/../../../../arm-none-eabi/lib/thumb/v7e-m+fp/hard/libc_nano.a(libc_a-memset.o)
 .ARM.attributes
                0x0000000000000794       0x34 /opt/st/stm32cubeide_1.13.2/plugins/com.st.stm32cube.ide.mcu.externaltools.gnu-tools-for-stm32.11.3.rel1.linux64_1.1.1.202309131626/tools/bin/../lib/gcc/arm-none-eabi/11.3.1/../../../../arm-none-eabi/lib/thumb/v7e-m+fp/hard/libc_nano.a(libc_a-reent.o)
 .ARM.attributes
                0x00000000000007c8       0x34 /opt/st/stm32cubeide_1.13.2/plugins/com.st.stm32cube.ide.mcu.externaltools.gnu-tools-for-stm32.11.3.rel1.linux64_1.1.1.202309131626/tools/bin/../lib/gcc/arm-none-eabi/11.3.1/../../../../arm-none-eabi/lib/thumb/v7e-m+fp/hard/libc_nano.a(libc_a-impure.o)
 .ARM.attributes
                0x00000000000007fc       0x34 /opt/st/stm32cubeide_1.13.2/plugins/com.st.stm32cube.ide.mcu.externaltools.gnu-tools-for-stm32.11.3.rel1.linux64_1.1.1.202309131626/tools/bin/../lib/gcc/arm-none-eabi/11.3.1/../../../../arm-none-eabi/lib/thumb/v7e-m+fp/hard/libc_nano.a(libc_a-errno.o)
 .ARM.attributes
                0x0000000000000830       0x34 /opt/st/stm32cubeide_1.13.2/plugins/com.st.stm32cube.ide.mcu.externaltools.gnu-tools-for-stm32.11.3.rel1.linux64_1.1.1.202309131626/tools/bin/../lib/gcc/arm-none-eabi/11.3.1/../../../../arm-none-eabi/lib/thumb/v7e-m+fp/hard/libc_nano.a(libc_a-init.o)
 .ARM.attributes
                0x0000000000000864       0x34 /opt/st/stm32cubeide_1.13.2/plugins/com.st.stm32cube.ide.mcu.externaltools.gnu-tools-for-stm32.11.3.rel1.linux64_1.1.1.202309131626/tools/bin/../lib/gcc/arm-none-eabi/11.3.1/../../../../arm-none-eabi/lib/thumb/v7e-m+fp/hard/libc_nano.a(libc_a-lock.o)
 .ARM.attributes
                0x0000000000000898       0x34 /opt/st/stm32cubeide_1.13.2/plugins/com.st.stm32cube.ide.mcu.externaltools.gnu-tools-for-stm32.11.3.rel1.linux64_1.1.1.202309131626/tools/bin/../lib/gcc/arm-none-eabi/11.3.1/../../../../arm-none-eabi/lib/thumb/v7e-m+fp/hard/libc_nano.a(libc_a-memcpy-stub.o)
 .ARM.attributes
                0x00000000000008cc       0x34 /opt/st/stm32cubeide_1.13.2/plugins/com.st.stm32cube.ide.mcu.externaltools.gnu-tools-for-stm32.11.3.rel1.linux64_1.1.1.202309131626/tools/bin/../lib/gcc/arm-none-eabi/11.3.1/../../../../arm-none-eabi/lib/thumb/v7e-m+fp/hard/libc_nano.a(libc_a-freer.o)
 .ARM.attributes
                0x0000000000000900       0x34 /opt/st/stm32cubeide_1.13.2/plugins/com.st.stm32cube.ide.mcu.externaltools.gnu-tools-for-stm32.11.3.rel1.linux64_1.1.1.202309131626/tools/bin/../lib/gcc/arm-none-eabi/11.3.1/../../../../arm-none-eabi/lib/thumb/v7e-m+fp/hard/libc_nano.a(libc_a-mallocr.o)
 .ARM.attributes
                0x0000000000000934       0x34 /opt/st/stm32cubeide_1.13.2/plugins/com.st.stm32cube.ide.mcu.externaltools.gnu-tools-for-stm32.11.3.rel1.linux64_1.1.1.202309131626/tools/bin/../lib/gcc/arm-none-eabi/11.3.1/../../../../arm-none-eabi/lib/thumb/v7e-m+fp/hard/libc_nano.a(libc_a-mlock.o)
 .ARM.attributes
                0x0000000000000968       0x34 /opt/st/stm32cubeide_1.13.2/plugins/com.st.stm32cube.ide.mcu.externaltools.gnu-tools-for-stm32.11.3.rel1.linux64_1.1.1.202309131626/tools/bin/../lib/gcc/arm-none-eabi/11.3.1/../../../../arm-none-eabi/lib/thumb/v7e-m+fp/hard/libc_nano.a(libc_a-nano-svfprintf.o)
 .ARM.attributes
                0x000000000000099c       0x34 /opt/st/stm32cubeide_1.13.2/plugins/com.st.stm32cube.ide.mcu.externaltools.gnu-tools-for-stm32.11.3.rel1.linux64_1.1.1.202309131626/tools/bin/../lib/gcc/arm-none-eabi/11.3.1/../../../../arm-none-eabi/lib/thumb/v7e-m+fp/hard/libc_nano.a(libc_a-nano-vfprintf_i.o)
 .ARM.attributes
                0x00000000000009d0       0x34 /opt/st/stm32cubeide_1.13.2/plugins/com.st.stm32cube.ide.mcu.externaltools.gnu-tools-for-stm32.11.3.rel1.linux64_1.1.1.202309131626/tools/bin/../lib/gcc/arm-none-eabi/11.3.1/../../../../arm-none-eabi/lib/thumb/v7e-m+fp/hard/libc_nano.a(libc_a-memmove.o)
 .ARM.attributes
                0x0000000000000a04       0x34 /opt/st/stm32cubeide_1.13.2/plugins/com.st.stm32cube.ide.mcu.externaltools.gnu-tools-for-stm32.11.3.rel1.linux64_1.1.1.202309131626/tools/bin/../lib/gcc/arm-none-eabi/11.3.1/../../../../arm-none-eabi/lib/thumb/v7e-m+fp/hard/libc_nano.a(libc_a-sbrkr.o)
 .ARM.attributes
                0x0000000000000a38       0x1c /opt/st/stm32cubeide_1.13.2/plugins/com.st.stm32cube.ide.mcu.externaltools.gnu-tools-for-stm32.11.3.rel1.linux64_1.1.1.202309131626/tools/bin/../lib/gcc/arm-none-eabi/11.3.1/../../../../arm-none-eabi/lib/thumb/v7e-m+fp/hard/libc_nano.a(libc_a-memchr.o)
 .ARM.attributes
                0x0000000000000a54       0x34 /opt/st/stm32cubeide_1.13.2/plugins/com.st.stm32cube.ide.mcu.externaltools.gnu-tools-for-stm32.11.3.rel1.linux64_1.1.1.202309131626/tools/bin/../lib/gcc/arm-none-eabi/11.3.1/../../../../arm-none-eabi/lib/thumb/v7e-m+fp/hard/libc_nano.a(libc_a-reallocr.o)
 .ARM.attributes
                0x0000000000000a88       0x34 /opt/st/stm32cubeide_1.13.2/plugins/com.st.stm32cube.ide.mcu.externaltools.gnu-tools-for-stm32.11.3.rel1.linux64_1.1.1.202309131626/tools/bin/../lib/gcc/arm-none-eabi/11.3.1/../../../../arm-none-eabi/lib/thumb/v7e-m+fp/hard/libc_nano.a(libc_a-msizer.o)
 .ARM.attributes
                0x0000000000000abc       0x34 /opt/st/stm32cubeide_1.13.2/plugins/com.st.stm32cube.ide.mcu.externaltools.gnu-tools-for-stm32.11.3.rel1.linux64_1.1.1.202309131626/tools/bin/../lib/gcc/arm-none-eabi/11.3.1/../../../../arm-none-eabi/lib/thumb/v7e-m+fp/hard/libm.a(libm_a-wf_sqrt.o)
 .ARM.attributes
                0x0000000000000af0       0x34 /opt/st/stm32cubeide_1.13.2/plugins/com.st.stm32cube.ide.mcu.externaltools.gnu-tools-for-stm32.11.3.rel1.linux64_1.1.1.202309131626/tools/bin/../lib/gcc/arm-none-eabi/11.3.1/../../../../arm-none-eabi/lib/thumb/v7e-m+fp/hard/libm.a(libm_a-ef_sqrt.o)
 .ARM.attributes
                0x0000000000000b24       0x1e /opt/st/stm32cubeide_1.13.2/plugins/com.st.stm32cube.ide.mcu.externaltools.gnu-tools-for-stm32.11.3.rel1.linux64_1.1.1.202309131626/tools/bin/../lib/gcc/arm-none-eabi/11.3.1/thumb/v7e-m+fp/hard/libgcc.a(_aeabi_uldivmod.o)
 .ARM.attributes
                0x0000000000000b42       0x34 /opt/st/stm32cubeide_1.13.2/plugins/com.st.stm32cube.ide.mcu.externaltools.gnu-tools-for-stm32.11.3.rel1.linux64_1.1.1.202309131626/tools/bin/../lib/gcc/arm-none-eabi/11.3.1/thumb/v7e-m+fp/hard/libgcc.a(_udivmoddi4.o)
 .ARM.attributes
                0x0000000000000b76       0x1e /opt/st/stm32cubeide_1.13.2/plugins/com.st.stm32cube.ide.mcu.externaltools.gnu-tools-for-stm32.11.3.rel1.linux64_1.1.1.202309131626/tools/bin/../lib/gcc/arm-none-eabi/11.3.1/thumb/v7e-m+fp/hard/libgcc.a(_dvmd_tls.o)
 .ARM.attributes
                0x0000000000000b94       0x1e /opt/st/stm32cubeide_1.13.2/plugins/com.st.stm32cube.ide.mcu.externaltools.gnu-tools-for-stm32.11.3.rel1.linux64_1.1.1.202309131626/tools/bin/../lib/gcc/arm-none-eabi/11.3.1/thumb/v7e-m+fp/hard/crtn.o
OUTPUT(test_adc_nucleo.elf elf32-littlearm)
LOAD linker stubs
LOAD /opt/st/stm32cubeide_1.13.2/plugins/com.st.stm32cube.ide.mcu.externaltools.gnu-tools-for-stm32.11.3.rel1.linux64_1.1.1.202309131626/tools/bin/../lib/gcc/arm-none-eabi/11.3.1/../../../../arm-none-eabi/lib/thumb/v7e-m+fp/hard/libc.a
LOAD /opt/st/stm32cubeide_1.13.2/plugins/com.st.stm32cube.ide.mcu.externaltools.gnu-tools-for-stm32.11.3.rel1.linux64_1.1.1.202309131626/tools/bin/../lib/gcc/arm-none-eabi/11.3.1/../../../../arm-none-eabi/lib/thumb/v7e-m+fp/hard/libm.a
LOAD /opt/st/stm32cubeide_1.13.2/plugins/com.st.stm32cube.ide.mcu.externaltools.gnu-tools-for-stm32.11.3.rel1.linux64_1.1.1.202309131626/tools/bin/../lib/gcc/arm-none-eabi/11.3.1/thumb/v7e-m+fp/hard/libgcc.a

.comment        0x0000000000000000       0xb8
 .comment       0x0000000000000000       0x43 /opt/st/stm32cubeide_1.13.2/plugins/com.st.stm32cube.ide.mcu.externaltools.gnu-tools-for-stm32.11.3.rel1.linux64_1.1.1.202309131626/tools/bin/../lib/gcc/arm-none-eabi/11.3.1/thumb/v7e-m+fp/hard/crtbegin.o
                                         0x44 (size before relaxing)
 .comment       0x0000000000000043       0x44 ./Core/Src/fonts.o
 .comment       0x0000000000000043       0x44 ./Core/Src/freertos.o
 .comment       0x0000000000000043       0x44 ./Core/Src/main.o
 .comment       0x0000000000000043       0x44 ./Core/Src/ssd1306.o
 .comment       0x0000000000000043       0x44 ./Core/Src/stm32f4xx_hal_msp.o
 .comment       0x0000000000000043       0x44 ./Core/Src/stm32f4xx_hal_timebase_tim.o
 .comment       0x0000000000000043       0x44 ./Core/Src/stm32f4xx_it.o
 .comment       0x0000000000000043       0x44 ./Core/Src/sysmem.o
 .comment       0x0000000000000043       0x44 ./Core/Src/system_stm32f4xx.o
 .comment       0x0000000000000043       0x44 ./Drivers/STM32F4xx_HAL_Driver/Src/stm32f4xx_hal.o
 .comment       0x0000000000000043       0x44 ./Drivers/STM32F4xx_HAL_Driver/Src/stm32f4xx_hal_adc.o
 .comment       0x0000000000000043       0x44 ./Drivers/STM32F4xx_HAL_Driver/Src/stm32f4xx_hal_adc_ex.o
 .comment       0x0000000000000043       0x44 ./Drivers/STM32F4xx_HAL_Driver/Src/stm32f4xx_hal_cortex.o
 .comment       0x0000000000000043       0x44 ./Drivers/STM32F4xx_HAL_Driver/Src/stm32f4xx_hal_dma.o
 .comment       0x0000000000000043       0x44 ./Drivers/STM32F4xx_HAL_Driver/Src/stm32f4xx_hal_gpio.o
 .comment       0x0000000000000043       0x44 ./Drivers/STM32F4xx_HAL_Driver/Src/stm32f4xx_hal_i2c.o
 .comment       0x0000000000000043       0x44 ./Drivers/STM32F4xx_HAL_Driver/Src/stm32f4xx_hal_rcc.o
 .comment       0x0000000000000043       0x44 ./Drivers/STM32F4xx_HAL_Driver/Src/stm32f4xx_hal_tim.o
 .comment       0x0000000000000043       0x44 ./Drivers/STM32F4xx_HAL_Driver/Src/stm32f4xx_hal_tim_ex.o
 .comment       0x0000000000000043       0x44 ./Middlewares/Third_Party/FreeRTOS/Source/CMSIS_RTOS/cmsis_os.o
 .comment       0x0000000000000043       0x44 ./Middlewares/Third_Party/FreeRTOS/Source/list.o
 .comment       0x0000000000000043       0x44 ./Middlewares/Third_Party/FreeRTOS/Source/tasks.o
 .comment       0x0000000000000043       0x44 ./Middlewares/Third_Party/FreeRTOS/Source/portable/GCC/ARM_CM4F/port.o
 .comment       0x0000000000000043       0x44 ./Middlewares/Third_Party/FreeRTOS/Source/portable/MemMang/heap_4.o
 .comment       0x0000000000000043       0x75 /home/xxx/Escritorio/test_adc_nucleo/Drivers/CMSIS/DSP_libraries/Lib/GCC/libarm_cortexM4lf_math.a(arm_max_f32.o)
                                         0x76 (size before relaxing)
 .comment       0x00000000000000b8       0x76 /home/xxx/Escritorio/test_adc_nucleo/Drivers/CMSIS/DSP_libraries/Lib/GCC/libarm_cortexM4lf_math.a(arm_rfft_fast_init_f32.o)
 .comment       0x00000000000000b8       0x76 /home/xxx/Escritorio/test_adc_nucleo/Drivers/CMSIS/DSP_libraries/Lib/GCC/libarm_cortexM4lf_math.a(arm_rfft_fast_f32.o)
 .comment       0x00000000000000b8       0x76 /home/xxx/Escritorio/test_adc_nucleo/Drivers/CMSIS/DSP_libraries/Lib/GCC/libarm_cortexM4lf_math.a(arm_cfft_f32.o)
 .comment       0x00000000000000b8       0x76 /home/xxx/Escritorio/test_adc_nucleo/Drivers/CMSIS/DSP_libraries/Lib/GCC/libarm_cortexM4lf_math.a(arm_bitreversal2.o)
 .comment       0x00000000000000b8       0x76 /home/xxx/Escritorio/test_adc_nucleo/Drivers/CMSIS/DSP_libraries/Lib/GCC/libarm_cortexM4lf_math.a(arm_cmplx_mag_f32.o)
 .comment       0x00000000000000b8       0x76 /home/xxx/Escritorio/test_adc_nucleo/Drivers/CMSIS/DSP_libraries/Lib/GCC/libarm_cortexM4lf_math.a(arm_common_tables.o)
 .comment       0x00000000000000b8       0x76 /home/xxx/Escritorio/test_adc_nucleo/Drivers/CMSIS/DSP_libraries/Lib/GCC/libarm_cortexM4lf_math.a(arm_cfft_radix8_f32.o)

.debug_info     0x0000000000000000    0x200cd
 .debug_info    0x0000000000000000      0x255 ./Core/Src/fonts.o
 .debug_info    0x0000000000000255      0x918 ./Core/Src/freertos.o
 .debug_info    0x0000000000000b6d     0x23ac ./Core/Src/main.o
 .debug_info    0x0000000000002f19     0x1086 ./Core/Src/ssd1306.o
 .debug_info    0x0000000000003f9f      0xea9 ./Core/Src/stm32f4xx_hal_msp.o
 .debug_info    0x0000000000004e48      0xb55 ./Core/Src/stm32f4xx_hal_timebase_tim.o
 .debug_info    0x000000000000599d      0x954 ./Core/Src/stm32f4xx_it.o
 .debug_info    0x00000000000062f1      0x168 ./Core/Src/sysmem.o
 .debug_info    0x0000000000006459      0x53e ./Core/Src/system_stm32f4xx.o
 .debug_info    0x0000000000006997       0x23 ./Core/Startup/startup_stm32f401retx.o
 .debug_info    0x00000000000069ba      0x8be ./Drivers/STM32F4xx_HAL_Driver/Src/stm32f4xx_hal.o
 .debug_info    0x0000000000007278      0xcb3 ./Drivers/STM32F4xx_HAL_Driver/Src/stm32f4xx_hal_adc.o
 .debug_info    0x0000000000007f2b      0xb56 ./Drivers/STM32F4xx_HAL_Driver/Src/stm32f4xx_hal_adc_ex.o
 .debug_info    0x0000000000008a81      0xcb0 ./Drivers/STM32F4xx_HAL_Driver/Src/stm32f4xx_hal_cortex.o
 .debug_info    0x0000000000009731      0x8e6 ./Drivers/STM32F4xx_HAL_Driver/Src/stm32f4xx_hal_dma.o
 .debug_info    0x000000000000a017      0x6f9 ./Drivers/STM32F4xx_HAL_Driver/Src/stm32f4xx_hal_gpio.o
 .debug_info    0x000000000000a710     0x23f2 ./Drivers/STM32F4xx_HAL_Driver/Src/stm32f4xx_hal_i2c.o
 .debug_info    0x000000000000cb02      0x8f2 ./Drivers/STM32F4xx_HAL_Driver/Src/stm32f4xx_hal_rcc.o
 .debug_info    0x000000000000d3f4     0x2942 ./Drivers/STM32F4xx_HAL_Driver/Src/stm32f4xx_hal_tim.o
 .debug_info    0x000000000000fd36     0x14a7 ./Drivers/STM32F4xx_HAL_Driver/Src/stm32f4xx_hal_tim_ex.o
 .debug_info    0x00000000000111dd     0x21e1 ./Middlewares/Third_Party/FreeRTOS/Source/CMSIS_RTOS/cmsis_os.o
 .debug_info    0x00000000000133be      0x2af ./Middlewares/Third_Party/FreeRTOS/Source/list.o
 .debug_info    0x000000000001366d     0x239d ./Middlewares/Third_Party/FreeRTOS/Source/tasks.o
 .debug_info    0x0000000000015a0a      0x4de ./Middlewares/Third_Party/FreeRTOS/Source/portable/GCC/ARM_CM4F/port.o
 .debug_info    0x0000000000015ee8      0x4d5 ./Middlewares/Third_Party/FreeRTOS/Source/portable/MemMang/heap_4.o
 .debug_info    0x00000000000163bd      0xb3c /home/xxx/Escritorio/test_adc_nucleo/Drivers/CMSIS/DSP_libraries/Lib/GCC/libarm_cortexM4lf_math.a(arm_max_f32.o)
 .debug_info    0x0000000000016ef9     0x192a /home/xxx/Escritorio/test_adc_nucleo/Drivers/CMSIS/DSP_libraries/Lib/GCC/libarm_cortexM4lf_math.a(arm_rfft_fast_init_f32.o)
 .debug_info    0x0000000000018823      0xf91 /home/xxx/Escritorio/test_adc_nucleo/Drivers/CMSIS/DSP_libraries/Lib/GCC/libarm_cortexM4lf_math.a(arm_rfft_fast_f32.o)
 .debug_info    0x00000000000197b4     0x1c5b /home/xxx/Escritorio/test_adc_nucleo/Drivers/CMSIS/DSP_libraries/Lib/GCC/libarm_cortexM4lf_math.a(arm_cfft_f32.o)
 .debug_info    0x000000000001b40f     0x16a6 /home/xxx/Escritorio/test_adc_nucleo/Drivers/CMSIS/DSP_libraries/Lib/GCC/libarm_cortexM4lf_math.a(arm_bitreversal2.o)
 .debug_info    0x000000000001cab5      0xcba /home/xxx/Escritorio/test_adc_nucleo/Drivers/CMSIS/DSP_libraries/Lib/GCC/libarm_cortexM4lf_math.a(arm_cmplx_mag_f32.o)
 .debug_info    0x000000000001d76f     0x1a84 /home/xxx/Escritorio/test_adc_nucleo/Drivers/CMSIS/DSP_libraries/Lib/GCC/libarm_cortexM4lf_math.a(arm_common_tables.o)
 .debug_info    0x000000000001f1f3      0xeda /home/xxx/Escritorio/test_adc_nucleo/Drivers/CMSIS/DSP_libraries/Lib/GCC/libarm_cortexM4lf_math.a(arm_cfft_radix8_f32.o)

.debug_abbrev   0x0000000000000000     0x492e
 .debug_abbrev  0x0000000000000000      0x11c ./Core/Src/fonts.o
 .debug_abbrev  0x000000000000011c      0x16f ./Core/Src/freertos.o
 .debug_abbrev  0x000000000000028b      0x3dd ./Core/Src/main.o
 .debug_abbrev  0x0000000000000668      0x31c ./Core/Src/ssd1306.o
 .debug_abbrev  0x0000000000000984      0x202 ./Core/Src/stm32f4xx_hal_msp.o
 .debug_abbrev  0x0000000000000b86      0x1f4 ./Core/Src/stm32f4xx_hal_timebase_tim.o