Archive member included to satisfy reference by file (symbol)

/home/xxx/Escritorio/stm32/test_adc_nucleo/Drivers/CMSIS/DSP_libraries/Lib/GCC/libarm_cortexM4lf_math.a(arm_mean_f32.o)
                              ./Core/Src/main.o (arm_mean_f32)
/home/xxx/Escritorio/stm32/test_adc_nucleo/Drivers/CMSIS/DSP_libraries/Lib/GCC/libarm_cortexM4lf_math.a(arm_max_f32.o)
                              ./Core/Src/main.o (arm_max_f32)
/home/xxx/Escritorio/stm32/test_adc_nucleo/Drivers/CMSIS/DSP_libraries/Lib/GCC/libarm_cortexM4lf_math.a(arm_rfft_fast_init_f32.o)
                              ./Core/Src/main.o (arm_rfft_fast_init_f32)
/home/xxx/Escritorio/stm32/test_adc_nucleo/Drivers/CMSIS/DSP_libraries/Lib/GCC/libarm_cortexM4lf_math.a(arm_rfft_fast_f32.o)
                              ./Core/Src/main.o (arm_rfft_fast_f32)
/home/xxx/Escritorio/stm32/test_adc_nucleo/Drivers/CMSIS/DSP_libraries/Lib/GCC/libarm_cortexM4lf_math.a(arm_cfft_f32.o)
                              /home/xxx/Escritorio/stm32/test_adc_nucleo/Drivers/CMSIS/DSP_libraries/Lib/GCC/libarm_cortexM4lf_math.a(arm_rfft_fast_f32.o) (arm_cfft_f32)
/home/xxx/Escritorio/stm32/test_adc_nucleo/Drivers/CMSIS/DSP_libraries/Lib/GCC/libarm_cortexM4lf_math.a(arm_bitreversal2.o)
                              /home/xxx/Escritorio/stm32/test_adc_nucleo/Drivers/CMSIS/DSP_libraries/Lib/GCC/libarm_cortexM4lf_math.a(arm_cfft_f32.o) (arm_bitreversal_32)
/home/xxx/Escritorio/stm32/test_adc_nucleo/Drivers/CMSIS/DSP_libraries/Lib/GCC/libarm_cortexM4lf_math.a(arm_cmplx_mag_f32.o)
                              ./Core/Src/main.o (arm_cmplx_mag_f32)
/home/xxx/Escritorio/stm32/test_adc_nucleo/Drivers/CMSIS/DSP_libraries/Lib/GCC/libarm_cortexM4lf_math.a(arm_common_tables.o)
                              /home/xxx/Escritorio/stm32/test_adc_nucleo/Drivers/CMSIS/DSP_libraries/Lib/GCC/libarm_cortexM4lf_math.a(arm_rfft_fast_init_f32.o) (twiddleCoef_rfft_4096)
/home/xxx/Escritorio/stm32/test_adc_nucleo/Drivers/CMSIS/DSP_libraries/Lib/GCC/libarm_cortexM4lf_math.a(arm_cfft_radix8_f32.o)
                              /home/xxx/Escritorio/stm32/test_adc_nucleo/Drivers/CMSIS/DSP_libraries/Lib/GCC/libarm_cortexM4lf_math.a(arm_cfft_f32.o) (arm_radix8_butterfly_f32)
/opt/st/stm32cubeide_1.15.0/plugins/com.st.stm32cube.ide.mcu.externaltools.gnu-tools-for-stm32.12.3.rel1.linux64_1.0.100.202403111256/tools/bin/../lib/gcc/arm-none-eabi/12.3.1/../../../../arm-none-eabi/lib/thumb/v7e-m+fp/hard/libc_nano.a(libc_a-exit.o)
                              /opt/st/stm32cubeide_1.15.0/plugins/com.st.stm32cube.ide.mcu.externaltools.gnu-tools-for-stm32.12.3.rel1.linux64_1.0.100.202403111256/tools/bin/../lib/gcc/arm-none-eabi/12.3.1/../../../../arm-none-eabi/lib/thumb/v7e-m+fp/hard/crt0.o (exit)
/opt/st/stm32cubeide_1.15.0/plugins/com.st.stm32cube.ide.mcu.externaltools.gnu-tools-for-stm32.12.3.rel1.linux64_1.0.100.202403111256/tools/bin/../lib/gcc/arm-none-eabi/12.3.1/../../../../arm-none-eabi/lib/thumb/v7e-m+fp/hard/libc_nano.a(libc_a-findfp.o)
                              ./Middlewares/Third_Party/FreeRTOS/Source/tasks.o (__sf)
/opt/st/stm32cubeide_1.15.0/plugins/com.st.stm32cube.ide.mcu.externaltools.gnu-tools-for-stm32.12.3.rel1.linux64_1.0.100.202403111256/tools/bin/../lib/gcc/arm-none-eabi/12.3.1/../../../../arm-none-eabi/lib/thumb/v7e-m+fp/hard/libc_nano.a(libc_a-fwalk.o)
                              /opt/st/stm32cubeide_1.15.0/plugins/com.st.stm32cube.ide.mcu.externaltools.gnu-tools-for-stm32.12.3.rel1.linux64_1.0.100.202403111256/tools/bin/../lib/gcc/arm-none-eabi/12.3.1/../../../../arm-none-eabi/lib/thumb/v7e-m+fp/hard/libc_nano.a(libc_a-findfp.o) (_fwalk_sglue)
/opt/st/stm32cubeide_1.15.0/plugins/com.st.stm32cube.ide.mcu.externaltools.gnu-tools-for-stm32.12.3.rel1.linux64_1.0.100.202403111256/tools/bin/../lib/gcc/arm-none-eabi/12.3.1/../../../../arm-none-eabi/lib/thumb/v7e-m+fp/hard/libc_nano.a(libc_a-stdio.o)
                              /opt/st/stm32cubeide_1.15.0/plugins/com.st.stm32cube.ide.mcu.externaltools.gnu-tools-for-stm32.12.3.rel1.linux64_1.0.100.202403111256/tools/bin/../lib/gcc/arm-none-eabi/12.3.1/../../../../arm-none-eabi/lib/thumb/v7e-m+fp/hard/libc_nano.a(libc_a-findfp.o) (__sread)
/opt/st/stm32cubeide_1.15.0/plugins/com.st.stm32cube.ide.mcu.externaltools.gnu-tools-for-stm32.12.3.rel1.linux64_1.0.100.202403111256/tools/bin/../lib/gcc/arm-none-eabi/12.3.1/../../../../arm-none-eabi/lib/thumb/v7e-m+fp/hard/libc_nano.a(libc_a-memset.o)
                              /opt/st/stm32cubeide_1.15.0/plugins/com.st.stm32cube.ide.mcu.externaltools.gnu-tools-for-stm32.12.3.rel1.linux64_1.0.100.202403111256/tools/bin/../lib/gcc/arm-none-eabi/12.3.1/../../../../arm-none-eabi/lib/thumb/v7e-m+fp/hard/crt0.o (memset)
/opt/st/stm32cubeide_1.15.0/plugins/com.st.stm32cube.ide.mcu.externaltools.gnu-tools-for-stm32.12.3.rel1.linux64_1.0.100.202403111256/tools/bin/../lib/gcc/arm-none-eabi/12.3.1/../../../../arm-none-eabi/lib/thumb/v7e-m+fp/hard/libc_nano.a(libc_a-closer.o)
[...]
Memory Configuration

Name             Origin             Length             Attributes
RAM              0x20000000         0x00018000         xrw
FLASH            0x08000000         0x00080000         xr
*default*        0x00000000         0xffffffff

Linker script and memory map

LOAD /opt/st/stm32cubeide_1.15.0/plugins/com.st.stm32cube.ide.mcu.externaltools.gnu-tools-for-stm32.12.3.rel1.linux64_1.0.100.202403111256/tools/bin/../lib/gcc/arm-none-eabi/12.3.1/thumb/v7e-m+fp/hard/crti.o
LOAD /opt/st/stm32cubeide_1.15.0/plugins/com.st.stm32cube.ide.mcu.externaltools.gnu-tools-for-stm32.12.3.rel1.linux64_1.0.100.202403111256/tools/bin/../lib/gcc/arm-none-eabi/12.3.1/thumb/v7e-m+fp/hard/crtbegin.o
LOAD /opt/st/stm32cubeide_1.15.0/plugins/com.st.stm32cube.ide.mcu.externaltools.gnu-tools-for-stm32.12.3.rel1.linux64_1.0.100.202403111256/tools/bin/../lib/gcc/arm-none-eabi/12.3.1/../../../../arm-none-eabi/lib/thumb/v7e-m+fp/hard/crt0.o
LOAD ./Core/Src/fonts.o
LOAD ./Core/Src/freertos.o
LOAD ./Core/Src/main.o
LOAD ./Core/Src/ssd1306.o
LOAD ./Core/Src/stm32f4xx_hal_msp.o
LOAD ./Core/Src/stm32f4xx_hal_timebase_tim.o
LOAD ./Core/Src/stm32f4xx_it.o
LOAD ./Core/Src/syscalls.o
LOAD ./Core/Src/sysmem.o
LOAD ./Core/Src/system_stm32f4xx.o
LOAD ./Core/Startup/startup_stm32f401retx.o
LOAD ./Drivers/STM32F4xx_HAL_Driver/Src/stm32f4xx_hal.o
LOAD ./Drivers/STM32F4xx_HAL_Driver/Src/stm32f4xx_hal_adc.o
LOAD ./Drivers/STM32F4xx_HAL_Driver/Src/stm32f4xx_hal_adc_ex.o
LOAD ./Drivers/STM32F4xx_HAL_Driver/Src/stm32f4xx_hal_cortex.o
LOAD ./Drivers/STM32F4xx_HAL_Driver/Src/stm32f4xx_hal_dma.o
LOAD ./Drivers/STM32F4xx_HAL_Driver/Src/stm32f4xx_hal_dma_ex.o
LOAD ./Drivers/STM32F4xx_HAL_Driver/Src/stm32f4xx_hal_exti.o
LOAD ./Drivers/STM32F4xx_HAL_Driver/Src/stm32f4xx_hal_flash.o
LOAD ./Drivers/STM32F4xx_HAL_Driver/Src/stm32f4xx_hal_flash_ex.o
LOAD ./Drivers/STM32F4xx_HAL_Driver/Src/stm32f4xx_hal_flash_ramfunc.o
LOAD ./Drivers/STM32F4xx_HAL_Driver/Src/stm32f4xx_hal_gpio.o
LOAD ./Drivers/STM32F4xx_HAL_Driver/Src/stm32f4xx_hal_i2c.o
LOAD ./Drivers/STM32F4xx_HAL_Driver/Src/stm32f4xx_hal_i2c_ex.o
LOAD ./Drivers/STM32F4xx_HAL_Driver/Src/stm32f4xx_hal_pwr.o
LOAD ./Drivers/STM32F4xx_HAL_Driver/Src/stm32f4xx_hal_pwr_ex.o
LOAD ./Drivers/STM32F4xx_HAL_Driver/Src/stm32f4xx_hal_rcc.o
LOAD ./Drivers/STM32F4xx_HAL_Driver/Src/stm32f4xx_hal_rcc_ex.o
LOAD ./Drivers/STM32F4xx_HAL_Driver/Src/stm32f4xx_hal_tim.o
LOAD ./Drivers/STM32F4xx_HAL_Driver/Src/stm32f4xx_hal_tim_ex.o
LOAD ./Drivers/STM32F4xx_HAL_Driver/Src/stm32f4xx_ll_adc.o
LOAD ./Middlewares/Third_Party/FreeRTOS/Source/CMSIS_RTOS/cmsis_os.o
LOAD ./Middlewares/Third_Party/FreeRTOS/Source/croutine.o
LOAD ./Middlewares/Third_Party/FreeRTOS/Source/event_groups.o
LOAD ./Middlewares/Third_Party/FreeRTOS/Source/list.o
LOAD ./Middlewares/Third_Party/FreeRTOS/Source/queue.o
LOAD ./Middlewares/Third_Party/FreeRTOS/Source/stream_buffer.o
LOAD ./Middlewares/Third_Party/FreeRTOS/Source/tasks.o
LOAD ./Middlewares/Third_Party/FreeRTOS/Source/timers.o
LOAD ./Middlewares/Third_Party/FreeRTOS/Source/portable/GCC/ARM_CM4F/port.o
LOAD ./Middlewares/Third_Party/FreeRTOS/Source/portable/MemMang/heap_4.o
LOAD /home/xxx/Escritorio/stm32/test_adc_nucleo/Drivers/CMSIS/DSP_libraries/Lib/GCC/libarm_cortexM4lf_math.a
START GROUP
LOAD /opt/st/stm32cubeide_1.15.0/plugins/com.st.stm32cube.ide.mcu.externaltools.gnu-tools-for-stm32.12.3.rel1.linux64_1.0.100.202403111256/tools/bin/../lib/gcc/arm-none-eabi/12.3.1/../../../../arm-none-eabi/lib/thumb/v7e-m+fp/hard/libc_nano.a
LOAD /opt/st/stm32cubeide_1.15.0/plugins/com.st.stm32cube.ide.mcu.externaltools.gnu-tools-for-stm32.12.3.rel1.linux64_1.0.100.202403111256/tools/bin/../lib/gcc/arm-none-eabi/12.3.1/../../../../arm-none-eabi/lib/thumb/v7e-m+fp/hard/libm.a
END GROUP
START GROUP
LOAD /opt/st/stm32cubeide_1.15.0/plugins/com.st.stm32cube.ide.mcu.externaltools.gnu-tools-for-stm32.12.3.rel1.linux64_1.0.100.202403111256/tools/bin/../lib/gcc/arm-none-eabi/12.3.1/thumb/v7e-m+fp/hard/libgcc.a
LOAD /opt/st/stm32cubeide_1.15.0/plugins/com.st.stm32cube.ide.mcu.externaltools.gnu-tools-for-stm32.12.3.rel1.linux64_1.0.100.202403111256/tools/bin/../lib/gcc/arm-none-eabi/12.3.1/../../../../arm-none-eabi/lib/thumb/v7e-m+fp/hard/libc_nano.a
END GROUP
START GROUP
LOAD /opt/st/stm32cubeide_1.15.0/plugins/com.st.stm32cube.ide.mcu.externaltools.gnu-tools-for-stm32.12.3.rel1.linux64_1.0.100.202403111256/tools/bin/../lib/gcc/arm-none-eabi/12.3.1/thumb/v7e-m+fp/hard/libgcc.a
LOAD /opt/st/stm32cubeide_1.15.0/plugins/com.st.stm32cube.ide.mcu.externaltools.gnu-tools-for-stm32.12.3.rel1.linux64_1.0.100.202403111256/tools/bin/../lib/gcc/arm-none-eabi/12.3.1/../../../../arm-none-eabi/lib/thumb/v7e-m+fp/hard/libc_nano.a
LOAD /opt/st/stm32cubeide_1.15.0/plugins/com.st.stm32cube.ide.mcu.externaltools.gnu-tools-for-stm32.12.3.rel1.linux64_1.0.100.202403111256/tools/bin/../lib/gcc/arm-none-eabi/12.3.1/../../../../arm-none-eabi/lib/thumb/v7e-m+fp/hard/libnosys.a
END GROUP
START GROUP
LOAD /opt/st/stm32cubeide_1.15.0/plugins/com.st.stm32cube.ide.mcu.externaltools.gnu-tools-for-stm32.12.3.rel1.linux64_1.0.100.202403111256/tools/bin/../lib/gcc/arm-none-eabi/12.3.1/thumb/v7e-m+fp/hard/libgcc.a
LOAD /opt/st/stm32cubeide_1.15.0/plugins/com.st.stm32cube.ide.mcu.externaltools.gnu-tools-for-stm32.12.3.rel1.linux64_1.0.100.202403111256/tools/bin/../lib/gcc/arm-none-eabi/12.3.1/../../../../arm-none-eabi/lib/thumb/v7e-m+fp/hard/libc_nano.a
LOAD /opt/st/stm32cubeide_1.15.0/plugins/com.st.stm32cube.ide.mcu.externaltools.gnu-tools-for-stm32.12.3.rel1.linux64_1.0.100.202403111256/tools/bin/../lib/gcc/arm-none-eabi/12.3.1/../../../../arm-none-eabi/lib/thumb/v7e-m+fp/hard/libnosys.a
END GROUP
LOAD /opt/st/stm32cubeide_1.15.0/plugins/com.st.stm32cube.ide.mcu.externaltools.gnu-tools-for-stm32.12.3.rel1.linux64_1.0.100.202403111256/tools/bin/../lib/gcc/arm-none-eabi/12.3.1/thumb/v7e-m+fp/hard/crtend.o
LOAD /opt/st/stm32cubeide_1.15.0/plugins/com.st.stm32cube.ide.mcu.externaltools.gnu-tools-for-stm32.12.3.rel1.linux64_1.0.100.202403111256/tools/bin/../lib/gcc/arm-none-eabi/12.3.1/thumb/v7e-m+fp/hard/crtn.o
                0x20018000                        _estack = (ORIGIN (RAM) + LENGTH (RAM))
                0x00000200                        _Min_Heap_Size = 0x200
                0x00000400                        _Min_Stack_Size = 0x400

.isr_vector     0x08000000      0x194
                0x08000000                        . = ALIGN (0x4)
 *(.isr_vector)
 .isr_vector    0x08000000      0x194 ./Core/Startup/startup_stm32f401retx.o
                0x08000000                g_pfnVectors
                0x08000194                        . = ALIGN (0x4)

.text           0x080001a0     0x7b70
                0x080001a0                        . = ALIGN (0x4)
 *(.text)
 .text          0x080001a0       0x40 /opt/st/stm32cubeide_1.15.0/plugins/com.st.stm32cube.ide.mcu.externaltools.gnu-tools-for-stm32.12.3.rel1.linux64_1.0.100.202403111256/tools/bin/../lib/gcc/arm-none-eabi/12.3.1/thumb/v7e-m+fp/hard/crtbegin.o
 .text          0x080001e0       0x30 /opt/st/stm32cubeide_1.15.0/plugins/com.st.stm32cube.ide.mcu.externaltools.gnu-tools-for-stm32.12.3.rel1.linux64_1.0.100.202403111256/tools/bin/../lib/gcc/arm-none-eabi/12.3.1/thumb/v7e-m+fp/hard/libgcc.a(_aeabi_uldivmod.o)
                0x080001e0                __aeabi_uldivmod
 .text          0x08000210      0x2bc /opt/st/stm32cubeide_1.15.0/plugins/com.st.stm32cube.ide.mcu.externaltools.gnu-tools-for-stm32.12.3.rel1.linux64_1.0.100.202403111256/tools/bin/../lib/gcc/arm-none-eabi/12.3.1/thumb/v7e-m+fp/hard/libgcc.a(_udivmoddi4.o)
                0x08000210                __udivmoddi4
 .text          0x080004cc        0x4 /opt/st/stm32cubeide_1.15.0/plugins/com.st.stm32cube.ide.mcu.externaltools.gnu-tools-for-stm32.12.3.rel1.linux64_1.0.100.202403111256/tools/bin/../lib/gcc/arm-none-eabi/12.3.1/thumb/v7e-m+fp/hard/libgcc.a(_dvmd_tls.o)
                0x080004cc                __aeabi_ldiv0
                0x080004cc                __aeabi_idiv0
 *(.text*)
 .text.vApplicationGetIdleTaskMemory
                0x080004d0       0x34 ./Core/Src/freertos.o
                0x080004d0                vApplicationGetIdleTaskMemory
 .text.main     0x08000504       0x64 ./Core/Src/main.o
                0x08000504                main
 .text.SystemClock_Config
                0x08000568       0xc0 ./Core/Src/main.o
                0x08000568                SystemClock_Config
 .text.MX_ADC1_Init
                0x08000628      0x120 ./Core/Src/main.o
 .text.MX_I2C1_Init
                0x08000748       0x5c ./Core/Src/main.o
 .text.MX_DMA_Init
                0x080007a4       0x40 ./Core/Src/main.o
 .text.MX_GPIO_Init
                0x080007e4       0x84 ./Core/Src/main.o
 .text.get_note_from_frequency
                0x08000868       0xa2 ./Core/Src/main.o
                0x08000868                get_note_from_frequency
 *fill*         0x0800090a        0x2 
 .text.calculate_fft_and_find_frequency
                0x0800090c       0xe0 ./Core/Src/main.o
                0x0800090c                calculate_fft_and_find_frequency
 .text.HAL_ADC_ConvCpltCallback
                0x080009ec       0x50 ./Core/Src/main.o
                0x080009ec                HAL_ADC_ConvCpltCallback
 .text.StartDefaultTask
                0x08000a3c       0xa0 ./Core/Src/main.o
                0x08000a3c                StartDefaultTask
 .text.HAL_TIM_PeriodElapsedCallback
                0x08000adc       0x24 ./Core/Src/main.o
                0x08000adc                HAL_TIM_PeriodElapsedCallback
 .text.Error_Handler
                0x08000b00        0xc ./Core/Src/main.o
                0x08000b00                Error_Handler
 .text.SSD1306_PutIntU
                0x08000b0c       0x98 ./Core/Src/ssd1306.o
                0x08000b0c                SSD1306_PutIntU
 .text.SSD1306_Init
                0x08000ba4      0x188 ./Core/Src/ssd1306.o
                0x08000ba4                SSD1306_Init
 .text.SSD1306_UpdateScreen
                0x08000d2c       0x5c ./Core/Src/ssd1306.o
                0x08000d2c                SSD1306_UpdateScreen
 .text.SSD1306_Fill
                0x08000d88       0x30 ./Core/Src/ssd1306.o
                0x08000d88                SSD1306_Fill
 .text.SSD1306_DrawPixel
                0x08000db8       0xc0 ./Core/Src/ssd1306.o
                0x08000db8                SSD1306_DrawPixel
 .text.SSD1306_GotoXY
                0x08000e78       0x2c ./Core/Src/ssd1306.o
                0x08000e78                SSD1306_GotoXY
 .text.SSD1306_Putc
                0x08000ea4       0xfc ./Core/Src/ssd1306.o
                0x08000ea4                SSD1306_Putc
 .text.SSD1306_Puts
                0x08000fa0       0x4a ./Core/Src/ssd1306.o
                0x08000fa0                SSD1306_Puts
 *fill*         0x08000fea        0x2 
 .text.ssd1306_I2C_Init
                0x08000fec       0x2c ./Core/Src/ssd1306.o
                0x08000fec                ssd1306_I2C_Init
 .text.ssd1306_I2C_WriteMulti
                0x08001018       0xcc ./Core/Src/ssd1306.o
                0x08001018                ssd1306_I2C_WriteMulti
 .text.ssd1306_I2C_Write
                0x080010e4       0x3c ./Core/Src/ssd1306.o
                0x080010e4                ssd1306_I2C_Write
 .text.HAL_MspInit
                0x08001120       0x58 ./Core/Src/stm32f4xx_hal_msp.o
                0x08001120                HAL_MspInit
 .text.HAL_ADC_MspInit
                0x08001178      0x100 ./Core/Src/stm32f4xx_hal_msp.o
                0x08001178                HAL_ADC_MspInit
 .text.HAL_I2C_MspInit
                0x08001278       0x90 ./Core/Src/stm32f4xx_hal_msp.o
                0x08001278                HAL_I2C_MspInit
 .text.HAL_InitTick
                0x08001308       0xb0 ./Core/Src/stm32f4xx_hal_timebase_tim.o
                0x08001308                HAL_InitTick
 .text.NMI_Handler
                0x080013b8        0x8 ./Core/Src/stm32f4xx_it.o
                0x080013b8                NMI_Handler
 .text.HardFault_Handler
                0x080013c0        0x8 ./Core/Src/stm32f4xx_it.o
                0x080013c0                HardFault_Handler
 .text.MemManage_Handler
                0x080013c8        0x8 ./Core/Src/stm32f4xx_it.o
                0x080013c8                MemManage_Handler
 .text.BusFault_Handler
                0x080013d0        0x8 ./Core/Src/stm32f4xx_it.o
                0x080013d0                BusFault_Handler
 .text.UsageFault_Handler
                0x080013d8        0x8 ./Core/Src/stm32f4xx_it.o
                0x080013d8                UsageFault_Handler
 .text.DebugMon_Handler
                0x080013e0        0xe ./Core/Src/stm32f4xx_it.o
                0x080013e0                DebugMon_Handler
 *fill*         0x080013ee        0x2 
 .text.ADC_IRQHandler
                0x080013f0       0x14 ./Core/Src/stm32f4xx_it.o
                0x080013f0                ADC_IRQHandler
 .text.TIM1_UP_TIM10_IRQHandler
                0x08001404       0x14 ./Core/Src/stm32f4xx_it.o
                0x08001404                TIM1_UP_TIM10_IRQHandler
 .text.DMA2_Stream0_IRQHandler
                0x08001418       0x14 ./Core/Src/stm32f4xx_it.o
                0x08001418                DMA2_Stream0_IRQHandler
 .text.SystemInit
                0x0800142c       0x24 ./Core/Src/system_stm32f4xx.o
                0x0800142c                SystemInit
 .text.Reset_Handler
                0x08001450       0x50 ./Core/Startup/startup_stm32f401retx.o
                0x08001450                Reset_Handler
 .text.Default_Handler
                0x080014a0        0x2 ./Core/Startup/startup_stm32f401retx.o
                0x080014a0                RTC_Alarm_IRQHandler
                0x080014a0                EXTI2_IRQHandler
                0x080014a0                SPI4_IRQHandler
                0x080014a0                TIM1_CC_IRQHandler
                0x080014a0                DMA2_Stream5_IRQHandler
                0x080014a0                DMA1_Stream5_IRQHandler
                0x080014a0                PVD_IRQHandler
                0x080014a0                SDIO_IRQHandler
                0x080014a0                TAMP_STAMP_IRQHandler
                0x080014a0                EXTI3_IRQHandler
                0x080014a0                I2C3_ER_IRQHandler
                0x080014a0                EXTI0_IRQHandler
                0x080014a0                I2C2_EV_IRQHandler
                0x080014a0                DMA1_Stream2_IRQHandler
                0x080014a0                FPU_IRQHandler
                0x080014a0                DMA2_Stream2_IRQHandler
                0x080014a0                SPI1_IRQHandler
                0x080014a0                TIM1_BRK_TIM9_IRQHandler
                0x080014a0                DMA2_Stream3_IRQHandler
                0x080014a0                USART6_IRQHandler
                0x080014a0                TIM4_IRQHandler
                0x080014a0                I2C1_EV_IRQHandler
                0x080014a0                DMA1_Stream6_IRQHandler
                0x080014a0                DMA1_Stream1_IRQHandler
                0x080014a0                TIM3_IRQHandler
                0x080014a0                RCC_IRQHandler
                0x080014a0                Default_Handler
                0x080014a0                EXTI15_10_IRQHandler
                0x080014a0                DMA1_Stream7_IRQHandler
                0x080014a0                TIM5_IRQHandler
                0x080014a0                DMA2_Stream7_IRQHandler
                0x080014a0                I2C3_EV_IRQHandler
                0x080014a0                EXTI9_5_IRQHandler
                0x080014a0                RTC_WKUP_IRQHandler
                0x080014a0                SPI2_IRQHandler
                0x080014a0                DMA1_Stream0_IRQHandler
                0x080014a0                EXTI4_IRQHandler
                0x080014a0                WWDG_IRQHandler
                0x080014a0                TIM2_IRQHandler
                0x080014a0                OTG_FS_WKUP_IRQHandler
                0x080014a0                TIM1_TRG_COM_TIM11_IRQHandler
                0x080014a0                EXTI1_IRQHandler
                0x080014a0                USART2_IRQHandler
                0x080014a0                I2C2_ER_IRQHandler
                0x080014a0                DMA2_Stream1_IRQHandler
                0x080014a0                FLASH_IRQHandler
                0x080014a0                DMA2_Stream4_IRQHandler
                0x080014a0                USART1_IRQHandler
                0x080014a0                OTG_FS_IRQHandler
                0x080014a0                SPI3_IRQHandler
                0x080014a0                DMA1_Stream4_IRQHandler
                0x080014a0                I2C1_ER_IRQHandler
                0x080014a0                DMA2_Stream6_IRQHandler
                0x080014a0                DMA1_Stream3_IRQHandler
 *fill*         0x080014a2        0x2 
 .text.HAL_Init
                0x080014a4       0x44 ./Drivers/STM32F4xx_HAL_Driver/Src/stm32f4xx_hal.o
                0x080014a4                HAL_Init
 .text.HAL_IncTick
                0x080014e8       0x28 ./Drivers/STM32F4xx_HAL_Driver/Src/stm32f4xx_hal.o
                0x080014e8                HAL_IncTick
 .text.HAL_GetTick
                0x08001510       0x18 ./Drivers/STM32F4xx_HAL_Driver/Src/stm32f4xx_hal.o
                0x08001510                HAL_GetTick
 .text.HAL_ADC_Init
                0x08001528       0x86 ./Drivers/STM32F4xx_HAL_Driver/Src/stm32f4xx_hal_adc.o
                0x08001528                HAL_ADC_Init
 .text.HAL_ADC_IRQHandler
                0x080015ae      0x282 ./Drivers/STM32F4xx_HAL_Driver/Src/stm32f4xx_hal_adc.o
                0x080015ae                HAL_ADC_IRQHandler
 .text.HAL_ADC_Start_DMA
                0x08001830      0x1e0 ./Drivers/STM32F4xx_HAL_Driver/Src/stm32f4xx_hal_adc.o
                0x08001830                HAL_ADC_Start_DMA
 .text.HAL_ADC_ConvHalfCpltCallback
                0x08001a10       0x14 ./Drivers/STM32F4xx_HAL_Driver/Src/stm32f4xx_hal_adc.o
                0x08001a10                HAL_ADC_ConvHalfCpltCallback
 .text.HAL_ADC_LevelOutOfWindowCallback
                0x08001a24       0x14 ./Drivers/STM32F4xx_HAL_Driver/Src/stm32f4xx_hal_adc.o
                0x08001a24                HAL_ADC_LevelOutOfWindowCallback
 .text.HAL_ADC_ErrorCallback
                0x08001a38       0x14 ./Drivers/STM32F4xx_HAL_Driver/Src/stm32f4xx_hal_adc.o
                0x08001a38                HAL_ADC_ErrorCallback
 .text.HAL_ADC_ConfigChannel
                0x08001a4c      0x244 ./Drivers/STM32F4xx_HAL_Driver/Src/stm32f4xx_hal_adc.o
                0x08001a4c                HAL_ADC_ConfigChannel
 .text.ADC_Init
                0x08001c90      0x1f8 ./Drivers/STM32F4xx_HAL_Driver/Src/stm32f4xx_hal_adc.o
 .text.ADC_DMAConvCplt
                0x08001e88       0xba ./Drivers/STM32F4xx_HAL_Driver/Src/stm32f4xx_hal_adc.o
 .text.ADC_DMAHalfConvCplt
                0x08001f42       0x1c ./Drivers/STM32F4xx_HAL_Driver/Src/stm32f4xx_hal_adc.o
 .text.ADC_DMAError
                0x08001f5e       0x2e ./Drivers/STM32F4xx_HAL_Driver/Src/stm32f4xx_hal_adc.o
 .text.HAL_ADCEx_InjectedConvCpltCallback
                0x08001f8c       0x14 ./Drivers/STM32F4xx_HAL_Driver/Src/stm32f4xx_hal_adc_ex.o
                0x08001f8c                HAL_ADCEx_InjectedConvCpltCallback
 .text.HAL_ADCEx_InjectedConfigChannel
                0x08001fa0      0x32c ./Drivers/STM32F4xx_HAL_Driver/Src/stm32f4xx_hal_adc_ex.o
                0x08001fa0                HAL_ADCEx_InjectedConfigChannel
 .text.__NVIC_SetPriorityGrouping
                0x080022cc       0x48 ./Drivers/STM32F4xx_HAL_Driver/Src/stm32f4xx_hal_cortex.o
 .text.__NVIC_GetPriorityGrouping
                0x08002314       0x1c ./Drivers/STM32F4xx_HAL_Driver/Src/stm32f4xx_hal_cortex.o
 .text.__NVIC_EnableIRQ
                0x08002330       0x3c ./Drivers/STM32F4xx_HAL_Driver/Src/stm32f4xx_hal_cortex.o
 .text.__NVIC_SetPriority
                0x0800236c       0x54 ./Drivers/STM32F4xx_HAL_Driver/Src/stm32f4xx_hal_cortex.o
 .text.NVIC_EncodePriority
                0x080023c0       0x66 ./Drivers/STM32F4xx_HAL_Driver/Src/stm32f4xx_hal_cortex.o
 .text.HAL_NVIC_SetPriorityGrouping
                0x08002426       0x16 ./Drivers/STM32F4xx_HAL_Driver/Src/stm32f4xx_hal_cortex.o
                0x08002426                HAL_NVIC_SetPriorityGrouping
 .text.HAL_NVIC_SetPriority
                0x0800243c       0x38 ./Drivers/STM32F4xx_HAL_Driver/Src/stm32f4xx_hal_cortex.o
                0x0800243c                HAL_NVIC_SetPriority
 .text.HAL_NVIC_EnableIRQ
                0x08002474       0x1c ./Drivers/STM32F4xx_HAL_Driver/Src/stm32f4xx_hal_cortex.o
                0x08002474                HAL_NVIC_EnableIRQ
 .text.HAL_DMA_Init
                0x08002490      0x15c ./Drivers/STM32F4xx_HAL_Driver/Src/stm32f4xx_hal_dma.o
                0x08002490                HAL_DMA_Init
 .text.HAL_DMA_Start_IT
                0x080025ec       0xb0 ./Drivers/STM32F4xx_HAL_Driver/Src/stm32f4xx_hal_dma.o
                0x080025ec                HAL_DMA_Start_IT
 .text.HAL_DMA_IRQHandler
                0x0800269c      0x314 ./Drivers/STM32F4xx_HAL_Driver/Src/stm32f4xx_hal_dma.o
                0x0800269c                HAL_DMA_IRQHandler
 .text.DMA_SetConfig
                0x080029b0       0x5c ./Drivers/STM32F4xx_HAL_Driver/Src/stm32f4xx_hal_dma.o
 .text.DMA_CalcBaseAndBitshift
                0x08002a0c       0x6c ./Drivers/STM32F4xx_HAL_Driver/Src/stm32f4xx_hal_dma.o
 .text.DMA_CheckFifoParam
                0x08002a78       0xf8 ./Drivers/STM32F4xx_HAL_Driver/Src/stm32f4xx_hal_dma.o
 .text.HAL_GPIO_Init
                0x08002b70      0x308 ./Drivers/STM32F4xx_HAL_Driver/Src/stm32f4xx_hal_gpio.o
                0x08002b70                HAL_GPIO_Init
 .text.HAL_GPIO_WritePin
                0x08002e78       0x32 ./Drivers/STM32F4xx_HAL_Driver/Src/stm32f4xx_hal_gpio.o
                0x08002e78                HAL_GPIO_WritePin
 *fill*         0x08002eaa        0x2 
 .text.HAL_I2C_Init
                0x08002eac      0x288 ./Drivers/STM32F4xx_HAL_Driver/Src/stm32f4xx_hal_i2c.o
                0x08002eac                HAL_I2C_Init
 .text.HAL_I2C_Master_Transmit
                0x08003134      0x1fc ./Drivers/STM32F4xx_HAL_Driver/Src/stm32f4xx_hal_i2c.o
                0x08003134                HAL_I2C_Master_Transmit
 .text.HAL_I2C_IsDeviceReady
                0x08003330      0x25c ./Drivers/STM32F4xx_HAL_Driver/Src/stm32f4xx_hal_i2c.o
                0x08003330                HAL_I2C_IsDeviceReady
 .text.I2C_MasterRequestWrite
                0x0800358c      0x104 ./Drivers/STM32F4xx_HAL_Driver/Src/stm32f4xx_hal_i2c.o
 .text.I2C_WaitOnFlagUntilTimeout
                0x08003690       0xae ./Drivers/STM32F4xx_HAL_Driver/Src/stm32f4xx_hal_i2c.o
 .text.I2C_WaitOnMasterAddressFlagUntilTimeout
                0x0800373e       0xfe ./Drivers/STM32F4xx_HAL_Driver/Src/stm32f4xx_hal_i2c.o
 .text.I2C_WaitOnTXEFlagUntilTimeout
                0x0800383c       0x82 ./Drivers/STM32F4xx_HAL_Driver/Src/stm32f4xx_hal_i2c.o
 .text.I2C_WaitOnBTFFlagUntilTimeout
                0x080038be       0x82 ./Drivers/STM32F4xx_HAL_Driver/Src/stm32f4xx_hal_i2c.o
 .text.I2C_IsAcknowledgeFailed
                0x08003940       0x5e ./Drivers/STM32F4xx_HAL_Driver/Src/stm32f4xx_hal_i2c.o
 *fill*         0x0800399e        0x2 
 .text.HAL_RCC_OscConfig
                0x080039a0      0x4f0 ./Drivers/STM32F4xx_HAL_Driver/Src/stm32f4xx_hal_rcc.o
                0x080039a0                HAL_RCC_OscConfig
 .text.HAL_RCC_ClockConfig
                0x08003e90      0x1cc ./Drivers/STM32F4xx_HAL_Driver/Src/stm32f4xx_hal_rcc.o
                0x08003e90                HAL_RCC_ClockConfig
 .text.HAL_RCC_GetSysClockFreq
                0x0800405c      0x18c ./Drivers/STM32F4xx_HAL_Driver/Src/stm32f4xx_hal_rcc.o
                0x0800405c                HAL_RCC_GetSysClockFreq
 .text.HAL_RCC_GetHCLKFreq
                0x080041e8       0x18 ./Drivers/STM32F4xx_HAL_Driver/Src/stm32f4xx_hal_rcc.o
                0x080041e8                HAL_RCC_GetHCLKFreq
 .text.HAL_RCC_GetPCLK1Freq
                0x08004200       0x28 ./Drivers/STM32F4xx_HAL_Driver/Src/stm32f4xx_hal_rcc.o
                0x08004200                HAL_RCC_GetPCLK1Freq
 .text.HAL_RCC_GetPCLK2Freq
                0x08004228       0x28 ./Drivers/STM32F4xx_HAL_Driver/Src/stm32f4xx_hal_rcc.o
                0x08004228                HAL_RCC_GetPCLK2Freq
 .text.HAL_RCC_GetClockConfig
                0x08004250       0x64 ./Drivers/STM32F4xx_HAL_Driver/Src/stm32f4xx_hal_rcc.o
                0x08004250                HAL_RCC_GetClockConfig
 .text.HAL_TIM_Base_Init
                0x080042b4       0x9e ./Drivers/STM32F4xx_HAL_Driver/Src/stm32f4xx_hal_tim.o
                0x080042b4                HAL_TIM_Base_Init
 .text.HAL_TIM_Base_MspInit
                0x08004352       0x14 ./Drivers/STM32F4xx_HAL_Driver/Src/stm32f4xx_hal_tim.o
                0x08004352                HAL_TIM_Base_MspInit
 *fill*         0x08004366        0x2 
 .text.HAL_TIM_Base_Start_IT
                0x08004368       0xc4 ./Drivers/STM32F4xx_HAL_Driver/Src/stm32f4xx_hal_tim.o
                0x08004368                HAL_TIM_Base_Start_IT
 .text.HAL_TIM_IRQHandler
                0x0800442c      0x210 ./Drivers/STM32F4xx_HAL_Driver/Src/stm32f4xx_hal_tim.o
                0x0800442c                HAL_TIM_IRQHandler
 .text.HAL_TIM_OC_DelayElapsedCallback
                0x0800463c       0x14 ./Drivers/STM32F4xx_HAL_Driver/Src/stm32f4xx_hal_tim.o
                0x0800463c                HAL_TIM_OC_DelayElapsedCallback
 .text.HAL_TIM_IC_CaptureCallback
                0x08004650       0x14 ./Drivers/STM32F4xx_HAL_Driver/Src/stm32f4xx_hal_tim.o
                0x08004650                HAL_TIM_IC_CaptureCallback
 .text.HAL_TIM_PWM_PulseFinishedCallback
                0x08004664       0x14 ./Drivers/STM32F4xx_HAL_Driver/Src/stm32f4xx_hal_tim.o
                0x08004664                HAL_TIM_PWM_PulseFinishedCallback
 .text.HAL_TIM_TriggerCallback
                0x08004678       0x14 ./Drivers/STM32F4xx_HAL_Driver/Src/stm32f4xx_hal_tim.o
                0x08004678                HAL_TIM_TriggerCallback
 .text.TIM_Base_SetConfig
                0x0800468c      0x100 ./Drivers/STM32F4xx_HAL_Driver/Src/stm32f4xx_hal_tim.o
                0x0800468c                TIM_Base_SetConfig
 .text.HAL_TIMEx_CommutCallback
                0x0800478c       0x14 ./Drivers/STM32F4xx_HAL_Driver/Src/stm32f4xx_hal_tim_ex.o
                0x0800478c                HAL_TIMEx_CommutCallback
 .text.HAL_TIMEx_BreakCallback
                0x080047a0       0x14 ./Drivers/STM32F4xx_HAL_Driver/Src/stm32f4xx_hal_tim_ex.o
                0x080047a0                HAL_TIMEx_BreakCallback
 .text.makeFreeRtosPriority
                0x080047b4       0x30 ./Middlewares/Third_Party/FreeRTOS/Source/CMSIS_RTOS/cmsis_os.o
 .text.osKernelStart
                0x080047e4        0xe ./Middlewares/Third_Party/FreeRTOS/Source/CMSIS_RTOS/cmsis_os.o
                0x080047e4                osKernelStart
 .text.osThreadCreate
                0x080047f2       0x98 ./Middlewares/Third_Party/FreeRTOS/Source/CMSIS_RTOS/cmsis_os.o
                0x080047f2                osThreadCreate
 .text.vListInitialise
                0x0800488a       0x40 ./Middlewares/Third_Party/FreeRTOS/Source/list.o
                0x0800488a                vListInitialise
 .text.vListInitialiseItem
                0x080048ca       0x1a ./Middlewares/Third_Party/FreeRTOS/Source/list.o
                0x080048ca                vListInitialiseItem
 .text.vListInsertEnd
                0x080048e4       0x48 ./Middlewares/Third_Party/FreeRTOS/Source/list.o
                0x080048e4                vListInsertEnd
 .text.vListInsert
                0x0800492c       0x72 ./Middlewares/Third_Party/FreeRTOS/Source/list.o
                0x0800492c                vListInsert
 .text.uxListRemove
                0x0800499e       0x54 ./Middlewares/Third_Party/FreeRTOS/Source/list.o
                0x0800499e                uxListRemove
 *fill*         0x080049f2        0x2 
 .text.xQueueGenericReset
                0x080049f4       0xd4 ./Middlewares/Third_Party/FreeRTOS/Source/queue.o
                0x080049f4                xQueueGenericReset
 .text.xQueueGenericCreate
                0x08004ac8       0x76 ./Middlewares/Third_Party/FreeRTOS/Source/queue.o
                0x08004ac8                xQueueGenericCreate
 .text.prvInitialiseNewQueue
                0x08004b3e       0x3e ./Middlewares/Third_Party/FreeRTOS/Source/queue.o
 .text.xQueueGenericSendFromISR
                0x08004b7c      0x13c ./Middlewares/Third_Party/FreeRTOS/Source/queue.o
                0x08004b7c                xQueueGenericSendFromISR
 .text.xQueueReceive
                0x08004cb8      0x1c4 ./Middlewares/Third_Party/FreeRTOS/Source/queue.o
                0x08004cb8                xQueueReceive
 .text.prvCopyDataToQueue
                0x08004e7c       0xd4 ./Middlewares/Third_Party/FreeRTOS/Source/queue.o
 .text.prvCopyDataFromQueue
                0x08004f50       0x4c ./Middlewares/Third_Party/FreeRTOS/Source/queue.o
 .text.prvUnlockQueue
                0x08004f9c       0xa4 ./Middlewares/Third_Party/FreeRTOS/Source/queue.o
 .text.prvIsQueueEmpty
                0x08005040       0x2c ./Middlewares/Third_Party/FreeRTOS/Source/queue.o
 .text.xTaskCreateStatic
                0x0800506c       0xc0 ./Middlewares/Third_Party/FreeRTOS/Source/tasks.o
                0x0800506c                xTaskCreateStatic
 .text.xTaskCreate
                0x0800512c       0x8a ./Middlewares/Third_Party/FreeRTOS/Source/tasks.o
                0x0800512c                xTaskCreate
 *fill*         0x080051b6        0x2 
 .text.prvInitialiseNewTask
                0x080051b8      0x140 ./Middlewares/Third_Party/FreeRTOS/Source/tasks.o
 .text.prvAddNewTaskToReadyList
                0x080052f8       0xd4 ./Middlewares/Third_Party/FreeRTOS/Source/tasks.o
 .text.vTaskStartScheduler
                0x080053cc       0xd4 ./Middlewares/Third_Party/FreeRTOS/Source/tasks.o
                0x080053cc                vTaskStartScheduler
 .text.vTaskSuspendAll
                0x080054a0       0x1c ./Middlewares/Third_Party/FreeRTOS/Source/tasks.o
                0x080054a0                vTaskSuspendAll
 .text.xTaskResumeAll
                0x080054bc      0x13c ./Middlewares/Third_Party/FreeRTOS/Source/tasks.o
                0x080054bc                xTaskResumeAll
 .text.xTaskIncrementTick
                0x080055f8      0x174 ./Middlewares/Third_Party/FreeRTOS/Source/tasks.o
                0x080055f8                xTaskIncrementTick
 .text.vTaskSwitchContext
                0x0800576c       0xc8 ./Middlewares/Third_Party/FreeRTOS/Source/tasks.o
                0x0800576c                vTaskSwitchContext
 .text.vTaskPlaceOnEventList
                0x08005834       0x4c ./Middlewares/Third_Party/FreeRTOS/Source/tasks.o
                0x08005834                vTaskPlaceOnEventList
 .text.xTaskRemoveFromEventList
                0x08005880       0xc8 ./Middlewares/Third_Party/FreeRTOS/Source/tasks.o
                0x08005880                xTaskRemoveFromEventList
 .text.vTaskInternalSetTimeOutState
                0x08005948       0x2c ./Middlewares/Third_Party/FreeRTOS/Source/tasks.o
                0x08005948                vTaskInternalSetTimeOutState
 .text.xTaskCheckForTimeOut
                0x08005974       0xc8 ./Middlewares/Third_Party/FreeRTOS/Source/tasks.o
                0x08005974                xTaskCheckForTimeOut
 .text.vTaskMissedYield
                0x08005a3c       0x18 ./Middlewares/Third_Party/FreeRTOS/Source/tasks.o
                0x08005a3c                vTaskMissedYield
 .text.prvIdleTask
                0x08005a54       0x30 ./Middlewares/Third_Party/FreeRTOS/Source/tasks.o
 .text.prvInitialiseTaskLists
                0x08005a84       0x80 ./Middlewares/Third_Party/FreeRTOS/Source/tasks.o
 .text.prvCheckTasksWaitingTermination
                0x08005b04       0x5c ./Middlewares/Third_Party/FreeRTOS/Source/tasks.o
 .text.prvDeleteTCB
                0x08005b60       0x6a ./Middlewares/Third_Party/FreeRTOS/Source/tasks.o
 *fill*         0x08005bca        0x2 
 .text.prvResetNextTaskUnblockTime
                0x08005bcc       0x40 ./Middlewares/Third_Party/FreeRTOS/Source/tasks.o
 .text.xTaskGetSchedulerState
                0x08005c0c       0x3c ./Middlewares/Third_Party/FreeRTOS/Source/tasks.o
                0x08005c0c                xTaskGetSchedulerState
 .text.xTaskPriorityDisinherit
                0x08005c48      0x110 ./Middlewares/Third_Party/FreeRTOS/Source/tasks.o
                0x08005c48                xTaskPriorityDisinherit
 .text.prvAddCurrentTaskToDelayedList
                0x08005d58       0xcc ./Middlewares/Third_Party/FreeRTOS/Source/tasks.o
 .text.pxPortInitialiseStack
                0x08005e24       0x68 ./Middlewares/Third_Party/FreeRTOS/Source/portable/GCC/ARM_CM4F/port.o
                0x08005e24                pxPortInitialiseStack
 .text.prvTaskExitError
                0x08005e8c       0x5c ./Middlewares/Third_Party/FreeRTOS/Source/portable/GCC/ARM_CM4F/port.o
 *fill*         0x08005ee8        0x8 
 .text.SVC_Handler
                0x08005ef0       0x28 ./Middlewares/Third_Party/FreeRTOS/Source/portable/GCC/ARM_CM4F/port.o
                0x08005ef0                SVC_Handler
 .text.prvPortStartFirstTask
                0x08005f18       0x28 ./Middlewares/Third_Party/FreeRTOS/Source/portable/GCC/ARM_CM4F/port.o
 .text.xPortStartScheduler
                0x08005f40      0x148 ./Middlewares/Third_Party/FreeRTOS/Source/portable/GCC/ARM_CM4F/port.o
                0x08005f40                xPortStartScheduler
 .text.vPortEnterCritical
                0x08006088       0x64 ./Middlewares/Third_Party/FreeRTOS/Source/portable/GCC/ARM_CM4F/port.o
                0x08006088                vPortEnterCritical
 .text.vPortExitCritical
                0x080060ec       0x54 ./Middlewares/Third_Party/FreeRTOS/Source/portable/GCC/ARM_CM4F/port.o
                0x080060ec                vPortExitCritical
 .text.PendSV_Handler
                0x08006140       0x68 ./Middlewares/Third_Party/FreeRTOS/Source/portable/GCC/ARM_CM4F/port.o
                0x08006140                PendSV_Handler
 .text.SysTick_Handler
                0x080061a8       0x44 ./Middlewares/Third_Party/FreeRTOS/Source/portable/GCC/ARM_CM4F/port.o
                0x080061a8                SysTick_Handler
 .text.vPortSetupTimerInterrupt
                0x080061ec       0x48 ./Middlewares/Third_Party/FreeRTOS/Source/portable/GCC/ARM_CM4F/port.o
                0x080061ec                vPortSetupTimerInterrupt
 .text.vPortEnableVFP
                0x08006234       0x14 ./Middlewares/Third_Party/FreeRTOS/Source/portable/GCC/ARM_CM4F/port.o
 .text.vPortValidateInterruptPriority
                0x08006248       0x84 ./Middlewares/Third_Party/FreeRTOS/Source/portable/GCC/ARM_CM4F/port.o
                0x08006248                vPortValidateInterruptPriority
 .text.pvPortMalloc
                0x080062cc      0x19c ./Middlewares/Third_Party/FreeRTOS/Source/portable/MemMang/heap_4.o
                0x080062cc                pvPortMalloc
 .text.vPortFree
                0x08006468       0xc8 ./Middlewares/Third_Party/FreeRTOS/Source/portable/MemMang/heap_4.o
                0x08006468                vPortFree
 .text.prvHeapInit
                0x08006530       0xc4 ./Middlewares/Third_Party/FreeRTOS/Source/portable/MemMang/heap_4.o
 .text.prvInsertBlockIntoFreeList
                0x080065f4       0xb4 ./Middlewares/Third_Party/FreeRTOS/Source/portable/MemMang/heap_4.o
 .text.arm_mean_f32
                0x080066a8       0x7c /home/xxx/Escritorio/stm32/test_adc_nucleo/Drivers/CMSIS/DSP_libraries/Lib/GCC/libarm_cortexM4lf_math.a(arm_mean_f32.o)
                0x080066a8                arm_mean_f32
 .text.arm_max_f32
                0x08006724       0xd8 /home/xxx/Escritorio/stm32/test_adc_nucleo/Drivers/CMSIS/DSP_libraries/Lib/GCC/libarm_cortexM4lf_math.a(arm_max_f32.o)
                0x08006724                arm_max_f32
 .text.arm_rfft_32_fast_init_f32
                0x080067fc       0x34 /home/xxx/Escritorio/stm32/test_adc_nucleo/Drivers/CMSIS/DSP_libraries/Lib/GCC/libarm_cortexM4lf_math.a(arm_rfft_fast_init_f32.o)
                0x080067fc                arm_rfft_32_fast_init_f32
 .text.arm_rfft_64_fast_init_f32
                0x08006830       0x34 /home/xxx/Escritorio/stm32/test_adc_nucleo/Drivers/CMSIS/DSP_libraries/Lib/GCC/libarm_cortexM4lf_math.a(arm_rfft_fast_init_f32.o)
                0x08006830                arm_rfft_64_fast_init_f32
 .text.arm_rfft_256_fast_init_f32
                0x08006864       0x38 /home/xxx/Escritorio/stm32/test_adc_nucleo/Drivers/CMSIS/DSP_libraries/Lib/GCC/libarm_cortexM4lf_math.a(arm_rfft_fast_init_f32.o)
                0x08006864                arm_rfft_256_fast_init_f32
 .text.arm_rfft_512_fast_init_f32
                0x0800689c       0x3c /home/xxx/Escritorio/stm32/test_adc_nucleo/Drivers/CMSIS/DSP_libraries/Lib/GCC/libarm_cortexM4lf_math.a(arm_rfft_fast_init_f32.o)
                0x0800689c                arm_rfft_512_fast_init_f32
 .text.arm_rfft_1024_fast_init_f32
                0x080068d8       0x3c /home/xxx/Escritorio/stm32/test_adc_nucleo/Drivers/CMSIS/DSP_libraries/Lib/GCC/libarm_cortexM4lf_math.a(arm_rfft_fast_init_f32.o)
                0x080068d8                arm_rfft_1024_fast_init_f32
 .text.arm_rfft_2048_fast_init_f32
                0x08006914       0x3c /home/xxx/Escritorio/stm32/test_adc_nucleo/Drivers/CMSIS/DSP_libraries/Lib/GCC/libarm_cortexM4lf_math.a(arm_rfft_fast_init_f32.o)
                0x08006914                arm_rfft_2048_fast_init_f32
 .text.arm_rfft_4096_fast_init_f32
                0x08006950       0x3c /home/xxx/Escritorio/stm32/test_adc_nucleo/Drivers/CMSIS/DSP_libraries/Lib/GCC/libarm_cortexM4lf_math.a(arm_rfft_fast_init_f32.o)
                0x08006950                arm_rfft_4096_fast_init_f32
 .text.arm_rfft_fast_init_f32
                0x0800698c       0x68 /home/xxx/Escritorio/stm32/test_adc_nucleo/Drivers/CMSIS/DSP_libraries/Lib/GCC/libarm_cortexM4lf_math.a(arm_rfft_fast_init_f32.o)
                0x0800698c                arm_rfft_fast_init_f32
 .text.stage_rfft_f32
                0x080069f4       0xb4 /home/xxx/Escritorio/stm32/test_adc_nucleo/Drivers/CMSIS/DSP_libraries/Lib/GCC/libarm_cortexM4lf_math.a(arm_rfft_fast_f32.o)
                0x080069f4                stage_rfft_f32
 .text.merge_rfft_f32
                0x08006aa8       0xac /home/xxx/Escritorio/stm32/test_adc_nucleo/Drivers/CMSIS/DSP_libraries/Lib/GCC/libarm_cortexM4lf_math.a(arm_rfft_fast_f32.o)
                0x08006aa8                merge_rfft_f32
 .text.arm_rfft_fast_f32
                0x08006b54       0x40 /home/xxx/Escritorio/stm32/test_adc_nucleo/Drivers/CMSIS/DSP_libraries/Lib/GCC/libarm_cortexM4lf_math.a(arm_rfft_fast_f32.o)
                0x08006b54                arm_rfft_fast_f32
 .text.arm_cfft_radix8by2_f32
                0x08006b94      0x1a0 /home/xxx/Escritorio/stm32/test_adc_nucleo/Drivers/CMSIS/DSP_libraries/Lib/GCC/libarm_cortexM4lf_math.a(arm_cfft_f32.o)
                0x08006b94                arm_cfft_radix8by2_f32
 .text.arm_cfft_radix8by4_f32
                0x08006d34      0x4ac /home/xxx/Escritorio/stm32/test_adc_nucleo/Drivers/CMSIS/DSP_libraries/Lib/GCC/libarm_cortexM4lf_math.a(arm_cfft_f32.o)
                0x08006d34                arm_cfft_radix8by4_f32
 .text.arm_cfft_f32
                0x080071e0       0xf0 /home/xxx/Escritorio/stm32/test_adc_nucleo/Drivers/CMSIS/DSP_libraries/Lib/GCC/libarm_cortexM4lf_math.a(arm_cfft_f32.o)
                0x080071e0                arm_cfft_f32
 .text.arm_bitreversal_32
                0x080072d0       0x40 /home/xxx/Escritorio/stm32/test_adc_nucleo/Drivers/CMSIS/DSP_libraries/Lib/GCC/libarm_cortexM4lf_math.a(arm_bitreversal2.o)
                0x080072d0                arm_bitreversal_32
 .text.arm_cmplx_mag_f32
                0x08007310      0x248 /home/xxx/Escritorio/stm32/test_adc_nucleo/Drivers/CMSIS/DSP_libraries/Lib/GCC/libarm_cortexM4lf_math.a(arm_cmplx_mag_f32.o)
                0x08007310                arm_cmplx_mag_f32
 .text.arm_radix8_butterfly_f32
                0x08007558      0x580 /home/xxx/Escritorio/stm32/test_adc_nucleo/Drivers/CMSIS/DSP_libraries/Lib/GCC/libarm_cortexM4lf_math.a(arm_cfft_radix8_f32.o)
                0x08007558                arm_radix8_butterfly_f32
 .text.memset   0x08007ad8       0x10 /opt/st/stm32cubeide_1.15.0/plugins/com.st.stm32cube.ide.mcu.externaltools.gnu-tools-for-stm32.12.3.rel1.linux64_1.0.100.202403111256/tools/bin/../lib/gcc/arm-none-eabi/12.3.1/../../../../arm-none-eabi/lib/thumb/v7e-m+fp/hard/libc_nano.a(libc_a-memset.o)
                0x08007ad8                memset
 .text._reclaim_reent
                0x08007ae8       0xac /opt/st/stm32cubeide_1.15.0/plugins/com.st.stm32cube.ide.mcu.externaltools.gnu-tools-for-stm32.12.3.rel1.linux64_1.0.100.202403111256/tools/bin/../lib/gcc/arm-none-eabi/12.3.1/../../../../arm-none-eabi/lib/thumb/v7e-m+fp/hard/libc_nano.a(libc_a-reent.o)
                0x08007ae8                _reclaim_reent
 .text.__errno  0x08007b94        0xc /opt/st/stm32cubeide_1.15.0/plugins/com.st.stm32cube.ide.mcu.externaltools.gnu-tools-for-stm32.12.3.rel1.linux64_1.0.100.202403111256/tools/bin/../lib/gcc/arm-none-eabi/12.3.1/../../../../arm-none-eabi/lib/thumb/v7e-m+fp/hard/libc_nano.a(libc_a-errno.o)
                0x08007b94                __errno
 .text.__libc_init_array
                0x08007ba0       0x48 /opt/st/stm32cubeide_1.15.0/plugins/com.st.stm32cube.ide.mcu.externaltools.gnu-tools-for-stm32.12.3.rel1.linux64_1.0.100.202403111256/tools/bin/../lib/gcc/arm-none-eabi/12.3.1/../../../../arm-none-eabi/lib/thumb/v7e-m+fp/hard/libc_nano.a(libc_a-init.o)
                0x08007ba0                __libc_init_array
 .text.__retarget_lock_acquire_recursive
                0x08007be8        0x2 /opt/st/stm32cubeide_1.15.0/plugins/com.st.stm32cube.ide.mcu.externaltools.gnu-tools-for-stm32.12.3.rel1.linux64_1.0.100.202403111256/tools/bin/../lib/gcc/arm-none-eabi/12.3.1/../../../../arm-none-eabi/lib/thumb/v7e-m+fp/hard/libc_nano.a(libc_a-lock.o)
                0x08007be8                __retarget_lock_acquire_recursive
 .text.__retarget_lock_release_recursive
                0x08007bea        0x2 /opt/st/stm32cubeide_1.15.0/plugins/com.st.stm32cube.ide.mcu.externaltools.gnu-tools-for-stm32.12.3.rel1.linux64_1.0.100.202403111256/tools/bin/../lib/gcc/arm-none-eabi/12.3.1/../../../../arm-none-eabi/lib/thumb/v7e-m+fp/hard/libc_nano.a(libc_a-lock.o)
                0x08007bea                __retarget_lock_release_recursive
 .text.memcpy   0x08007bec       0x1c /opt/st/stm32cubeide_1.15.0/plugins/com.st.stm32cube.ide.mcu.externaltools.gnu-tools-for-stm32.12.3.rel1.linux64_1.0.100.202403111256/tools/bin/../lib/gcc/arm-none-eabi/12.3.1/../../../../arm-none-eabi/lib/thumb/v7e-m+fp/hard/libc_nano.a(libc_a-memcpy-stub.o)
                0x08007bec                memcpy
 .text._free_r  0x08007c08       0x94 /opt/st/stm32cubeide_1.15.0/plugins/com.st.stm32cube.ide.mcu.externaltools.gnu-tools-for-stm32.12.3.rel1.linux64_1.0.100.202403111256/tools/bin/../lib/gcc/arm-none-eabi/12.3.1/../../../../arm-none-eabi/lib/thumb/v7e-m+fp/hard/libc_nano.a(libc_a-freer.o)
                0x08007c08                _free_r
 .text.__malloc_lock
                0x08007c9c        0xc /opt/st/stm32cubeide_1.15.0/plugins/com.st.stm32cube.ide.mcu.externaltools.gnu-tools-for-stm32.12.3.rel1.linux64_1.0.100.202403111256/tools/bin/../lib/gcc/arm-none-eabi/12.3.1/../../../../arm-none-eabi/lib/thumb/v7e-m+fp/hard/libc_nano.a(libc_a-mlock.o)
                0x08007c9c                __malloc_lock
 .text.__malloc_unlock
                0x08007ca8        0xc /opt/st/stm32cubeide_1.15.0/plugins/com.st.stm32cube.ide.mcu.externaltools.gnu-tools-for-stm32.12.3.rel1.linux64_1.0.100.202403111256/tools/bin/../lib/gcc/arm-none-eabi/12.3.1/../../../../arm-none-eabi/lib/thumb/v7e-m+fp/hard/libc_nano.a(libc_a-mlock.o)
                0x08007ca8                __malloc_unlock
 .text.sqrtf    0x08007cb4       0x3c /opt/st/stm32cubeide_1.15.0/plugins/com.st.stm32cube.ide.mcu.externaltools.gnu-tools-for-stm32.12.3.rel1.linux64_1.0.100.202403111256/tools/bin/../lib/gcc/arm-none-eabi/12.3.1/../../../../arm-none-eabi/lib/thumb/v7e-m+fp/hard/libm.a(libm_a-wf_sqrt.o)
                0x08007cb4                sqrtf
 .text.__ieee754_sqrtf
                0x08007cf0        0x6 /opt/st/stm32cubeide_1.15.0/plugins/com.st.stm32cube.ide.mcu.externaltools.gnu-tools-for-stm32.12.3.rel1.linux64_1.0.100.202403111256/tools/bin/../lib/gcc/arm-none-eabi/12.3.1/../../../../arm-none-eabi/lib/thumb/v7e-m+fp/hard/libm.a(libm_a-ef_sqrt.o)
                0x08007cf0                __ieee754_sqrtf
 *(.glue_7)
 .glue_7        0x08007cf6        0x0 linker stubs
 *(.glue_7t)
 .glue_7t       0x08007cf6        0x0 linker stubs
 *(.eh_frame)
 *fill*         0x08007cf6        0x2 
 .eh_frame      0x08007cf8        0x0 /opt/st/stm32cubeide_1.15.0/plugins/com.st.stm32cube.ide.mcu.externaltools.gnu-tools-for-stm32.12.3.rel1.linux64_1.0.100.202403111256/tools/bin/../lib/gcc/arm-none-eabi/12.3.1/thumb/v7e-m+fp/hard/crtbegin.o
 *(.init)
 .init          0x08007cf8        0x4 /opt/st/stm32cubeide_1.15.0/plugins/com.st.stm32cube.ide.mcu.externaltools.gnu-tools-for-stm32.12.3.rel1.linux64_1.0.100.202403111256/tools/bin/../lib/gcc/arm-none-eabi/12.3.1/thumb/v7e-m+fp/hard/crti.o
                0x08007cf8                _init
 .init          0x08007cfc        0x8 /opt/st/stm32cubeide_1.15.0/plugins/com.st.stm32cube.ide.mcu.externaltools.gnu-tools-for-stm32.12.3.rel1.linux64_1.0.100.202403111256/tools/bin/../lib/gcc/arm-none-eabi/12.3.1/thumb/v7e-m+fp/hard/crtn.o
 *(.fini)
 .fini          0x08007d04        0x4 /opt/st/stm32cubeide_1.15.0/plugins/com.st.stm32cube.ide.mcu.externaltools.gnu-tools-for-stm32.12.3.rel1.linux64_1.0.100.202403111256/tools/bin/../lib/gcc/arm-none-eabi/12.3.1/thumb/v7e-m+fp/hard/crti.o
                0x08007d04                _fini
 .fini          0x08007d08        0x8 /opt/st/stm32cubeide_1.15.0/plugins/com.st.stm32cube.ide.mcu.externaltools.gnu-tools-for-stm32.12.3.rel1.linux64_1.0.100.202403111256/tools/bin/../lib/gcc/arm-none-eabi/12.3.1/thumb/v7e-m+fp/hard/crtn.o
                0x08007d10                        . = ALIGN (0x4)
                0x08007d10                        _etext = .

.vfp11_veneer   0x08007d10        0x0
 .vfp11_veneer  0x08007d10        0x0 linker stubs

.v4_bx          0x08007d10        0x0
 .v4_bx         0x08007d10        0x0 linker stubs

.iplt           0x08007d10        0x0
 .iplt          0x08007d10        0x0 /opt/st/stm32cubeide_1.15.0/plugins/com.st.stm32cube.ide.mcu.externaltools.gnu-tools-for-stm32.12.3.rel1.linux64_1.0.100.202403111256/tools/bin/../lib/gcc/arm-none-eabi/12.3.1/thumb/v7e-m+fp/hard/crtbegin.o

.rodata         0x08007d10    0x13d9c
                0x08007d10                        . = ALIGN (0x4)
 *(.rodata)
 .rodata        0x08007d10       0x2f ./Core/Src/main.o
 *fill*         0x08007d3f        0x1 
 .rodata        0x08007d40        0x5 ./Middlewares/Third_Party/FreeRTOS/Source/tasks.o
 *(.rodata*)
 *fill*         0x08007d45        0x3 
 .rodata.Font11x18
                0x08007d48      0xd5c ./Core/Src/fonts.o
                0x08007d48                Font11x18
 .rodata.AHBPrescTable
                0x08008aa4       0x10 ./Core/Src/system_stm32f4xx.o
                0x08008aa4                AHBPrescTable
 .rodata.APBPrescTable
                0x08008ab4        0x8 ./Core/Src/system_stm32f4xx.o
                0x08008ab4                APBPrescTable
 .rodata.flagBitshiftOffset.0
                0x08008abc        0x8 ./Drivers/STM32F4xx_HAL_Driver/Src/stm32f4xx_hal_dma.o
 .rodata.armBitRevIndexTable1024
                0x08008ac4      0xe10 /home/xxx/Escritorio/stm32/test_adc_nucleo/Drivers/CMSIS/DSP_libraries/Lib/GCC/libarm_cortexM4lf_math.a(arm_common_tables.o)
                0x08008ac4                armBitRevIndexTable1024
 .rodata.armBitRevIndexTable128
                0x080098d4      0x1a0 /home/xxx/Escritorio/stm32/test_adc_nucleo/Drivers/CMSIS/DSP_libraries/Lib/GCC/libarm_cortexM4lf_math.a(arm_common_tables.o)
                0x080098d4                armBitRevIndexTable128
 .rodata.armBitRevIndexTable16
                0x08009a74       0x28 /home/xxx/Escritorio/stm32/test_adc_nucleo/Drivers/CMSIS/DSP_libraries/Lib/GCC/libarm_cortexM4lf_math.a(arm_common_tables.o)
                0x08009a74                armBitRevIndexTable16
 .rodata.armBitRevIndexTable2048
                0x08009a9c     0x1dc0 /home/xxx/Escritorio/stm32/test_adc_nucleo/Drivers/CMSIS/DSP_libraries/Lib/GCC/libarm_cortexM4lf_math.a(arm_common_tables.o)
                0x08009a9c                armBitRevIndexTable2048
 .rodata.armBitRevIndexTable256
                0x0800b85c      0x370 /home/xxx/Escritorio/stm32/test_adc_nucleo/Drivers/CMSIS/DSP_libraries/Lib/GCC/libarm_cortexM4lf_math.a(arm_common_tables.o)
                0x0800b85c                armBitRevIndexTable256
 .rodata.armBitRevIndexTable32
                0x0800bbcc       0x60 /home/xxx/Escritorio/stm32/test_adc_nucleo/Drivers/CMSIS/DSP_libraries/Lib/GCC/libarm_cortexM4lf_math.a(arm_common_tables.o)
                0x0800bbcc                armBitRevIndexTable32
 .rodata.armBitRevIndexTable512
                0x0800bc2c      0x380 /home/xxx/Escritorio/stm32/test_adc_nucleo/Drivers/CMSIS/DSP_libraries/Lib/GCC/libarm_cortexM4lf_math.a(arm_common_tables.o)
                0x0800bc2c                armBitRevIndexTable512
 .rodata.twiddleCoef_1024
                0x0800bfac     0x2000 /home/xxx/Escritorio/stm32/test_adc_nucleo/Drivers/CMSIS/DSP_libraries/Lib/GCC/libarm_cortexM4lf_math.a(arm_common_tables.o)
                0x0800bfac                twiddleCoef_1024
 .rodata.twiddleCoef_128
                0x0800dfac      0x400 /home/xxx/Escritorio/stm32/test_adc_nucleo/Drivers/CMSIS/DSP_libraries/Lib/GCC/libarm_cortexM4lf_math.a(arm_common_tables.o)
                0x0800dfac                twiddleCoef_128
 .rodata.twiddleCoef_16
                0x0800e3ac       0x80 /home/xxx/Escritorio/stm32/test_adc_nucleo/Drivers/CMSIS/DSP_libraries/Lib/GCC/libarm_cortexM4lf_math.a(arm_common_tables.o)
                0x0800e3ac                twiddleCoef_16
 .rodata.twiddleCoef_2048
                0x0800e42c     0x4000 /home/xxx/Escritorio/stm32/test_adc_nucleo/Drivers/CMSIS/DSP_libraries/Lib/GCC/libarm_cortexM4lf_math.a(arm_common_tables.o)
                0x0800e42c                twiddleCoef_2048
 .rodata.twiddleCoef_256
                0x0801242c      0x800 /home/xxx/Escritorio/stm32/test_adc_nucleo/Drivers/CMSIS/DSP_libraries/Lib/GCC/libarm_cortexM4lf_math.a(arm_common_tables.o)
                0x0801242c                twiddleCoef_256
 .rodata.twiddleCoef_32
                0x08012c2c      0x100 /home/xxx/Escritorio/stm32/test_adc_nucleo/Drivers/CMSIS/DSP_libraries/Lib/GCC/libarm_cortexM4lf_math.a(arm_common_tables.o)
                0x08012c2c                twiddleCoef_32
 .rodata.twiddleCoef_512
                0x08012d2c     0x1000 /home/xxx/Escritorio/stm32/test_adc_nucleo/Drivers/CMSIS/DSP_libraries/Lib/GCC/libarm_cortexM4lf_math.a(arm_common_tables.o)
                0x08012d2c                twiddleCoef_512
 .rodata.twiddleCoef_rfft_1024
                0x08013d2c     0x1000 /home/xxx/Escritorio/stm32/test_adc_nucleo/Drivers/CMSIS/DSP_libraries/Lib/GCC/libarm_cortexM4lf_math.a(arm_common_tables.o)
                0x08013d2c                twiddleCoef_rfft_1024
 .rodata.twiddleCoef_rfft_2048
                0x08014d2c     0x2000 /home/xxx/Escritorio/stm32/test_adc_nucleo/Drivers/CMSIS/DSP_libraries/Lib/GCC/libarm_cortexM4lf_math.a(arm_common_tables.o)
                0x08014d2c                twiddleCoef_rfft_2048
 .rodata.twiddleCoef_rfft_256
                0x08016d2c      0x400 /home/xxx/Escritorio/stm32/test_adc_nucleo/Drivers/CMSIS/DSP_libraries/Lib/GCC/libarm_cortexM4lf_math.a(arm_common_tables.o)
                0x08016d2c                twiddleCoef_rfft_256
 .rodata.twiddleCoef_rfft_32
                0x0801712c       0x80 /home/xxx/Escritorio/stm32/test_adc_nucleo/Drivers/CMSIS/DSP_libraries/Lib/GCC/libarm_cortexM4lf_math.a(arm_common_tables.o)
                0x0801712c                twiddleCoef_rfft_32
 .rodata.twiddleCoef_rfft_4096
                0x080171ac     0x4000 /home/xxx/Escritorio/stm32/test_adc_nucleo/Drivers/CMSIS/DSP_libraries/Lib/GCC/libarm_cortexM4lf_math.a(arm_common_tables.o)
                0x080171ac                twiddleCoef_rfft_4096
 .rodata.twiddleCoef_rfft_512
                0x0801b1ac      0x800 /home/xxx/Escritorio/stm32/test_adc_nucleo/Drivers/CMSIS/DSP_libraries/Lib/GCC/libarm_cortexM4lf_math.a(arm_common_tables.o)
                0x0801b1ac                twiddleCoef_rfft_512
 .rodata.twiddleCoef_rfft_64
                0x0801b9ac      0x100 /home/xxx/Escritorio/stm32/test_adc_nucleo/Drivers/CMSIS/DSP_libraries/Lib/GCC/libarm_cortexM4lf_math.a(arm_common_tables.o)
                0x0801b9ac                twiddleCoef_rfft_64
                0x0801baac                        . = ALIGN (0x4)

.ARM.extab      0x0801baac        0x0
                0x0801baac                        . = ALIGN (0x4)
 *(.ARM.extab* .gnu.linkonce.armextab.*)
                0x0801baac                        . = ALIGN (0x4)

.ARM            0x0801baac        0x8
                0x0801baac                        . = ALIGN (0x4)
                0x0801baac                        __exidx_start = .
 *(.ARM.exidx*)
 .ARM.exidx     0x0801baac        0x8 /opt/st/stm32cubeide_1.15.0/plugins/com.st.stm32cube.ide.mcu.externaltools.gnu-tools-for-stm32.12.3.rel1.linux64_1.0.100.202403111256/tools/bin/../lib/gcc/arm-none-eabi/12.3.1/thumb/v7e-m+fp/hard/libgcc.a(_udivmoddi4.o)
                0x0801bab4                        __exidx_end = .
                0x0801bab4                        . = ALIGN (0x4)

.rel.dyn        0x0801bab4        0x0
 .rel.iplt      0x0801bab4        0x0 /opt/st/stm32cubeide_1.15.0/plugins/com.st.stm32cube.ide.mcu.externaltools.gnu-tools-for-stm32.12.3.rel1.linux64_1.0.100.202403111256/tools/bin/../lib/gcc/arm-none-eabi/12.3.1/thumb/v7e-m+fp/hard/crtbegin.o

.preinit_array  0x0801bab4        0x0
                0x0801bab4                        . = ALIGN (0x4)
                0x0801bab4                        PROVIDE (__preinit_array_start = .)
 *(.preinit_array*)
                0x0801bab4                        PROVIDE (__preinit_array_end = .)
                0x0801bab4                        . = ALIGN (0x4)

.init_array     0x0801bab4        0x4
                0x0801bab4                        . = ALIGN (0x4)
                0x0801bab4                        PROVIDE (__init_array_start = .)
 *(SORT_BY_NAME(.init_array.*))
 *(.init_array*)
 .init_array    0x0801bab4        0x4 /opt/st/stm32cubeide_1.15.0/plugins/com.st.stm32cube.ide.mcu.externaltools.gnu-tools-for-stm32.12.3.rel1.linux64_1.0.100.202403111256/tools/bin/../lib/gcc/arm-none-eabi/12.3.1/thumb/v7e-m+fp/hard/crtbegin.o
                0x0801bab8                        PROVIDE (__init_array_end = .)
                0x0801bab8                        . = ALIGN (0x4)

.fini_array     0x0801bab8        0x4
                0x0801bab8                        . = ALIGN (0x4)
                [!provide]                        PROVIDE (__fini_array_start = .)
 *(SORT_BY_NAME(.fini_array.*))
 *(.fini_array*)
 .fini_array    0x0801bab8        0x4 /opt/st/stm32cubeide_1.15.0/plugins/com.st.stm32cube.ide.mcu.externaltools.gnu-tools-for-stm32.12.3.rel1.linux64_1.0.100.202403111256/tools/bin/../lib/gcc/arm-none-eabi/12.3.1/thumb/v7e-m+fp/hard/crtbegin.o
                [!provide]                        PROVIDE (__fini_array_end = .)
                0x0801babc                        . = ALIGN (0x4)
                0x0801babc                        _sidata = LOADADDR (.data)

.data           0x20000000       0xa8 load address 0x0801babc
                0x20000000                        . = ALIGN (0x4)
                0x20000000                        _sdata = .
 *(.data)
 *(.data*)
 .data.Font_11x18
                0x20000000        0x8 ./Core/Src/fonts.o
                0x20000000                Font_11x18
 .data.buffer   0x20000008       0x40 ./Core/Src/main.o
                0x20000008                buffer
 .data.SystemCoreClock
                0x20000048        0x4 ./Core/Src/system_stm32f4xx.o
                0x20000048                SystemCoreClock
 .data.uwTickPrio
                0x2000004c        0x4 ./Drivers/STM32F4xx_HAL_Driver/Src/stm32f4xx_hal.o
                0x2000004c                uwTickPrio
 .data.uwTickFreq
                0x20000050        0x1 ./Drivers/STM32F4xx_HAL_Driver/Src/stm32f4xx_hal.o
                0x20000050                uwTickFreq
 *fill*         0x20000051        0x3 
 .data.uxCriticalNesting
                0x20000054        0x4 ./Middlewares/Third_Party/FreeRTOS/Source/portable/GCC/ARM_CM4F/port.o
 .data._impure_ptr
                0x20000058        0x4 /opt/st/stm32cubeide_1.15.0/plugins/com.st.stm32cube.ide.mcu.externaltools.gnu-tools-for-stm32.12.3.rel1.linux64_1.0.100.202403111256/tools/bin/../lib/gcc/arm-none-eabi/12.3.1/../../../../arm-none-eabi/lib/thumb/v7e-m+fp/hard/libc_nano.a(libc_a-impure.o)
                0x20000058                _impure_ptr
 .data._impure_data
                0x2000005c       0x4c /opt/st/stm32cubeide_1.15.0/plugins/com.st.stm32cube.ide.mcu.externaltools.gnu-tools-for-stm32.12.3.rel1.linux64_1.0.100.202403111256/tools/bin/../lib/gcc/arm-none-eabi/12.3.1/../../../../arm-none-eabi/lib/thumb/v7e-m+fp/hard/libc_nano.a(libc_a-impure.o)
                0x2000005c                _impure_data
 *(.RamFunc)
 *(.RamFunc*)
                0x200000a8                        . = ALIGN (0x4)
                0x200000a8                        _edata = .

.igot.plt       0x200000a8        0x0 load address 0x0801bb64
 .igot.plt      0x200000a8        0x0 /opt/st/stm32cubeide_1.15.0/plugins/com.st.stm32cube.ide.mcu.externaltools.gnu-tools-for-stm32.12.3.rel1.linux64_1.0.100.202403111256/tools/bin/../lib/gcc/arm-none-eabi/12.3.1/thumb/v7e-m+fp/hard/crtbegin.o
                0x200000a8                        . = ALIGN (0x4)

.bss            0x200000a8     0x67ac load address 0x0801bb64
                0x200000a8                        _sbss = .
                0x200000a8                        __bss_start__ = _sbss
 *(.bss)
 .bss           0x200000a8       0x1c /opt/st/stm32cubeide_1.15.0/plugins/com.st.stm32cube.ide.mcu.externaltools.gnu-tools-for-stm32.12.3.rel1.linux64_1.0.100.202403111256/tools/bin/../lib/gcc/arm-none-eabi/12.3.1/thumb/v7e-m+fp/hard/crtbegin.o
 *(.bss*)
 .bss.xIdleTaskTCBBuffer
                0x200000c4       0xa0 ./Core/Src/freertos.o
 .bss.xIdleStack
                0x20000164      0x200 ./Core/Src/freertos.o
 .bss.hadc1     0x20000364       0x48 ./Core/Src/main.o
                0x20000364                hadc1
 .bss.hdma_adc1
                0x200003ac       0x60 ./Core/Src/main.o
                0x200003ac                hdma_adc1
 .bss.hi2c1     0x2000040c       0x54 ./Core/Src/main.o
                0x2000040c                hi2c1
 .bss.defaultTaskHandle
                0x20000460        0x4 ./Core/Src/main.o
                0x20000460                defaultTaskHandle
 .bss.input_signal
                0x20000464       0x80 ./Core/Src/main.o
                0x20000464                input_signal
 .bss.fft_output
                0x200004e4       0x80 ./Core/Src/main.o
                0x200004e4                fft_output
 .bss.rawValues
                0x20000564     0x2000 ./Core/Src/main.o
                0x20000564                rawValues
 .bss.i         0x20002564        0x4 ./Core/Src/main.o
                0x20002564                i
 .bss.cola      0x20002568        0x4 ./Core/Src/main.o
                0x20002568                cola
 .bss.SSD1306_Buffer
                0x2000256c      0x400 ./Core/Src/ssd1306.o
 .bss.SSD1306   0x2000296c        0x6 ./Core/Src/ssd1306.o
 *fill*         0x20002972        0x2 
 .bss.htim1     0x20002974       0x48 ./Core/Src/stm32f4xx_hal_timebase_tim.o
                0x20002974                htim1
 .bss.uwTick    0x200029bc        0x4 ./Drivers/STM32F4xx_HAL_Driver/Src/stm32f4xx_hal.o
                0x200029bc                uwTick
 .bss.pxCurrentTCB
                0x200029c0        0x4 ./Middlewares/Third_Party/FreeRTOS/Source/tasks.o
                0x200029c0                pxCurrentTCB
 .bss.pxReadyTasksLists
                0x200029c4       0x8c ./Middlewares/Third_Party/FreeRTOS/Source/tasks.o
 .bss.xDelayedTaskList1
                0x20002a50       0x14 ./Middlewares/Third_Party/FreeRTOS/Source/tasks.o
 .bss.xDelayedTaskList2
                0x20002a64       0x14 ./Middlewares/Third_Party/FreeRTOS/Source/tasks.o
 .bss.pxDelayedTaskList
                0x20002a78        0x4 ./Middlewares/Third_Party/FreeRTOS/Source/tasks.o
 .bss.pxOverflowDelayedTaskList
                0x20002a7c        0x4 ./Middlewares/Third_Party/FreeRTOS/Source/tasks.o
 .bss.xPendingReadyList
                0x20002a80       0x14 ./Middlewares/Third_Party/FreeRTOS/Source/tasks.o
 .bss.xTasksWaitingTermination
                0x20002a94       0x14 ./Middlewares/Third_Party/FreeRTOS/Source/tasks.o
 .bss.uxDeletedTasksWaitingCleanUp
                0x20002aa8        0x4 ./Middlewares/Third_Party/FreeRTOS/Source/tasks.o
 .bss.xSuspendedTaskList
                0x20002aac       0x14 ./Middlewares/Third_Party/FreeRTOS/Source/tasks.o
 .bss.uxCurrentNumberOfTasks
                0x20002ac0        0x4 ./Middlewares/Third_Party/FreeRTOS/Source/tasks.o
 .bss.xTickCount
                0x20002ac4        0x4 ./Middlewares/Third_Party/FreeRTOS/Source/tasks.o
 .bss.uxTopReadyPriority
                0x20002ac8        0x4 ./Middlewares/Third_Party/FreeRTOS/Source/tasks.o
 .bss.xSchedulerRunning
                0x20002acc        0x4 ./Middlewares/Third_Party/FreeRTOS/Source/tasks.o
 .bss.xPendedTicks
                0x20002ad0        0x4 ./Middlewares/Third_Party/FreeRTOS/Source/tasks.o
 .bss.xYieldPending
                0x20002ad4        0x4 ./Middlewares/Third_Party/FreeRTOS/Source/tasks.o
 .bss.xNumOfOverflows
                0x20002ad8        0x4 ./Middlewares/Third_Party/FreeRTOS/Source/tasks.o
 .bss.uxTaskNumber
                0x20002adc        0x4 ./Middlewares/Third_Party/FreeRTOS/Source/tasks.o
 .bss.xNextTaskUnblockTime
                0x20002ae0        0x4 ./Middlewares/Third_Party/FreeRTOS/Source/tasks.o
 .bss.xIdleTaskHandle
                0x20002ae4        0x4 ./Middlewares/Third_Party/FreeRTOS/Source/tasks.o
 .bss.uxSchedulerSuspended
                0x20002ae8        0x4 ./Middlewares/Third_Party/FreeRTOS/Source/tasks.o
 .bss.ucMaxSysCallPriority
                0x20002aec        0x1 ./Middlewares/Third_Party/FreeRTOS/Source/portable/GCC/ARM_CM4F/port.o
 *fill*         0x20002aed        0x3 
 .bss.ulMaxPRIGROUPValue
                0x20002af0        0x4 ./Middlewares/Third_Party/FreeRTOS/Source/portable/GCC/ARM_CM4F/port.o
 .bss.ucHeap    0x20002af4     0x3c00 ./Middlewares/Third_Party/FreeRTOS/Source/portable/MemMang/heap_4.o
 .bss.xStart    0x200066f4        0x8 ./Middlewares/Third_Party/FreeRTOS/Source/portable/MemMang/heap_4.o
 .bss.pxEnd     0x200066fc        0x4 ./Middlewares/Third_Party/FreeRTOS/Source/portable/MemMang/heap_4.o
 .bss.xFreeBytesRemaining
                0x20006700        0x4 ./Middlewares/Third_Party/FreeRTOS/Source/portable/MemMang/heap_4.o
 .bss.xMinimumEverFreeBytesRemaining
                0x20006704        0x4 ./Middlewares/Third_Party/FreeRTOS/Source/portable/MemMang/heap_4.o
 .bss.xNumberOfSuccessfulAllocations
                0x20006708        0x4 ./Middlewares/Third_Party/FreeRTOS/Source/portable/MemMang/heap_4.o
 .bss.xNumberOfSuccessfulFrees
                0x2000670c        0x4 ./Middlewares/Third_Party/FreeRTOS/Source/portable/MemMang/heap_4.o
 .bss.xBlockAllocatedBit
                0x20006710        0x4 ./Middlewares/Third_Party/FreeRTOS/Source/portable/MemMang/heap_4.o
 .bss.__sf      0x20006714      0x138 /opt/st/stm32cubeide_1.15.0/plugins/com.st.stm32cube.ide.mcu.externaltools.gnu-tools-for-stm32.12.3.rel1.linux64_1.0.100.202403111256/tools/bin/../lib/gcc/arm-none-eabi/12.3.1/../../../../arm-none-eabi/lib/thumb/v7e-m+fp/hard/libc_nano.a(libc_a-findfp.o)
                0x20006714                __sf
 .bss.__lock___malloc_recursive_mutex
                0x2000684c        0x1 /opt/st/stm32cubeide_1.15.0/plugins/com.st.stm32cube.ide.mcu.externaltools.gnu-tools-for-stm32.12.3.rel1.linux64_1.0.100.202403111256/tools/bin/../lib/gcc/arm-none-eabi/12.3.1/../../../../arm-none-eabi/lib/thumb/v7e-m+fp/hard/libc_nano.a(libc_a-lock.o)
                0x2000684c                __lock___malloc_recursive_mutex
 *fill*         0x2000684d        0x3 
 .bss.__malloc_free_list
                0x20006850        0x4 /opt/st/stm32cubeide_1.15.0/plugins/com.st.stm32cube.ide.mcu.externaltools.gnu-tools-for-stm32.12.3.rel1.linux64_1.0.100.202403111256/tools/bin/../lib/gcc/arm-none-eabi/12.3.1/../../../../arm-none-eabi/lib/thumb/v7e-m+fp/hard/libc_nano.a(libc_a-mallocr.o)
                0x20006850                __malloc_free_list
 *(COMMON)
                0x20006854                        . = ALIGN (0x4)
                0x20006854                        _ebss = .
                0x20006854                        __bss_end__ = _ebss

._user_heap_stack
                0x20006854      0x604 load address 0x0801bb64
                0x20006858                        . = ALIGN (0x8)
 *fill*         0x20006854        0x4 
                [!provide]                        PROVIDE (end = .)
                0x20006858                        PROVIDE (_end = .)
                0x20006a58                        . = (. + _Min_Heap_Size)
 *fill*         0x20006858      0x200 
                0x20006e58                        . = (. + _Min_Stack_Size)
 *fill*         0x20006a58      0x400 
                0x20006e58                        . = ALIGN (0x8)

/DISCARD/
 libc.a(*)
 libm.a(*)
 libgcc.a(*)

.ARM.attributes
                0x00000000       0x30
 *(.ARM.attributes)
 .ARM.attributes
                0x00000000       0x22 /opt/st/stm32cubeide_1.15.0/plugins/com.st.stm32cube.ide.mcu.externaltools.gnu-tools-for-stm32.12.3.rel1.linux64_1.0.100.202403111256/tools/bin/../lib/gcc/arm-none-eabi/12.3.1/thumb/v7e-m+fp/hard/crti.o
 .ARM.attributes
                0x00000022       0x34 /opt/st/stm32cubeide_1.15.0/plugins/com.st.stm32cube.ide.mcu.externaltools.gnu-tools-for-stm32.12.3.rel1.linux64_1.0.100.202403111256/tools/bin/../lib/gcc/arm-none-eabi/12.3.1/thumb/v7e-m+fp/hard/crtbegin.o
 .ARM.attributes
                0x00000056       0x34 ./Core/Src/fonts.o
 .ARM.attributes
                0x0000008a       0x34 ./Core/Src/freertos.o
 .ARM.attributes
                0x000000be       0x34 ./Core/Src/main.o
 .ARM.attributes
                0x000000f2       0x34 ./Core/Src/ssd1306.o
 .ARM.attributes
                0x00000126       0x34 ./Core/Src/stm32f4xx_hal_msp.o
 .ARM.attributes
                0x0000015a       0x34 ./Core/Src/stm32f4xx_hal_timebase_tim.o
 .ARM.attributes
                0x0000018e       0x34 ./Core/Src/stm32f4xx_it.o
 .ARM.attributes
                0x000001c2       0x34 ./Core/Src/system_stm32f4xx.o
 .ARM.attributes
                0x000001f6       0x21 ./Core/Startup/startup_stm32f401retx.o
 .ARM.attributes
                0x00000217       0x34 ./Drivers/STM32F4xx_HAL_Driver/Src/stm32f4xx_hal.o
 .ARM.attributes
                0x0000024b       0x34 ./Drivers/STM32F4xx_HAL_Driver/Src/stm32f4xx_hal_adc.o
 .ARM.attributes
                0x0000027f       0x34 ./Drivers/STM32F4xx_HAL_Driver/Src/stm32f4xx_hal_adc_ex.o
 .ARM.attributes
                0x000002b3       0x34 ./Drivers/STM32F4xx_HAL_Driver/Src/stm32f4xx_hal_cortex.o
 .ARM.attributes
                0x000002e7       0x34 ./Drivers/STM32F4xx_HAL_Driver/Src/stm32f4xx_hal_dma.o
 .ARM.attributes
                0x0000031b       0x34 ./Drivers/STM32F4xx_HAL_Driver/Src/stm32f4xx_hal_gpio.o
 .ARM.attributes
                0x0000034f       0x34 ./Drivers/STM32F4xx_HAL_Driver/Src/stm32f4xx_hal_i2c.o
 .ARM.attributes
                0x00000383       0x34 ./Drivers/STM32F4xx_HAL_Driver/Src/stm32f4xx_hal_rcc.o
 .ARM.attributes
                0x000003b7       0x34 ./Drivers/STM32F4xx_HAL_Driver/Src/stm32f4xx_hal_tim.o
 .ARM.attributes
                0x000003eb       0x34 ./Drivers/STM32F4xx_HAL_Driver/Src/stm32f4xx_hal_tim_ex.o
 .ARM.attributes
                0x0000041f       0x34 ./Middlewares/Third_Party/FreeRTOS/Source/CMSIS_RTOS/cmsis_os.o
 .ARM.attributes
                0x00000453       0x34 ./Middlewares/Third_Party/FreeRTOS/Source/list.o
 .ARM.attributes
                0x00000487       0x34 ./Middlewares/Third_Party/FreeRTOS/Source/queue.o
 .ARM.attributes
                0x000004bb       0x34 ./Middlewares/Third_Party/FreeRTOS/Source/tasks.o
 .ARM.attributes
                0x000004ef       0x34 ./Middlewares/Third_Party/FreeRTOS/Source/portable/GCC/ARM_CM4F/port.o
 .ARM.attributes
                0x00000523       0x34 ./Middlewares/Third_Party/FreeRTOS/Source/portable/MemMang/heap_4.o
 .ARM.attributes
                0x00000557       0x34 /home/xxx/Escritorio/stm32/test_adc_nucleo/Drivers/CMSIS/DSP_libraries/Lib/GCC/libarm_cortexM4lf_math.a(arm_mean_f32.o)
 .ARM.attributes
                0x0000058b       0x34 /home/xxx/Escritorio/stm32/test_adc_nucleo/Drivers/CMSIS/DSP_libraries/Lib/GCC/libarm_cortexM4lf_math.a(arm_max_f32.o)
 .ARM.attributes
                0x000005bf       0x34 /home/xxx/Escritorio/stm32/test_adc_nucleo/Drivers/CMSIS/DSP_libraries/Lib/GCC/libarm_cortexM4lf_math.a(arm_rfft_fast_init_f32.o)
 .ARM.attributes
                0x000005f3       0x34 /home/xxx/Escritorio/stm32/test_adc_nucleo/Drivers/CMSIS/DSP_libraries/Lib/GCC/libarm_cortexM4lf_math.a(arm_rfft_fast_f32.o)
 .ARM.attributes
                0x00000627       0x34 /home/xxx/Escritorio/stm32/test_adc_nucleo/Drivers/CMSIS/DSP_libraries/Lib/GCC/libarm_cortexM4lf_math.a(arm_cfft_f32.o)
 .ARM.attributes
                0x0000065b       0x34 /home/xxx/Escritorio/stm32/test_adc_nucleo/Drivers/CMSIS/DSP_libraries/Lib/GCC/libarm_cortexM4lf_math.a(arm_bitreversal2.o)
 .ARM.attributes
                0x0000068f       0x34 /home/xxx/Escritorio/stm32/test_adc_nucleo/Drivers/CMSIS/DSP_libraries/Lib/GCC/libarm_cortexM4lf_math.a(arm_cmplx_mag_f32.o)
 .ARM.attributes
                0x000006c3       0x39 /home/xxx/Escritorio/stm32/test_adc_nucleo/Drivers/CMSIS/DSP_libraries/Lib/GCC/libarm_cortexM4lf_math.a(arm_common_tables.o)
 .ARM.attributes
                0x000006fc       0x34 /home/xxx/Escritorio/stm32/test_adc_nucleo/Drivers/CMSIS/DSP_libraries/Lib/GCC/libarm_cortexM4lf_math.a(arm_cfft_radix8_f32.o)
 .ARM.attributes
                0x00000730       0x34 /opt/st/stm32cubeide_1.15.0/plugins/com.st.stm32cube.ide.mcu.externaltools.gnu-tools-for-stm32.12.3.rel1.linux64_1.0.100.202403111256/tools/bin/../lib/gcc/arm-none-eabi/12.3.1/../../../../arm-none-eabi/lib/thumb/v7e-m+fp/hard/libc_nano.a(libc_a-findfp.o)
 .ARM.attributes
                0x00000764       0x34 /opt/st/stm32cubeide_1.15.0/plugins/com.st.stm32cube.ide.mcu.externaltools.gnu-tools-for-stm32.12.3.rel1.linux64_1.0.100.202403111256/tools/bin/../lib/gcc/arm-none-eabi/12.3.1/../../../../arm-none-eabi/lib/thumb/v7e-m+fp/hard/libc_nano.a(libc_a-memset.o)
 .ARM.attributes
                0x00000798       0x34 /opt/st/stm32cubeide_1.15.0/plugins/com.st.stm32cube.ide.mcu.externaltools.gnu-tools-for-stm32.12.3.rel1.linux64_1.0.100.202403111256/tools/bin/../lib/gcc/arm-none-eabi/12.3.1/../../../../arm-none-eabi/lib/thumb/v7e-m+fp/hard/libc_nano.a(libc_a-reent.o)
 .ARM.attributes
                0x000007cc       0x34 /opt/st/stm32cubeide_1.15.0/plugins/com.st.stm32cube.ide.mcu.externaltools.gnu-tools-for-stm32.12.3.rel1.linux64_1.0.100.202403111256/tools/bin/../lib/gcc/arm-none-eabi/12.3.1/../../../../arm-none-eabi/lib/thumb/v7e-m+fp/hard/libc_nano.a(libc_a-impure.o)
 .ARM.attributes
                0x00000800       0x34 /opt/st/stm32cubeide_1.15.0/plugins/com.st.stm32cube.ide.mcu.externaltools.gnu-tools-for-stm32.12.3.rel1.linux64_1.0.100.202403111256/tools/bin/../lib/gcc/arm-none-eabi/12.3.1/../../../../arm-none-eabi/lib/thumb/v7e-m+fp/hard/libc_nano.a(libc_a-errno.o)
 .ARM.attributes
                0x00000834       0x34 /opt/st/stm32cubeide_1.15.0/plugins/com.st.stm32cube.ide.mcu.externaltools.gnu-tools-for-stm32.12.3.rel1.linux64_1.0.100.202403111256/tools/bin/../lib/gcc/arm-none-eabi/12.3.1/../../../../arm-none-eabi/lib/thumb/v7e-m+fp/hard/libc_nano.a(libc_a-init.o)
 .ARM.attributes
                0x00000868       0x34 /opt/st/stm32cubeide_1.15.0/plugins/com.st.stm32cube.ide.mcu.externaltools.gnu-tools-for-stm32.12.3.rel1.linux64_1.0.100.202403111256/tools/bin/../lib/gcc/arm-none-eabi/12.3.1/../../../../arm-none-eabi/lib/thumb/v7e-m+fp/hard/libc_nano.a(libc_a-lock.o)
 .ARM.attributes
                0x0000089c       0x34 /opt/st/stm32cubeide_1.15.0/plugins/com.st.stm32cube.ide.mcu.externaltools.gnu-tools-for-stm32.12.3.rel1.linux64_1.0.100.202403111256/tools/bin/../lib/gcc/arm-none-eabi/12.3.1/../../../../arm-none-eabi/lib/thumb/v7e-m+fp/hard/libc_nano.a(libc_a-memcpy-stub.o)
 .ARM.attributes
                0x000008d0       0x34 /opt/st/stm32cubeide_1.15.0/plugins/com.st.stm32cube.ide.mcu.externaltools.gnu-tools-for-stm32.12.3.rel1.linux64_1.0.100.202403111256/tools/bin/../lib/gcc/arm-none-eabi/12.3.1/../../../../arm-none-eabi/lib/thumb/v7e-m+fp/hard/libc_nano.a(libc_a-freer.o)
 .ARM.attributes
                0x00000904       0x34 /opt/st/stm32cubeide_1.15.0/plugins/com.st.stm32cube.ide.mcu.externaltools.gnu-tools-for-stm32.12.3.rel1.linux64_1.0.100.202403111256/tools/bin/../lib/gcc/arm-none-eabi/12.3.1/../../../../arm-none-eabi/lib/thumb/v7e-m+fp/hard/libc_nano.a(libc_a-mallocr.o)
 .ARM.attributes
                0x00000938       0x34 /opt/st/stm32cubeide_1.15.0/plugins/com.st.stm32cube.ide.mcu.externaltools.gnu-tools-for-stm32.12.3.rel1.linux64_1.0.100.202403111256/tools/bin/../lib/gcc/arm-none-eabi/12.3.1/../../../../arm-none-eabi/lib/thumb/v7e-m+fp/hard/libc_nano.a(libc_a-mlock.o)
 .ARM.attributes
                0x0000096c       0x34 /opt/st/stm32cubeide_1.15.0/plugins/com.st.stm32cube.ide.mcu.externaltools.gnu-tools-for-stm32.12.3.rel1.linux64_1.0.100.202403111256/tools/bin/../lib/gcc/arm-none-eabi/12.3.1/../../../../arm-none-eabi/lib/thumb/v7e-m+fp/hard/libm.a(libm_a-wf_sqrt.o)
 .ARM.attributes
                0x000009a0       0x34 /opt/st/stm32cubeide_1.15.0/plugins/com.st.stm32cube.ide.mcu.externaltools.gnu-tools-for-stm32.12.3.rel1.linux64_1.0.100.202403111256/tools/bin/../lib/gcc/arm-none-eabi/12.3.1/../../../../arm-none-eabi/lib/thumb/v7e-m+fp/hard/libm.a(libm_a-ef_sqrt.o)
 .ARM.attributes
                0x000009d4       0x22 /opt/st/stm32cubeide_1.15.0/plugins/com.st.stm32cube.ide.mcu.externaltools.gnu-tools-for-stm32.12.3.rel1.linux64_1.0.100.202403111256/tools/bin/../lib/gcc/arm-none-eabi/12.3.1/thumb/v7e-m+fp/hard/libgcc.a(_aeabi_uldivmod.o)
 .ARM.attributes
                0x000009f6       0x34 /opt/st/stm32cubeide_1.15.0/plugins/com.st.stm32cube.ide.mcu.externaltools.gnu-tools-for-stm32.12.3.rel1.linux64_1.0.100.202403111256/tools/bin/../lib/gcc/arm-none-eabi/12.3.1/thumb/v7e-m+fp/hard/libgcc.a(_udivmoddi4.o)
 .ARM.attributes
                0x00000a2a       0x22 /opt/st/stm32cubeide_1.15.0/plugins/com.st.stm32cube.ide.mcu.externaltools.gnu-tools-for-stm32.12.3.rel1.linux64_1.0.100.202403111256/tools/bin/../lib/gcc/arm-none-eabi/12.3.1/thumb/v7e-m+fp/hard/libgcc.a(_dvmd_tls.o)
 .ARM.attributes
                0x00000a4c       0x22 /opt/st/stm32cubeide_1.15.0/plugins/com.st.stm32cube.ide.mcu.externaltools.gnu-tools-for-stm32.12.3.rel1.linux64_1.0.100.202403111256/tools/bin/../lib/gcc/arm-none-eabi/12.3.1/thumb/v7e-m+fp/hard/crtn.o
OUTPUT(test_adc_nucleo.elf elf32-littlearm)
LOAD linker stubs
LOAD /opt/st/stm32cubeide_1.15.0/plugins/com.st.stm32cube.ide.mcu.externaltools.gnu-tools-for-stm32.12.3.rel1.linux64_1.0.100.202403111256/tools/bin/../lib/gcc/arm-none-eabi/12.3.1/../../../../arm-none-eabi/lib/thumb/v7e-m+fp/hard/libc.a
LOAD /opt/st/stm32cubeide_1.15.0/plugins/com.st.stm32cube.ide.mcu.externaltools.gnu-tools-for-stm32.12.3.rel1.linux64_1.0.100.202403111256/tools/bin/../lib/gcc/arm-none-eabi/12.3.1/../../../../arm-none-eabi/lib/thumb/v7e-m+fp/hard/libm.a
LOAD /opt/st/stm32cubeide_1.15.0/plugins/com.st.stm32cube.ide.mcu.externaltools.gnu-tools-for-stm32.12.3.rel1.linux64_1.0.100.202403111256/tools/bin/../lib/gcc/arm-none-eabi/12.3.1/thumb/v7e-m+fp/hard/libgcc.a

.debug_info     0x00000000    0x2240e
 .debug_info    0x00000000      0x255 ./Core/Src/fonts.o
 .debug_info    0x00000255      0x919 ./Core/Src/freertos.o
 .debug_info    0x00000b6e     0x250a ./Core/Src/main.o
 .debug_info    0x00003078     0x110c ./Core/Src/ssd1306.o
 .debug_info    0x00004184      0xea9 ./Core/Src/stm32f4xx_hal_msp.o
 .debug_info    0x0000502d      0xb55 ./Core/Src/stm32f4xx_hal_timebase_tim.o
 .debug_info    0x00005b82      0x954 ./Core/Src/stm32f4xx_it.o
 .debug_info    0x000064d6      0x53e ./Core/Src/system_stm32f4xx.o
 .debug_info    0x00006a14       0x30 ./Core/Startup/startup_stm32f401retx.o
 .debug_info    0x00006a44      0x8be ./Drivers/STM32F4xx_HAL_Driver/Src/stm32f4xx_hal.o
 .debug_info    0x00007302      0xcb3 ./Drivers/STM32F4xx_HAL_Driver/Src/stm32f4xx_hal_adc.o
 .debug_info    0x00007fb5      0xb56 ./Drivers/STM32F4xx_HAL_Driver/Src/stm32f4xx_hal_adc_ex.o
 .debug_info    0x00008b0b      0xcb0 ./Drivers/STM32F4xx_HAL_Driver/Src/stm32f4xx_hal_cortex.o
 .debug_info    0x000097bb      0x8e6 ./Drivers/STM32F4xx_HAL_Driver/Src/stm32f4xx_hal_dma.o
 .debug_info    0x0000a0a1      0x6f9 ./Drivers/STM32F4xx_HAL_Driver/Src/stm32f4xx_hal_gpio.o
 .debug_info    0x0000a79a     0x23f2 ./Drivers/STM32F4xx_HAL_Driver/Src/stm32f4xx_hal_i2c.o
 .debug_info    0x0000cb8c      0x8f2 ./Drivers/STM32F4xx_HAL_Driver/Src/stm32f4xx_hal_rcc.o
 .debug_info    0x0000d47e     0x2942 ./Drivers/STM32F4xx_HAL_Driver/Src/stm32f4xx_hal_tim.o
 .debug_info    0x0000fdc0     0x14a7 ./Drivers/STM32F4xx_HAL_Driver/Src/stm32f4xx_hal_tim_ex.o
 .debug_info    0x00011267     0x21e2 ./Middlewares/Third_Party/FreeRTOS/Source/CMSIS_RTOS/cmsis_os.o
 .debug_info    0x00013449      0x2af ./Middlewares/Third_Party/FreeRTOS/Source/list.o
 .debug_info    0x000136f8     0x17cd ./Middlewares/Third_Party/FreeRTOS/Source/queue.o
 .debug_info    0x00014ec5     0x239e ./Middlewares/Third_Party/FreeRTOS/Source/tasks.o
 .debug_info    0x00017263      0x4de ./Middlewares/Third_Party/FreeRTOS/Source/portable/GCC/ARM_CM4F/port.o
 .debug_info    0x00017741      0x4d5 ./Middlewares/Third_Party/FreeRTOS/Source/portable/MemMang/heap_4.o
 .debug_info    0x00017c16      0xae8 /home/xxx/Escritorio/stm32/test_adc_nucleo/Drivers/CMSIS/DSP_libraries/Lib/GCC/libarm_cortexM4lf_math.a(arm_mean_f32.o)
 .debug_info    0x000186fe      0xb3c /home/xxx/Escritorio/stm32/test_adc_nucleo/Drivers/CMSIS/DSP_libraries/Lib/GCC/libarm_cortexM4lf_math.a(arm_max_f32.o)
 .debug_info    0x0001923a     0x192a /home/xxx/Escritorio/stm32/test_adc_nucleo/Drivers/CMSIS/DSP_libraries/Lib/GCC/libarm_cortexM4lf_math.a(arm_rfft_fast_init_f32.o)
 .debug_info    0x0001ab64      0xf91 /home/xxx/Escritorio/stm32/test_adc_nucleo/Drivers/CMSIS/DSP_libraries/Lib/GCC/libarm_cortexM4lf_math.a(arm_rfft_fast_f32.o)
 .debug_info    0x0001baf5     0x1c5b /home/xxx/Escritorio/stm32/test_adc_nucleo/Drivers/CMSIS/DSP_libraries/Lib/GCC/libarm_cortexM4lf_math.a(arm_cfft_f32.o)
 .debug_info    0x0001d750     0x16a6 /home/xxx/Escritorio/stm32/test_adc_nucleo/Drivers/CMSIS/DSP_libraries/Lib/GCC/libarm_cortexM4lf_math.a(arm_bitreversal2.o)
 .debug_info    0x0001edf6      0xcba /home/xxx/Escritorio/stm32/test_adc_nucleo/Drivers/CMSIS/DSP_libraries/Lib/GCC/libarm_cortexM4lf_math.a(arm_cmplx_mag_f32.o)
 .debug_info    0x0001fab0     0x1a84 /home/xxx/Escritorio/stm32/test_adc_nucleo/Drivers/CMSIS/DSP_libraries/Lib/GCC/libarm_cortexM4lf_math.a(arm_common_tables.o)
 .debug_info    0x00021534      0xeda /home/xxx/Escritorio/stm32/test_adc_nucleo/Drivers/CMSIS/DSP_libraries/Lib/GCC/libarm_cortexM4lf_math.a(arm_cfft_radix8_f32.o)

.debug_abbrev   0x00000000     0x4e2a
 .debug_abbrev  0x00000000      0x11c ./Core/Src/fonts.o
 .debug_abbrev  0x0000011c      0x16f ./Core/Src/freertos.o
 .debug_abbrev  0x0000028b      0x3d7 ./Core/Src/main.o
 .debug_abbrev  0x00000662      0x303 ./Core/Src/ssd1306.o
 .debug_abbrev  0x00000965      0x202 ./Core/Src/stm32f4xx_hal_msp.o
 .debug_abbrev  0x00000b67      0x1f4 ./Core/Src/stm32f4xx_hal_timebase_tim.o
 .debug_abbrev  0x00000d5b      0x194 ./Core/Src/stm32f4xx_it.o
 .debug_abbrev  0x00000eef      0x11a ./Core/Src/system_stm32f4xx.o
 .debug_abbrev  0x00001009       0x24 ./Core/Startup/startup_stm32f401retx.o
 .debug_abbrev  0x0000102d      0x24b ./Drivers/STM32F4xx_HAL_Driver/Src/stm32f4xx_hal.o
 .debug_abbrev  0x00001278      0x20e ./Drivers/STM32F4xx_HAL_Driver/Src/stm32f4xx_hal_adc.o
 .debug_abbrev  0x00001486      0x22c ./Drivers/STM32F4xx_HAL_Driver/Src/stm32f4xx_hal_adc_ex.o
 .debug_abbrev  0x000016b2      0x327 ./Drivers/STM32F4xx_HAL_Driver/Src/stm32f4xx_hal_cortex.o
 .debug_abbrev  0x000019d9      0x221 ./Drivers/STM32F4xx_HAL_Driver/Src/stm32f4xx_hal_dma.o
 .debug_abbrev  0x00001bfa      0x1d3 ./Drivers/STM32F4xx_HAL_Driver/Src/stm32f4xx_hal_gpio.o
 .debug_abbrev  0x00001dcd      0x2bc ./Drivers/STM32F4xx_HAL_Driver/Src/stm32f4xx_hal_i2c.o
 .debug_abbrev  0x00002089      0x2b5 ./Drivers/STM32F4xx_HAL_Driver/Src/stm32f4xx_hal_rcc.o
 .debug_abbrev  0x0000233e      0x284 ./Drivers/STM32F4xx_HAL_Driver/Src/stm32f4xx_hal_tim.o
 .debug_abbrev  0x000025c2      0x28f ./Drivers/STM32F4xx_HAL_Driver/Src/stm32f4xx_hal_tim_ex.o
 .debug_abbrev  0x00002851      0x416 ./Middlewares/Third_Party/FreeRTOS/Source/CMSIS_RTOS/cmsis_os.o
 .debug_abbrev  0x00002c67       0xf5 ./Middlewares/Third_Party/FreeRTOS/Source/list.o
 .debug_abbrev  0x00002d5c      0x3b5 ./Middlewares/Third_Party/FreeRTOS/Source/queue.o
 .debug_abbrev  0x00003111      0x3d0 ./Middlewares/Third_Party/FreeRTOS/Source/tasks.o
 .debug_abbrev  0x000034e1      0x25c ./Middlewares/Third_Party/FreeRTOS/Source/portable/GCC/ARM_CM4F/port.o
 .debug_abbrev  0x0000373d      0x21d ./Middlewares/Third_Party/FreeRTOS/Source/portable/MemMang/heap_4.o
 .debug_abbrev  0x0000395a      0x210 /home/xxx/Escritorio/stm32/test_adc_nucleo/Drivers/CMSIS/DSP_libraries/Lib/GCC/libarm_cortexM4lf_math.a(arm_mean_f32.o)
 .debug_abbrev  0x00003b6a      0x212 /home/xxx/Escritorio/stm32/test_adc_nucleo/Drivers/CMSIS/DSP_libraries/Lib/GCC/libarm_cortexM4lf_math.a(arm_max_f32.o)
 .debug_abbrev  0x00003d7c      0x2a0 /home/xxx/Escritorio/stm32/test_adc_nucleo/Drivers/CMSIS/DSP_libraries/Lib/GCC/libarm_cortexM4lf_math.a(arm_rfft_fast_init_f32.o)
 .debug_abbrev  0x0000401c      0x2b8 /home/xxx/Escritorio/stm32/test_adc_nucleo/Drivers/CMSIS/DSP_libraries/Lib/GCC/libarm_cortexM4lf_math.a(arm_rfft_fast_f32.o)
 .debug_abbrev  0x000042d4      0x2e0 /home/xxx/Escritorio/stm32/test_adc_nucleo/Drivers/CMSIS/DSP_libraries/Lib/GCC/libarm_cortexM4lf_math.a(arm_cfft_f32.o)
 .debug_abbrev  0x000045b4      0x206 /home/xxx/Escritorio/stm32/test_adc_nucleo/Drivers/CMSIS/DSP_libraries/Lib/GCC/libarm_cortexM4lf_math.a(arm_bitreversal2.o)
 .debug_abbrev  0x000047ba      0x288 /home/xxx/Escritorio/stm32/test_adc_nucleo/Drivers/CMSIS/DSP_libraries/Lib/GCC/libarm_cortexM4lf_math.a(arm_cmplx_mag_f32.o)
 .debug_abbrev  0x00004a42      0x1dd /home/xxx/Escritorio/stm32/test_adc_nucleo/Drivers/CMSIS/DSP_libraries/Lib/GCC/libarm_cortexM4lf_math.a(arm_common_tables.o)
 .debug_abbrev  0x00004c1f      0x20b /home/xxx/Escritorio/stm32/test_adc_nucleo/Drivers/CMSIS/DSP_libraries/Lib/GCC/libarm_cortexM4lf_math.a(arm_cfft_radix8_f32.o)

.debug_aranges  0x00000000     0x16d0
 .debug_aranges
                0x00000000       0x20 ./Core/Src/fonts.o
 .debug_aranges
                0x00000020       0x20 ./Core/Src/freertos.o
 .debug_aranges
                0x00000040       0x78 ./Core/Src/main.o
 .debug_aranges
                0x000000b8      0x100 ./Core/Src/ssd1306.o
 .debug_aranges
                0x000001b8       0x40 ./Core/Src/stm32f4xx_hal_msp.o
 .debug_aranges
                0x000001f8       0x30 ./Core/Src/stm32f4xx_hal_timebase_tim.o
 .debug_aranges
                0x00000228       0x60 ./Core/Src/stm32f4xx_it.o
 .debug_aranges
                0x00000288       0x28 ./Core/Src/system_stm32f4xx.o
 .debug_aranges
                0x000002b0       0x28 ./Core/Startup/startup_stm32f401retx.o
 .debug_aranges
                0x000002d8       0xf0 ./Drivers/STM32F4xx_HAL_Driver/Src/stm32f4xx_hal.o
 .debug_aranges
                0x000003c8       0xe8 ./Drivers/STM32F4xx_HAL_Driver/Src/stm32f4xx_hal_adc.o
 .debug_aranges
                0x000004b0       0x90 ./Drivers/STM32F4xx_HAL_Driver/Src/stm32f4xx_hal_adc_ex.o
 .debug_aranges
                0x00000540      0x118 ./Drivers/STM32F4xx_HAL_Driver/Src/stm32f4xx_hal_cortex.o
 .debug_aranges
                0x00000658       0x90 ./Drivers/STM32F4xx_HAL_Driver/Src/stm32f4xx_hal_dma.o
 .debug_aranges
                0x000006e8       0x58 ./Drivers/STM32F4xx_HAL_Driver/Src/stm32f4xx_hal_gpio.o
 .debug_aranges
                0x00000740      0x2a0 ./Drivers/STM32F4xx_HAL_Driver/Src/stm32f4xx_hal_i2c.o
 .debug_aranges
                0x000009e0       0x88 ./Drivers/STM32F4xx_HAL_Driver/Src/stm32f4xx_hal_rcc.o
 .debug_aranges
                0x00000a68      0x3d0 ./Drivers/STM32F4xx_HAL_Driver/Src/stm32f4xx_hal_tim.o
 .debug_aranges
                0x00000e38      0x168 ./Drivers/STM32F4xx_HAL_Driver/Src/stm32f4xx_hal_tim_ex.o
 .debug_aranges
                0x00000fa0      0x1d8 ./Middlewares/Third_Party/FreeRTOS/Source/CMSIS_RTOS/cmsis_os.o
 .debug_aranges
                0x00001178       0x40 ./Middlewares/Third_Party/FreeRTOS/Source/list.o
 .debug_aranges
                0x000011b8      0x108 ./Middlewares/Third_Party/FreeRTOS/Source/queue.o
 .debug_aranges
                0x000012c0      0x1b8 ./Middlewares/Third_Party/FreeRTOS/Source/tasks.o
 .debug_aranges
                0x00001478       0x80 ./Middlewares/Third_Party/FreeRTOS/Source/portable/GCC/ARM_CM4F/port.o
 .debug_aranges
                0x000014f8       0x58 ./Middlewares/Third_Party/FreeRTOS/Source/portable/MemMang/heap_4.o
 .debug_aranges
                0x00001550       0x20 /home/xxx/Escritorio/stm32/test_adc_nucleo/Drivers/CMSIS/DSP_libraries/Lib/GCC/libarm_cortexM4lf_math.a(arm_mean_f32.o)
 .debug_aranges
                0x00001570       0x20 /home/xxx/Escritorio/stm32/test_adc_nucleo/Drivers/CMSIS/DSP_libraries/Lib/GCC/libarm_cortexM4lf_math.a(arm_max_f32.o)
 .debug_aranges
                0x00001590       0x60 /home/xxx/Escritorio/stm32/test_adc_nucleo/Drivers/CMSIS/DSP_libraries/Lib/GCC/libarm_cortexM4lf_math.a(arm_rfft_fast_init_f32.o)
 .debug_aranges
                0x000015f0       0x30 /home/xxx/Escritorio/stm32/test_adc_nucleo/Drivers/CMSIS/DSP_libraries/Lib/GCC/libarm_cortexM4lf_math.a(arm_rfft_fast_f32.o)
 .debug_aranges
                0x00001620       0x30 /home/xxx/Escritorio/stm32/test_adc_nucleo/Drivers/CMSIS/DSP_libraries/Lib/GCC/libarm_cortexM4lf_math.a(arm_cfft_f32.o)
 .debug_aranges
                0x00001650       0x28 /home/xxx/Escritorio/stm32/test_adc_nucleo/Drivers/CMSIS/DSP_libraries/Lib/GCC/libarm_cortexM4lf_math.a(arm_bitreversal2.o)
 .debug_aranges
                0x00001678       0x20 /home/xxx/Escritorio/stm32/test_adc_nucleo/Drivers/CMSIS/DSP_libraries/Lib/GCC/libarm_cortexM4lf_math.a(arm_cmplx_mag_f32.o)
 .debug_aranges
                0x00001698       0x18 /home/xxx/Escritorio/stm32/test_adc_nucleo/Drivers/CMSIS/DSP_libraries/Lib/GCC/libarm_cortexM4lf_math.a(arm_common_tables.o)
 .debug_aranges
                0x000016b0       0x20 /home/xxx/Escritorio/stm32/test_adc_nucleo/Drivers/CMSIS/DSP_libraries/Lib/GCC/libarm_cortexM4lf_math.a(arm_cfft_radix8_f32.o)

.debug_rnglists
                0x00000000     0x10a3
 .debug_rnglists
                0x00000000       0x13 ./Core/Src/fonts.o
 .debug_rnglists
                0x00000013       0x13 ./Core/Src/freertos.o
 .debug_rnglists
                0x00000026       0x5b ./Core/Src/main.o
 .debug_rnglists
                0x00000081       0xc9 ./Core/Src/ssd1306.o
 .debug_rnglists
                0x0000014a       0x2d ./Core/Src/stm32f4xx_hal_msp.o
 .debug_rnglists
                0x00000177       0x20 ./Core/Src/stm32f4xx_hal_timebase_tim.o
 .debug_rnglists
                0x00000197       0x43 ./Core/Src/stm32f4xx_it.o
 .debug_rnglists
                0x000001da       0x1a ./Core/Src/system_stm32f4xx.o
 .debug_rnglists
                0x000001f4       0x19 ./Core/Startup/startup_stm32f401retx.o
 .debug_rnglists
                0x0000020d       0xaf ./Drivers/STM32F4xx_HAL_Driver/Src/stm32f4xx_hal.o
 .debug_rnglists
                0x000002bc       0xb5 ./Drivers/STM32F4xx_HAL_Driver/Src/stm32f4xx_hal_adc.o
 .debug_rnglists
                0x00000371       0x71 ./Drivers/STM32F4xx_HAL_Driver/Src/stm32f4xx_hal_adc_ex.o
 .debug_rnglists
                0x000003e2       0xce ./Drivers/STM32F4xx_HAL_Driver/Src/stm32f4xx_hal_cortex.o
 .debug_rnglists
                0x000004b0       0x70 ./Drivers/STM32F4xx_HAL_Driver/Src/stm32f4xx_hal_dma.o
 .debug_rnglists
                0x00000520       0x3f ./Drivers/STM32F4xx_HAL_Driver/Src/stm32f4xx_hal_gpio.o
 .debug_rnglists
                0x0000055f      0x23f ./Drivers/STM32F4xx_HAL_Driver/Src/stm32f4xx_hal_i2c.o
 .debug_rnglists
                0x0000079e       0x66 ./Drivers/STM32F4xx_HAL_Driver/Src/stm32f4xx_hal_rcc.o
 .debug_rnglists
                0x00000804      0x31a ./Drivers/STM32F4xx_HAL_Driver/Src/stm32f4xx_hal_tim.o
 .debug_rnglists
                0x00000b1e      0x125 ./Drivers/STM32F4xx_HAL_Driver/Src/stm32f4xx_hal_tim_ex.o
 .debug_rnglists
                0x00000c43      0x16a ./Middlewares/Third_Party/FreeRTOS/Source/CMSIS_RTOS/cmsis_os.o
 .debug_rnglists
                0x00000dad       0x2b ./Middlewares/Third_Party/FreeRTOS/Source/list.o
 .debug_rnglists
                0x00000dd8       0xcd ./Middlewares/Third_Party/FreeRTOS/Source/queue.o
 .debug_rnglists
                0x00000ea5      0x15f ./Middlewares/Third_Party/FreeRTOS/Source/tasks.o
 .debug_rnglists
                0x00001004       0x5d ./Middlewares/Third_Party/FreeRTOS/Source/portable/GCC/ARM_CM4F/port.o
 .debug_rnglists
                0x00001061       0x42 ./Middlewares/Third_Party/FreeRTOS/Source/portable/MemMang/heap_4.o

.debug_macro    0x00000000    0x1a24c
 .debug_macro   0x00000000      0x2dd ./Core/Src/fonts.o
 .debug_macro   0x000002dd      0xab4 ./Core/Src/fonts.o
 .debug_macro   0x00000d91      0x2a1 ./Core/Src/fonts.o
 .debug_macro   0x00001032       0x2e ./Core/Src/fonts.o
 .debug_macro   0x00001060       0x28 ./Core/Src/fonts.o
 .debug_macro   0x00001088       0x22 ./Core/Src/fonts.o
 .debug_macro   0x000010aa       0x8e ./Core/Src/fonts.o
 .debug_macro   0x00001138       0x51 ./Core/Src/fonts.o
 .debug_macro   0x00001189      0x103 ./Core/Src/fonts.o
 .debug_macro   0x0000128c       0x6a ./Core/Src/fonts.o
 .debug_macro   0x000012f6      0x1df ./Core/Src/fonts.o
 .debug_macro   0x000014d5       0x1c ./Core/Src/fonts.o
 .debug_macro   0x000014f1       0x22 ./Core/Src/fonts.o
 .debug_macro   0x00001513       0xd9 ./Core/Src/fonts.o
 .debug_macro   0x000015ec     0x102d ./Core/Src/fonts.o
 .debug_macro   0x00002619      0x11f ./Core/Src/fonts.o
 .debug_macro   0x00002738     0xb86c ./Core/Src/fonts.o
 .debug_macro   0x0000dfa4       0x6d ./Core/Src/fonts.o
 .debug_macro   0x0000e011     0x3666 ./Core/Src/fonts.o
 .debug_macro   0x00011677      0x189 ./Core/Src/fonts.o
 .debug_macro   0x00011800       0x5c ./Core/Src/fonts.o
 .debug_macro   0x0001185c      0x416 ./Core/Src/fonts.o
 .debug_macro   0x00011c72      0x9fe ./Core/Src/fonts.o
 .debug_macro   0x00012670      0x116 ./Core/Src/fonts.o
 .debug_macro   0x00012786       0xf8 ./Core/Src/fonts.o
 .debug_macro   0x0001287e       0xa5 ./Core/Src/fonts.o
 .debug_macro   0x00012923      0x15f ./Core/Src/fonts.o
 .debug_macro   0x00012a82      0x287 ./Core/Src/fonts.o
 .debug_macro   0x00012d09       0x5f ./Core/Src/fonts.o
 .debug_macro   0x00012d68      0x236 ./Core/Src/fonts.o
 .debug_macro   0x00012f9e      0x9e1 ./Core/Src/fonts.o
 .debug_macro   0x0001397f      0x38b ./Core/Src/fonts.o
 .debug_macro   0x00013d0a      0x176 ./Core/Src/fonts.o
 .debug_macro   0x00013e80       0xf9 ./Core/Src/fonts.o
 .debug_macro   0x00013f79      0x132 ./Core/Src/fonts.o
 .debug_macro   0x000140ab      0x264 ./Core/Src/fonts.o
 .debug_macro   0x0001430f       0x2e ./Core/Src/fonts.o
 .debug_macro   0x0001433d      0x1b5 ./Core/Src/fonts.o
 .debug_macro   0x000144f2       0x22 ./Core/Src/fonts.o
 .debug_macro   0x00014514       0xd6 ./Core/Src/fonts.o
 .debug_macro   0x000145ea      0x11a ./Core/Src/fonts.o
 .debug_macro   0x00014704       0x85 ./Core/Src/fonts.o
 .debug_macro   0x00014789       0x89 ./Core/Src/fonts.o
 .debug_macro   0x00014812      0x8d1 ./Core/Src/fonts.o
 .debug_macro   0x000150e3       0x47 ./Core/Src/fonts.o
 .debug_macro   0x0001512a      0x126 ./Core/Src/fonts.o
 .debug_macro   0x00015250       0x61 ./Core/Src/fonts.o
 .debug_macro   0x000152b1       0x2a ./Core/Src/fonts.o
 .debug_macro   0x000152db       0x43 ./Core/Src/fonts.o
 .debug_macro   0x0001531e       0x34 ./Core/Src/fonts.o
 .debug_macro   0x00015352       0x16 ./Core/Src/fonts.o
 .debug_macro   0x00015368       0x43 ./Core/Src/fonts.o
 .debug_macro   0x000153ab       0x34 ./Core/Src/fonts.o
 .debug_macro   0x000153df       0x10 ./Core/Src/fonts.o
 .debug_macro   0x000153ef       0x58 ./Core/Src/fonts.o
 .debug_macro   0x00015447       0x8e ./Core/Src/fonts.o
 .debug_macro   0x000154d5       0x1c ./Core/Src/fonts.o
 .debug_macro   0x000154f1      0x177 ./Core/Src/fonts.o
 .debug_macro   0x00015668      0x369 ./Core/Src/fonts.o
 .debug_macro   0x000159d1       0x10 ./Core/Src/fonts.o
 .debug_macro   0x000159e1       0x35 ./Core/Src/fonts.o
 .debug_macro   0x00015a16       0x20 ./Core/Src/fonts.o
 .debug_macro   0x00015a36      0x314 ./Core/Src/freertos.o
 .debug_macro   0x00015d4a       0xf1 ./Core/Src/freertos.o
 .debug_macro   0x00015e3b      0x15a ./Core/Src/freertos.o
 .debug_macro   0x00015f95       0xde ./Core/Src/freertos.o
 .debug_macro   0x00016073       0x1c ./Core/Src/freertos.o
 .debug_macro   0x0001608f       0x26 ./Core/Src/freertos.o